68K GAS  filetyps.s 			page 1


   1               	#
   2               	#       CP/M-68K table driven file search module
   3               	#       ========================================
   4               	#
   5               	
   6               	#       GLOBALS
   7               	
   8               	
   9               	        .globl load_tbl            	/* loader table  */
  10               	        .globl load68k                 /* default load program */
  11               	        .globl init_tbl                 /* initializes table on COLD BOOT */
  12               	
  13               	        .text
  14               	#************************************************************************
  15               	#                                                                       /* */
  16               	#       This is the DUAL PROCESSOR,ROMABLE version of CP/M-68K          /* */
  17               	#       ======================================================          /* */
  18               	#                                                                       /* */
  19               	#       (c) Copyright Digital Research 1983                             /* */
  20               	#       all rights reserved                                             /* */
  21               	#                                                                       /* */
  22               	#************************************************************************
  23               	
  24               	#
  25               	#       The following code allows CP/M-68K to be ROM-able. */
  26               	#       -------------------------------------------------
  27               	#
  28               	
  29               	init_tbl:
  30 0000 23FC 0000 	        move.l  #typ1,typ1p
  30      0000 0000 
  30      0000 
  31 000a 23FC 0000 	        move.l  #typ2,typ2p             /* init the pointers to the filetypes */
  31      0000 0000 
  31      0000 
  32 0014 23FC 0000 	        move.l  #typ3,typ3p
  32      0000 0000 
  32      0000 
  33 001e 23FC 0000 	        move.l  #null,typ4p
  33      0000 0000 
  33      0000 
  34               	
  35 0028 23FC 0000 	        move.l  #load68k,pgld1
  35      0000 0000 
  35      0000 
  36 0032 23FC 0000 	        move.l  #load68k,pgld2         /* init the pointers to the loaders */
  36      0000 0000 
  36      0000 
  37 003c 23FC 0000 	        move.l  #load68k,pgld3
  37      0000 0000 
  37      0000 
  38 0046 23FC 0000 	        move.l  #load68k,pgld4
  38      0000 0000 
  38      0000 
  39               	
  40 0050 4E75      	        rts
  41               	        .bss
68K GAS  filetyps.s 			page 2


  42               	        .even
  43               		.page
68K GAS  filetyps.s 			page 3


  44               	#************************************************************************
  45               	#                                                                       /* */
  46               	#                         CP/M-68K LOADER TABLE                         /* */
  47               	#                         =====================                         /* */
  48               	#                                                                       /* */
  49               	#-----------------------------------------------------------------------*
  50               	#                                                                       /* */
  51               	#       STRUCTURE OF A LOADER TABLE ENTRY:                              /* */
  52               	#       =================================                               /* */
  53               	#                                                                       /* */
  54               	#       (1)  LONG WORD pointer to a filetype                            /* */
  55               	#       (2)  LONG WORD address of the program loader for the above type *
  56               	#       (3)  BYTE flag #1                                               /* */
  57               	#       (4)  BYTE flag #2                                               /* */
  58               	#                                                                       /* */
  59               	#************************************************************************
  60               	
  61               	
  62               	load_tbl:
  63 0000 0000 0000 	typ1p:  .ds.l   1
  64 0004 0000 0000 	pgld1:  .ds.l   1
  65 0008 00        	        .ds.b   1
  66 0009 00        	        .ds.b   1
  67 000a 0000 0000 	typ2p:  .ds.l   1
  68 000e 0000 0000 	pgld2:  .ds.l   1
  69 0012 00        	        .ds.b   1
  70 0013 00        	        .ds.b   1
  71 0014 0000 0000 	typ3p:  .ds.l   1
  72 0018 0000 0000 	pgld3:  .ds.l   1
  73 001c 00        	        .ds.b   1
  74 001d 00        	        .ds.b   1
  75 001e 0000 0000 	typ4p:  .ds.l   1
  76 0022 0000 0000 	pgld4:  .ds.l   1
  77 0026 00        	        .ds.b   1
  78 0027 00        	        .ds.b   1
  79               	
  80               	
  81               	#****************************************
  82               	#                                       /* */
  83               	#            FILETYPE TABLE             /* */
  84               	#            ==============             /* */
  85               	#                                       /* */
  86               	#****************************************
  87               	
  88               	
  89               	        .data
  90               	        .even
  91 0000 3638 4B00 	typ1:   .asciz  "68K"
  92               	        .even
  93 0004 2020 2000 	typ2:   .asciz  "   "
  94               	        .even
  95 0008 5355 4200 	typ3:   .asciz  "SUB"
  96               	        .even
  97 000c 0000 0000 	null:   .dc.l   0
  98               	
  99               	
 100               		.end
68K GAS  filetyps.s 			page 4


68K GAS  filetyps.s 			page 5


DEFINED SYMBOLS
                            *ABS*:00000001 RETAIL
                            *ABS*:000109a0 M68000
          filetyps.s:62     .bss:00000000 load_tbl
          filetyps.s:29     .text:00000000 init_tbl
          filetyps.s:91     .data:00000000 typ1
          filetyps.s:63     .bss:00000000 typ1p
          filetyps.s:93     .data:00000004 typ2
          filetyps.s:67     .bss:0000000a typ2p
          filetyps.s:95     .data:00000008 typ3
          filetyps.s:71     .bss:00000014 typ3p
          filetyps.s:97     .data:0000000c null
          filetyps.s:75     .bss:0000001e typ4p
          filetyps.s:64     .bss:00000004 pgld1
          filetyps.s:68     .bss:0000000e pgld2
          filetyps.s:72     .bss:00000018 pgld3
          filetyps.s:76     .bss:00000022 pgld4

UNDEFINED SYMBOLS
load68k
