68K GAS  n8io.s 			page 1


   1               	#NO_APP
   2               		.file	"n8io.c"
   3               		.text
   4               		.align	2
   5               		.globl	cpm_memset
   6               		.type	cpm_memset, @function
   7               	cpm_memset:
   8 0000 4E56 0000 		link.w %fp,#0
   9 0004 2F02      		move.l %d2,-(%sp)
  10 0006 202E 0008 		move.l 8(%fp),%d0
  11 000a 242E 000C 		move.l 12(%fp),%d2
  12 000e 222E 0010 		move.l 16(%fp),%d1
  13 0012 2040      		move.l %d0,%a0
  14 0014 6002      		jbra .L2
  15               	.L3:
  16 0016 10C2      		move.b %d2,(%a0)+
  17               	.L2:
  18 0018 51C9 FFFC 		dbra %d1,.L3
  19 001c 4241      		clr.w %d1
  20 001e 5381      		subq.l #1,%d1
  21 0020 64F4      		jbcc .L3
  22 0022 241F      		move.l (%sp)+,%d2
  23 0024 4E5E      		unlk %fp
  24 0026 4E75      		rts
  25               		.size	cpm_memset, .-cpm_memset
  26               		.align	2
  27               		.globl	cpm_memcpy
  28               		.type	cpm_memcpy, @function
  29               	cpm_memcpy:
  30 0028 4E56 0000 		link.w %fp,#0
  31 002c 202E 0008 		move.l 8(%fp),%d0
  32 0030 226E 000C 		move.l 12(%fp),%a1
  33 0034 222E 0010 		move.l 16(%fp),%d1
  34 0038 2040      		move.l %d0,%a0
  35 003a 6002      		jbra .L7
  36               	.L8:
  37 003c 10D9      		move.b (%a1)+,(%a0)+
  38               	.L7:
  39 003e 51C9 FFFC 		dbra %d1,.L8
  40 0042 4241      		clr.w %d1
  41 0044 5381      		subq.l #1,%d1
  42 0046 64F4      		jbcc .L8
  43 0048 4E5E      		unlk %fp
  44 004a 4E75      		rts
  45               		.size	cpm_memcpy, .-cpm_memcpy
  46               		.align	2
  47               		.globl	disk_drive_select
  48               		.type	disk_drive_select, @function
  49               	disk_drive_select:
  50 004c 4E56 0000 		link.w %fp,#0
  51 0050 102E 000B 		move.b 11(%fp),%d0
  52 0054 0C00 000F 		cmp.b #15,%d0
  53 0058 6224      		jbhi .L12
  54 005a 0240 00FF 		and.w #255,%d0
  55 005e 33C0 0000 		move.w %d0,current_drive
  55      0000 
  56 0064 48C0      		ext.l %d0
68K GAS  n8io.s 			page 2


  57 0066 41F9 0000 		lea partition+8,%a0
  57      0000 
  58 006c E988      		lsl.l #4,%d0
  59 006e 3270 0800 		move.w (%a0,%d0.l),%a1
  60 0072 3209      		move.w %a1,%d1
  61 0074 4841      		swap %d1
  62 0076 3230 0802 		mov.w 2(%a0,%d0.l),%d1
  63 007a 2001      		move.l %d1,%d0
  64 007c 600A      		jbra .L14
  65               	.L12:
  66 007e 33FC FFFF 		move.w #-1,current_drive
  66      0000 0000 
  67 0086 7000      		moveq #0,%d0
  68               	.L14:
  69 0088 4E5E      		unlk %fp
  70 008a 4E75      		rts
  71               		.size	disk_drive_select, .-disk_drive_select
  72               		.align	2
  73               		.globl	lru_update
  74               		.type	lru_update, @function
  75               	lru_update:
  76 008c 4E56 0000 		link.w %fp,#0
  77 0090 302E 000A 		move.w 10(%fp),%d0
  78 0094 3040      		move.w %d0,%a0
  79 0096 D1FC 0000 		add.l #lru,%a0
  79      0000 
  80 009c 1210      		move.b (%a0),%d1
  81 009e 6006      		jbra .L17
  82               	.L18:
  83 00a0 10A8 FFFF 		move.b -1(%a0),(%a0)
  84 00a4 5388      		subq.l #1,%a0
  85               	.L17:
  86 00a6 51C8 FFF8 		dbra %d0,.L18
  87 00aa 13C1 0000 		move.b %d1,lru
  87      0000 
  88 00b0 4E5E      		unlk %fp
  89 00b2 4E75      		rts
  90               		.size	lru_update, .-lru_update
  91               		.align	2
  92               		.globl	disk_set_track
  93               		.type	disk_set_track, @function
  94               	disk_set_track:
  95 00b4 4E56 0000 		link.w %fp,#0
  96 00b8 33EE 000A 		move.w 10(%fp),current_track
  96      0000 0000 
  97 00c0 7000      		moveq #0,%d0
  98 00c2 4E5E      		unlk %fp
  99 00c4 4E75      		rts
 100               		.size	disk_set_track, .-disk_set_track
 101               		.align	2
 102               		.globl	disk_set_sector
 103               		.type	disk_set_sector, @function
 104               	disk_set_sector:
 105 00c6 4E56 0000 		link.w %fp,#0
 106 00ca 33EE 000A 		move.w 10(%fp),current_sector
 106      0000 0000 
 107 00d2 7000      		moveq #0,%d0
68K GAS  n8io.s 			page 3


 108 00d4 4E5E      		unlk %fp
 109 00d6 4E75      		rts
 110               		.size	disk_set_sector, .-disk_set_sector
 111               		.align	2
 112               		.globl	disk_set_DMA_address
 113               		.type	disk_set_DMA_address, @function
 114               	disk_set_DMA_address:
 115 00d8 4E56 0000 		link.w %fp,#0
 116 00dc 23EE 0008 		move.l 8(%fp),DMA_address
 116      0000 0000 
 117 00e4 7000      		moveq #0,%d0
 118 00e6 4E5E      		unlk %fp
 119 00e8 4E75      		rts
 120               		.size	disk_set_DMA_address, .-disk_set_DMA_address
 121               		.align	2
 122               		.globl	log2
 123               		.type	log2, @function
 124               	log2:
 125 00ea 4E56 0000 		link.w %fp,#0
 126 00ee 222E 0008 		move.l 8(%fp),%d1
 127 00f2 2001      		move.l %d1,%d0
 128 00f4 5380      		subq.l #1,%d0
 129 00f6 C081      		and.l %d1,%d0
 130 00f8 57C0      		seq %d0
 131 00fa 4880      		ext.w %d0
 132 00fc 3040      		move.w %d0,%a0
 133 00fe 6004      		jbra .L28
 134               	.L29:
 135 0100 5288      		addq.l #1,%a0
 136 0102 E289      		lsr.l #1,%d1
 137               	.L28:
 138 0104 4A81      		tst.l %d1
 139 0106 66F8      		jbne .L29
 140 0108 2008      		move.l %a0,%d0
 141 010a 4E5E      		unlk %fp
 142 010c 4E75      		rts
 143               		.size	log2, .-log2
 144               		.align	2
 145               		.globl	disk_home
 146               		.type	disk_home, @function
 147               	disk_home:
 148 010e 4E56 0000 		link.w %fp,#0
 149 0112 3039 0000 		move.w current_drive,%d0
 149      0000 
 150 0118 48C0      		ext.l %d0
 151 011a E988      		lsl.l #4,%d0
 152 011c 41F9 0000 		lea partition,%a0
 152      0000 
 153 0122 3070 080C 		move.w 12(%a0,%d0.l),%a0
 154 0126 2F08      		move.l %a0,-(%sp)
 155 0128 4EB9 0000 		jbsr _disk_reset
 155      0000 
 156 012e 7000      		moveq #0,%d0
 157 0130 4E5E      		unlk %fp
 158 0132 4E75      		rts
 159               		.size	disk_home, .-disk_home
 160               		.align	2
68K GAS  n8io.s 			page 4


 161               		.globl	purge_to_disk
 162               		.type	purge_to_disk, @function
 163               	purge_to_disk:
 164 0134 4E56 0000 		link.w %fp,#0
 165 0138 2F0A      		move.l %a2,-(%sp)
 166 013a 2F02      		move.l %d2,-(%sp)
 167 013c 222E 0008 		move.l 8(%fp),%d1
 168 0140 2001      		move.l %d1,%d0
 169 0142 D081      		add.l %d1,%d0
 170 0144 D081      		add.l %d1,%d0
 171 0146 2040      		move.l %d0,%a0
 172 0148 D1C0      		add.l %d0,%a0
 173 014a 2448      		move.l %a0,%a2
 174 014c D5FC 0000 		add.l #content,%a2
 174      0000 
 175 0152 7000      		moveq #0,%d0
 176 0154 102A 0005 		move.b 5(%a2),%d0
 177 0158 0800 0004 		btst #4,%d0
 178 015c 673C      		jbeq .L35
 179 015e 740F      		moveq #15,%d2
 180 0160 C082      		and.l %d2,%d0
 181 0162 6736      		jbeq .L35
 182 0164 7009      		moveq #9,%d0
 183 0166 E1A9      		lsl.l %d0,%d1
 184 0168 0681 0000 		add.l #buffer,%d1
 184      0000 
 185 016e 2F01      		move.l %d1,-(%sp)
 186 0170 3412      		move.w (%a2),%d2
 187 0172 3202      		move.w %d2,%d1
 188 0174 4841      		swap %d1
 189 0176 322A 0002 		mov.w 2(%a2),%d1
 190 017a 2F01      		move.l %d1,-(%sp)
 191 017c 7000      		moveq #0,%d0
 192 017e 102A 0004 		move.b 4(%a2),%d0
 193 0182 2F00      		move.l %d0,-(%sp)
 194 0184 4EB9 0000 		jbsr _write_sector
 194      0000 
 195 018a 23C0 0000 		move.l %d0,errno
 195      0000 
 196 0190 022A FFF0 		and.b #-16,5(%a2)
 196      0005 
 197 0196 4FEF 000C 		lea (12,%sp),%sp
 198               	.L35:
 199 019a 7000      		moveq #0,%d0
 200 019c 242E FFF8 		move.l -8(%fp),%d2
 201 01a0 246E FFFC 		move.l -4(%fp),%a2
 202 01a4 4E5E      		unlk %fp
 203 01a6 4E75      		rts
 204               		.size	purge_to_disk, .-purge_to_disk
 205               		.align	2
 206               		.globl	disk_flush_buffers
 207               		.type	disk_flush_buffers, @function
 208               	disk_flush_buffers:
 209 01a8 4E56 0000 		link.w %fp,#0
 210 01ac 2F03      		move.l %d3,-(%sp)
 211 01ae 2F02      		move.l %d2,-(%sp)
 212 01b0 7400      		moveq #0,%d2
68K GAS  n8io.s 			page 5


 213 01b2 7600      		moveq #0,%d3
 214               	.L40:
 215 01b4 2F02      		move.l %d2,-(%sp)
 216 01b6 6100 FF7C 		jbsr purge_to_disk
 217 01ba 588F      		addq.l #4,%sp
 218 01bc 4AB9 0000 		tst.l errno
 218      0000 
 219 01c2 6702      		jbeq .L41
 220 01c4 76FF      		moveq #-1,%d3
 221               	.L41:
 222 01c6 5282      		addq.l #1,%d2
 223 01c8 700C      		moveq #12,%d0
 224 01ca B082      		cmp.l %d2,%d0
 225 01cc 66E6      		jbne .L40
 226 01ce 2003      		move.l %d3,%d0
 227 01d0 242E FFF8 		move.l -8(%fp),%d2
 228 01d4 262E FFFC 		move.l -4(%fp),%d3
 229 01d8 4E5E      		unlk %fp
 230 01da 4E75      		rts
 231               		.size	disk_flush_buffers, .-disk_flush_buffers
 232               		.align	2
 233               		.globl	get_into_memory
 234               		.type	get_into_memory, @function
 235               	get_into_memory:
 236 01dc 4E56 0000 		link.w %fp,#0
 237 01e0 48E7 3830 		movm.l #0x3830,-(%sp)
 238 01e4 262E 000C 		move.l 12(%fp),%d3
 239 01e8 342E 000A 		move.w 10(%fp),%d2
 240 01ec 382E 0012 		move.w 18(%fp),%d4
 241 01f0 7200      		moveq #0,%d1
 242               	.L48:
 243 01f2 41F9 0000 		lea lru,%a0
 243      0000 
 244 01f8 1030 1800 		move.b (%a0,%d1.l),%d0
 245 01fc 4880      		ext.w %d0
 246 01fe 3640      		move.w %d0,%a3
 247 0200 41F3 B800 		lea (%a3,%a3.l),%a0
 248 0204 D1CB      		add.l %a3,%a0
 249 0206 D1C8      		add.l %a0,%a0
 250 0208 D1FC 0000 		add.l #content,%a0
 250      0000 
 251 020e 0828 0004 		btst #4,5(%a0)
 251      0005 
 252 0214 671A      		jbeq .L49
 253 0216 3250      		move.w (%a0),%a1
 254 0218 3009      		move.w %a1,%d0
 255 021a 4840      		swap %d0
 256 021c 3028 0002 		mov.w 2(%a0),%d0
 257 0220 B680      		cmp.l %d0,%d3
 258 0222 660C      		jbne .L49
 259 0224 7000      		moveq #0,%d0
 260 0226 1028 0004 		move.b 4(%a0),%d0
 261 022a 3042      		move.w %d2,%a0
 262 022c B1C0      		cmp.l %d0,%a0
 263 022e 675E      		jbeq .L60
 264               	.L49:
 265 0230 5281      		addq.l #1,%d1
68K GAS  n8io.s 			page 6


 266 0232 700C      		moveq #12,%d0
 267 0234 B081      		cmp.l %d1,%d0
 268 0236 66BA      		jbne .L48
 269 0238 1039 0000 		move.b lru+11,%d0
 269      0000 
 270 023e 4880      		ext.w %d0
 271 0240 3640      		move.w %d0,%a3
 272 0242 41F3 B800 		lea (%a3,%a3.l),%a0
 273 0246 D1CB      		add.l %a3,%a0
 274 0248 D1C8      		add.l %a0,%a0
 275 024a 2448      		move.l %a0,%a2
 276 024c D5FC 0000 		add.l #content,%a2
 276      0000 
 277 0252 2F0B      		move.l %a3,-(%sp)
 278 0254 6100 FEDE 		jbsr purge_to_disk
 279 0258 422A 0005 		clr.b 5(%a2)
 280 025c 588F      		addq.l #4,%sp
 281 025e 200B      		move.l %a3,%d0
 282 0260 7209      		moveq #9,%d1
 283 0262 E3A8      		lsl.l %d1,%d0
 284 0264 4A44      		tst.w %d4
 285 0266 662C      		jbne .L55
 286 0268 0680 0000 		add.l #buffer,%d0
 286      0000 
 287 026e 2F00      		move.l %d0,-(%sp)
 288 0270 2F03      		move.l %d3,-(%sp)
 289 0272 3042      		move.w %d2,%a0
 290 0274 2F08      		move.l %a0,-(%sp)
 291 0276 4EB9 0000 		jbsr _read_sector
 291      0000 
 292 027c 23C0 0000 		move.l %d0,errno
 292      0000 
 293 0282 4FEF 000C 		lea (12,%sp),%sp
 294 0286 672E      		jbeq .L57
 295 0288 367C FFFF 		move.w #-1,%a3
 296 028c 6048      		jbra .L53
 297               	.L60:
 298 028e 3241      		move.w %d1,%a1
 299 0290 2F09      		move.l %a1,-(%sp)
 300 0292 603C      		jbra .L63
 301               	.L55:
 302 0294 42B9 0000 		clr.l errno
 302      0000 
 303 029a 4878 0200 		pea 512.w
 304 029e 42A7      		clr.l -(%sp)
 305 02a0 0680 0000 		add.l #buffer,%d0
 305      0000 
 306 02a6 2F00      		move.l %d0,-(%sp)
 307 02a8 6100 FD56 		jbsr cpm_memset
 308 02ac 002A 000F 		or.b #15,5(%a2)
 308      0005 
 309 02b2 4FEF 000C 		lea (12,%sp),%sp
 310               	.L57:
 311 02b6 002A 0010 		or.b #16,5(%a2)
 311      0005 
 312 02bc 1542 0004 		move.b %d2,4(%a2)
 313 02c0 2003      		move.l %d3,%d0
68K GAS  n8io.s 			page 7


 314 02c2 4240      		clr.w %d0
 315 02c4 4840      		swap %d0
 316 02c6 3480      		move.w %d0,(%a2)
 317 02c8 3543 0002 		move.w %d3,2(%a2)
 318 02cc 4878 000B 		pea 11.w
 319               	.L63:
 320 02d0 6100 FDBA 		jbsr lru_update
 321 02d4 588F      		addq.l #4,%sp
 322               	.L53:
 323 02d6 200B      		move.l %a3,%d0
 324 02d8 4CEE 0C1C 		movm.l -20(%fp),#0xc1c
 324      FFEC 
 325 02de 4E5E      		unlk %fp
 326 02e0 4E75      		rts
 327               		.size	get_into_memory, .-get_into_memory
 328               		.globl	__udivsi3
 329               		.align	2
 330               		.globl	disk_write_sector
 331               		.type	disk_write_sector, @function
 332               	disk_write_sector:
 333 02e2 4E56 0000 		link.w %fp,#0
 334 02e6 48E7 3E38 		movm.l #0x3e38,-(%sp)
 335 02ea 3C2E 000A 		move.w 10(%fp),%d6
 336 02ee 3039 0000 		move.w current_drive,%d0
 336      0000 
 337 02f4 48C0      		ext.l %d0
 338 02f6 E988      		lsl.l #4,%d0
 339 02f8 2440      		move.l %d0,%a2
 340 02fa D5FC 0000 		add.l #partition,%a2
 340      0000 
 341 0300 322A 0008 		move.w 8(%a2),%d1
 342 0304 3001      		move.w %d1,%d0
 343 0306 4840      		swap %d0
 344 0308 302A 000A 		mov.w 10(%a2),%d0
 345 030c 2040      		move.l %d0,%a0
 346 030e 3228 000E 		move.w 14(%a0),%d1
 347 0312 3001      		move.w %d1,%d0
 348 0314 4840      		swap %d0
 349 0316 3028 0010 		mov.w 16(%a0),%d0
 350 031a 2640      		move.l %d0,%a3
 351 031c 3439 0000 		move.w current_track,%d2
 351      0000 
 352 0322 3213      		move.w (%a3),%d1
 353 0324 3039 0000 		move.w current_sector,%d0
 353      0000 
 354 032a 362A 000C 		move.w 12(%a2),%d3
 355 032e 0C43 0064 		cmp.w #100,%d3
 356 0332 6E00 013E 		jbgt .L65
 357 0336 C2C2      		mulu.w %d2,%d1
 358 0338 0280 0000 		and.l #65535,%d0
 358      FFFF 
 359 033e 2801      		move.l %d1,%d4
 360 0340 D880      		add.l %d0,%d4
 361 0342 0C43 0064 		cmp.w #100,%d3
 362 0346 663C      		jbne .L67
 363 0348 306A 0004 		move.w 4(%a2),%a0
 364 034c 3008      		move.w %a0,%d0
68K GAS  n8io.s 			page 8


 365 034e 4840      		swap %d0
 366 0350 302A 0006 		mov.w 6(%a2),%d0
 367 0354 B084      		cmp.l %d4,%d0
 368 0356 6300 011A 		jbls .L65
 369 035a 4878 0080 		pea 128.w
 370 035e 2F39 0000 		move.l DMA_address,-(%sp)
 370      0000 
 371 0364 3212      		move.w (%a2),%d1
 372 0366 3001      		move.w %d1,%d0
 373 0368 4840      		swap %d0
 374 036a 302A 0002 		mov.w 2(%a2),%d0
 375 036e EF8C      		lsl.l #7,%d4
 376 0370 2040      		move.l %d0,%a0
 377 0372 4870 4800 		pea (%a0,%d4.l)
 378 0376 6100 FCB0 		jbsr cpm_memcpy
 379 037a 7000      		moveq #0,%d0
 380 037c 4FEF 000C 		lea (12,%sp),%sp
 381 0380 6000 00F2 		jbra .L70
 382               	.L67:
 383 0384 302A 000E 		move.w 14(%a2),%d0
 384 0388 6C04      		jbge .L71
 385 038a 0640 007F 		add.w #127,%d0
 386               	.L71:
 387 038e EE40      		asr.w #7,%d0
 388 0390 3840      		move.w %d0,%a4
 389 0392 2F0C      		move.l %a4,-(%sp)
 390 0394 2F04      		move.l %d4,-(%sp)
 391 0396 4EB9 0000 		jbsr __udivsi3
 391      0000 
 392 039c 508F      		addq.l #8,%sp
 393 039e 2200      		move.l %d0,%d1
 394 03a0 306A 0004 		move.w 4(%a2),%a0
 395 03a4 3008      		move.w %a0,%d0
 396 03a6 4840      		swap %d0
 397 03a8 302A 0006 		mov.w 6(%a2),%d0
 398 03ac B081      		cmp.l %d1,%d0
 399 03ae 6300 00C2 		jbls .L65
 400 03b2 3052      		move.w (%a2),%a0
 401 03b4 3008      		move.w %a0,%d0
 402 03b6 4840      		swap %d0
 403 03b8 302A 0002 		mov.w 2(%a2),%d0
 404 03bc 2A01      		move.l %d1,%d5
 405 03be DA80      		add.l %d0,%d5
 406 03c0 0C46 0002 		cmp.w #2,%d6
 407 03c4 6638      		jbne .L73
 408 03c6 7000      		moveq #0,%d0
 409 03c8 102B 0002 		move.b 2(%a3),%d0
 410 03cc 5580      		subq.l #2,%d0
 411 03ce 7601      		moveq #1,%d3
 412 03d0 E1AB      		lsl.l %d0,%d3
 413 03d2 700C      		moveq #12,%d0
 414 03d4 9083      		sub.l %d3,%d0
 415 03d6 7202      		moveq #2,%d1
 416 03d8 B280      		cmp.l %d0,%d1
 417 03da 6C22      		jbge .L73
 418 03dc 2405      		move.l %d5,%d2
 419 03de D483      		add.l %d3,%d2
68K GAS  n8io.s 			page 9


 420 03e0 6014      		jbra .L76
 421               	.L77:
 422 03e2 4878 0001 		pea 1.w
 423 03e6 2F02      		move.l %d2,-(%sp)
 424 03e8 306A 000C 		move.w 12(%a2),%a0
 425 03ec 2F08      		move.l %a0,-(%sp)
 426 03ee 6100 FDEC 		jbsr get_into_memory
 427 03f2 4FEF 000C 		lea (12,%sp),%sp
 428               	.L76:
 429 03f6 5383      		subq.l #1,%d3
 430 03f8 5382      		subq.l #1,%d2
 431 03fa 4A83      		tst.l %d3
 432 03fc 66E4      		jbne .L77
 433               	.L73:
 434 03fe 0C46 0002 		cmp.w #2,%d6
 435 0402 57C0      		seq %d0
 436 0404 4880      		ext.w %d0
 437 0406 48C0      		ext.l %d0
 438 0408 4480      		neg.l %d0
 439 040a 2F00      		move.l %d0,-(%sp)
 440 040c 2F05      		move.l %d5,-(%sp)
 441 040e 346A 000C 		move.w 12(%a2),%a2
 442 0412 2F0A      		move.l %a2,-(%sp)
 443 0414 6100 FDC6 		jbsr get_into_memory
 444 0418 2600      		move.l %d0,%d3
 445 041a 4FEF 000C 		lea (12,%sp),%sp
 446 041e 6D52      		jblt .L65
 447 0420 200C      		move.l %a4,%d0
 448 0422 5380      		subq.l #1,%d0
 449 0424 2404      		move.l %d4,%d2
 450 0426 C480      		and.l %d0,%d2
 451 0428 41F9 0000 		lea content+4,%a0
 451      0000 
 452 042e 2203      		move.l %d3,%d1
 453 0430 D283      		add.l %d3,%d1
 454 0432 2001      		move.l %d1,%d0
 455 0434 D083      		add.l %d3,%d0
 456 0436 D080      		add.l %d0,%d0
 457 0438 05F0 0801 		bset %d2,1(%a0,%d0.l)
 458 043c 4878 0080 		pea 128.w
 459 0440 2F39 0000 		move.l DMA_address,-(%sp)
 459      0000 
 460 0446 D281      		add.l %d1,%d1
 461 0448 D282      		add.l %d2,%d1
 462 044a EF89      		lsl.l #7,%d1
 463 044c 0681 0000 		add.l #buffer,%d1
 463      0000 
 464 0452 2F01      		move.l %d1,-(%sp)
 465 0454 6100 FBD2 		jbsr cpm_memcpy
 466 0458 4FEF 000C 		lea (12,%sp),%sp
 467 045c 0C46 0001 		cmp.w #1,%d6
 468 0460 6704      		jbeq .L79
 469 0462 7000      		moveq #0,%d0
 470 0464 600E      		jbra .L70
 471               	.L79:
 472 0466 2F03      		move.l %d3,-(%sp)
 473 0468 6100 FCCA 		jbsr purge_to_disk
68K GAS  n8io.s 			page 10


 474 046c 7000      		moveq #0,%d0
 475 046e 588F      		addq.l #4,%sp
 476 0470 6002      		jbra .L70
 477               	.L65:
 478 0472 7001      		moveq #1,%d0
 479               	.L70:
 480 0474 4CEE 1C7C 		movm.l -32(%fp),#0x1c7c
 480      FFE0 
 481 047a 4E5E      		unlk %fp
 482 047c 4E75      		rts
 483               		.size	disk_write_sector, .-disk_write_sector
 484               		.align	2
 485               		.globl	disk_read_sector
 486               		.type	disk_read_sector, @function
 487               	disk_read_sector:
 488 047e 4E56 0000 		link.w %fp,#0
 489 0482 48E7 3030 		movm.l #0x3030,-(%sp)
 490 0486 3039 0000 		move.w current_drive,%d0
 490      0000 
 491 048c 48C0      		ext.l %d0
 492 048e E988      		lsl.l #4,%d0
 493 0490 2440      		move.l %d0,%a2
 494 0492 D5FC 0000 		add.l #partition,%a2
 494      0000 
 495 0498 322A 0008 		move.w 8(%a2),%d1
 496 049c 3001      		move.w %d1,%d0
 497 049e 4840      		swap %d0
 498 04a0 302A 000A 		mov.w 10(%a2),%d0
 499 04a4 2040      		move.l %d0,%a0
 500 04a6 3228 000E 		move.w 14(%a0),%d1
 501 04aa 3001      		move.w %d1,%d0
 502 04ac 4840      		swap %d0
 503 04ae 3028 0010 		mov.w 16(%a0),%d0
 504 04b2 3239 0000 		move.w current_track,%d1
 504      0000 
 505 04b8 2040      		move.l %d0,%a0
 506 04ba C2D0      		mulu.w (%a0),%d1
 507 04bc 7000      		moveq #0,%d0
 508 04be 3039 0000 		move.w current_sector,%d0
 508      0000 
 509 04c4 2401      		move.l %d1,%d2
 510 04c6 D480      		add.l %d0,%d2
 511 04c8 362A 000C 		move.w 12(%a2),%d3
 512 04cc 0C43 0063 		cmp.w #99,%d3
 513 04d0 6F2A      		jble .L83
 514 04d2 322A 0004 		move.w 4(%a2),%d1
 515 04d6 3001      		move.w %d1,%d0
 516 04d8 4840      		swap %d0
 517 04da 302A 0006 		mov.w 6(%a2),%d0
 518 04de B082      		cmp.l %d2,%d0
 519 04e0 6300 0092 		jbls .L85
 520 04e4 4878 0080 		pea 128.w
 521 04e8 3052      		move.w (%a2),%a0
 522 04ea 3008      		move.w %a0,%d0
 523 04ec 4840      		swap %d0
 524 04ee 302A 0002 		mov.w 2(%a2),%d0
 525 04f2 EF8A      		lsl.l #7,%d2
68K GAS  n8io.s 			page 11


 526 04f4 2040      		move.l %d0,%a0
 527 04f6 4870 2800 		pea (%a0,%d2.l)
 528 04fa 6066      		jbra .L92
 529               	.L83:
 530 04fc 322A 000E 		move.w 14(%a2),%d1
 531 0500 6C04      		jbge .L88
 532 0502 0641 007F 		add.w #127,%d1
 533               	.L88:
 534 0506 EE41      		asr.w #7,%d1
 535 0508 3641      		move.w %d1,%a3
 536 050a 2F0B      		move.l %a3,-(%sp)
 537 050c 2F02      		move.l %d2,-(%sp)
 538 050e 4EB9 0000 		jbsr __udivsi3
 538      0000 
 539 0514 508F      		addq.l #8,%sp
 540 0516 2040      		move.l %d0,%a0
 541 0518 322A 0004 		move.w 4(%a2),%d1
 542 051c 3001      		move.w %d1,%d0
 543 051e 4840      		swap %d0
 544 0520 302A 0006 		mov.w 6(%a2),%d0
 545 0524 B088      		cmp.l %a0,%d0
 546 0526 634C      		jbls .L85
 547 0528 42A7      		clr.l -(%sp)
 548 052a 3212      		move.w (%a2),%d1
 549 052c 3001      		move.w %d1,%d0
 550 052e 4840      		swap %d0
 551 0530 302A 0002 		mov.w 2(%a2),%d0
 552 0534 4870 0800 		pea (%a0,%d0.l)
 553 0538 3043      		move.w %d3,%a0
 554 053a 2F08      		move.l %a0,-(%sp)
 555 053c 6100 FC9E 		jbsr get_into_memory
 556 0540 4FEF 000C 		lea (12,%sp),%sp
 557 0544 4A80      		tst.l %d0
 558 0546 6D2C      		jblt .L85
 559 0548 4878 0080 		pea 128.w
 560 054c D080      		add.l %d0,%d0
 561 054e D080      		add.l %d0,%d0
 562 0550 220B      		move.l %a3,%d1
 563 0552 5381      		subq.l #1,%d1
 564 0554 C481      		and.l %d1,%d2
 565 0556 D082      		add.l %d2,%d0
 566 0558 EF88      		lsl.l #7,%d0
 567 055a 0680 0000 		add.l #buffer,%d0
 567      0000 
 568 0560 2F00      		move.l %d0,-(%sp)
 569               	.L92:
 570 0562 2F39 0000 		move.l DMA_address,-(%sp)
 570      0000 
 571 0568 6100 FABE 		jbsr cpm_memcpy
 572 056c 7000      		moveq #0,%d0
 573 056e 4FEF 000C 		lea (12,%sp),%sp
 574 0572 6002      		jbra .L87
 575               	.L85:
 576 0574 7001      		moveq #1,%d0
 577               	.L87:
 578 0576 4CEE 0C0C 		movm.l -16(%fp),#0xc0c
 578      FFF0 
68K GAS  n8io.s 			page 12


 579 057c 4E5E      		unlk %fp
 580 057e 4E75      		rts
 581               		.size	disk_read_sector, .-disk_read_sector
 582               		.globl	__divsi3
 583               		.align	2
 584               		.globl	init_ramdisk
 585               		.type	init_ramdisk, @function
 586               	init_ramdisk:
 587 0580 4E56 0000 		link.w %fp,#0
 588 0584 48E7 3030 		movm.l #0x3030,-(%sp)
 589 0588 263C 0000 		move.l #_end,%d3
 589      0000 
 590 058e 0C83 0010 		cmp.l #1048576,%d3
 590      0000 
 591 0594 6C04      		jbge .L94
 592 0596 7610      		moveq #16,%d3
 593 0598 4843      		swap %d3
 594               	.L94:
 595 059a 4EB9 0000 		jbsr _get_hma
 595      0000 
 596 05a0 2200      		move.l %d0,%d1
 597 05a2 9283      		sub.l %d3,%d1
 598 05a4 0C81 0007 		cmp.l #511999,%d1
 598      CFFF 
 599 05aa 6F00 00DC 		jble .L103
 600 05ae 47F9 0000 		lea partition+16,%a3
 600      0000 
 601               	.L97:
 602 05b4 306B 0004 		move.w 4(%a3),%a0
 603 05b8 3008      		move.w %a0,%d0
 604 05ba 4840      		swap %d0
 605 05bc 302B 0006 		mov.w 6(%a3),%d0
 606 05c0 4A80      		tst.l %d0
 607 05c2 6720      		jbeq .L98
 608 05c4 306B 0008 		move.w 8(%a3),%a0
 609 05c8 3008      		move.w %a0,%d0
 610 05ca 4840      		swap %d0
 611 05cc 302B 000A 		mov.w 10(%a3),%d0
 612 05d0 4A80      		tst.l %d0
 613 05d2 6710      		jbeq .L98
 614 05d4 B7FC 0000 		cmp.l #partition+240,%a3
 614      0000 
 615 05da 6700 00AC 		jbeq .L103
 616 05de 47EB 0010 		lea (16,%a3),%a3
 617 05e2 60D0      		jbra .L97
 618               	.L98:
 619 05e4 2401      		move.l %d1,%d2
 620 05e6 0C81 0010 		cmp.l #1048576,%d1
 620      0000 
 621 05ec 6F04      		jble .L102
 622 05ee 7410      		moveq #16,%d2
 623 05f0 4842      		swap %d2
 624               	.L102:
 625 05f2 4878 0010 		pea 16.w
 626 05f6 4879 0000 		pea RAM_partition
 626      0000 
 627 05fc 2F0B      		move.l %a3,-(%sp)
68K GAS  n8io.s 			page 13


 628 05fe 6100 FA28 		jbsr cpm_memcpy
 629 0602 322B 0008 		move.w 8(%a3),%d1
 630 0606 3001      		move.w %d1,%d0
 631 0608 4840      		swap %d0
 632 060a 302B 000A 		mov.w 10(%a3),%d0
 633 060e 2040      		move.l %d0,%a0
 634 0610 3228 000E 		move.w 14(%a0),%d1
 635 0614 3001      		move.w %d1,%d0
 636 0616 4840      		swap %d0
 637 0618 3028 0010 		mov.w 16(%a0),%d0
 638 061c 2440      		move.l %d0,%a2
 639 061e 7200      		moveq #0,%d1
 640 0620 122A 0002 		move.b 2(%a2),%d1
 641 0624 707F      		moveq #127,%d0
 642 0626 4600      		not.b %d0
 643 0628 E3A8      		lsl.l %d1,%d0
 644 062a 2040      		move.l %d0,%a0
 645 062c 4868 FFFF 		pea -1(%a0)
 646 0630 2F02      		move.l %d2,-(%sp)
 647 0632 4EB9 0000 		jbsr __divsi3
 647      0000 
 648 0638 508F      		addq.l #8,%sp
 649 063a 3540 0006 		move.w %d0,6(%a2)
 650 063e 2202      		move.l %d2,%d1
 651 0640 EE81      		asr.l #7,%d1
 652 0642 2001      		move.l %d1,%d0
 653 0644 4240      		clr.w %d0
 654 0646 4840      		swap %d0
 655 0648 3740 0004 		move.w %d0,4(%a3)
 656 064c 3741 0006 		move.w %d1,6(%a3)
 657 0650 322B 0008 		move.w 8(%a3),%d1
 658 0654 3001      		move.w %d1,%d0
 659 0656 4840      		swap %d0
 660 0658 302B 000A 		mov.w 10(%a3),%d0
 661 065c 2040      		move.l %d0,%a0
 662 065e 3228 000E 		move.w 14(%a0),%d1
 663 0662 3001      		move.w %d1,%d0
 664 0664 4840      		swap %d0
 665 0666 3028 0010 		mov.w 16(%a0),%d0
 666 066a 2040      		move.l %d0,%a0
 667 066c 7000      		moveq #0,%d0
 668 066e 3028 0008 		move.w 8(%a0),%d0
 669 0672 EB88      		lsl.l #5,%d0
 670 0674 2040      		move.l %d0,%a0
 671 0676 4868 0020 		pea 32(%a0)
 672 067a 4878 00E5 		pea 229.w
 673 067e 2F03      		move.l %d3,-(%sp)
 674 0680 6100 F97E 		jbsr cpm_memset
 675 0684 4FEF 0018 		lea (24,%sp),%sp
 676               	.L103:
 677 0688 4CEE 0C0C 		movm.l -16(%fp),#0xc0c
 677      FFF0 
 678 068e 4E5E      		unlk %fp
 679 0690 4E75      		rts
 680               		.size	init_ramdisk, .-init_ramdisk
 681               		.align	2
 682               		.globl	cpm_malloc
68K GAS  n8io.s 			page 14


 683               		.type	cpm_malloc, @function
 684               	cpm_malloc:
 685 0692 4E56 0000 		link.w %fp,#0
 686 0696 2F03      		move.l %d3,-(%sp)
 687 0698 2F02      		move.l %d2,-(%sp)
 688 069a 2639 0000 		move.l heap,%d3
 688      0000 
 689 06a0 242E 0008 		move.l 8(%fp),%d2
 690 06a4 5682      		addq.l #3,%d2
 691 06a6 70FC      		moveq #-4,%d0
 692 06a8 C480      		and.l %d0,%d2
 693 06aa 42A7      		clr.l -(%sp)
 694 06ac 4EB9 0000 		jbsr _halloc
 694      0000 
 695 06b2 23C0 0000 		move.l %d0,hma
 695      0000 
 696 06b8 2203      		move.l %d3,%d1
 697 06ba D282      		add.l %d2,%d1
 698 06bc 588F      		addq.l #4,%sp
 699 06be B081      		cmp.l %d1,%d0
 700 06c0 6404      		jbcc .L105
 701 06c2 7000      		moveq #0,%d0
 702 06c4 6014      		jbra .L107
 703               	.L105:
 704 06c6 23C1 0000 		move.l %d1,heap
 704      0000 
 705 06cc 2F02      		move.l %d2,-(%sp)
 706 06ce 42A7      		clr.l -(%sp)
 707 06d0 2F03      		move.l %d3,-(%sp)
 708 06d2 6100 F92C 		jbsr cpm_memset
 709 06d6 4FEF 000C 		lea (12,%sp),%sp
 710               	.L107:
 711 06da 242E FFF8 		move.l -8(%fp),%d2
 712 06de 262E FFFC 		move.l -4(%fp),%d3
 713 06e2 4E5E      		unlk %fp
 714 06e4 4E75      		rts
 715               		.size	cpm_malloc, .-cpm_malloc
 716               		.align	2
 717               		.globl	make_dph
 718               		.type	make_dph, @function
 719               	make_dph:
 720 06e6 4E56 0000 		link.w %fp,#0
 721 06ea 48E7 3F38 		movm.l #0x3f38,-(%sp)
 722 06ee 4878 001A 		pea 26.w
 723 06f2 45FA FF9E 		lea cpm_malloc,%a2
 724 06f6 4E92      		jbsr (%a2)
 725 06f8 2840      		move.l %d0,%a4
 726 06fa 4878 0010 		pea 16.w
 727 06fe 4E92      		jbsr (%a2)
 728 0700 2440      		move.l %d0,%a2
 729 0702 4240      		clr.w %d0
 730 0704 4840      		swap %d0
 731 0706 3940 000E 		move.w %d0,14(%a4)
 732 070a 394A 0010 		move.w %a2,16(%a4)
 733 070e 222E 0008 		move.l 8(%fp),%d1
 734 0712 508F      		addq.l #8,%sp
 735 0714 0C81 0040 		cmp.l #4194304,%d1
68K GAS  n8io.s 			page 15


 735      0000 
 736 071a 6F06      		jble .L110
 737 071c 7240      		moveq #64,%d1
 738 071e 4841      		swap %d1
 739 0720 6058      		jbra .L120
 740               	.L110:
 741 0722 0C81 0000 		cmp.l #11520,%d1
 741      2D00 
 742 0728 6606      		jbne .L111
 743 072a 34BC 0048 		move.w #72,(%a2)
 744 072e 601A      		jbra .L133
 745               	.L111:
 746 0730 0C81 0000 		cmp.l #5760,%d1
 746      1680 
 747 0736 6606      		jbne .L114
 748 0738 34BC 0024 		move.w #36,(%a2)
 749 073c 6034      		jbra .L134
 750               	.L114:
 751 073e 0C81 0000 		cmp.l #9600,%d1
 751      2580 
 752 0744 660C      		jbne .L116
 753 0746 34BC 003C 		move.w #60,(%a2)
 754               	.L133:
 755 074a 357C 0002 		move.w #2,14(%a2)
 755      000E 
 756 0750 6030      		jbra .L113
 757               	.L116:
 758 0752 0C81 0000 		cmp.l #2002,%d1
 758      07D2 
 759 0758 660C      		jbne .L118
 760 075a 34BC 001A 		move.w #26,(%a2)
 761 075e 357C 0008 		move.w #8,14(%a2)
 761      000E 
 762 0764 601C      		jbra .L113
 763               	.L118:
 764 0766 0C81 0000 		cmp.l #4004,%d1
 764      0FA4 
 765 076c 660C      		jbne .L120
 766 076e 34BC 0034 		move.w #52,(%a2)
 767               	.L134:
 768 0772 357C 0004 		move.w #4,14(%a2)
 768      000E 
 769 0778 6008      		jbra .L113
 770               	.L120:
 771 077a 34BC 0080 		move.w #128,(%a2)
 772 077e 426A 000E 		clr.w 14(%a2)
 773               	.L113:
 774 0782 3012      		move.w (%a2),%d0
 775 0784 C0EA 000E 		mulu.w 14(%a2),%d0
 776 0788 2401      		move.l %d1,%d2
 777 078a 9480      		sub.l %d0,%d2
 778 078c 2F02      		move.l %d2,-(%sp)
 779 078e 47FA F95A 		lea log2,%a3
 780 0792 4E93      		jbsr (%a3)
 781 0794 588F      		addq.l #4,%sp
 782 0796 7216      		moveq #22,%d1
 783 0798 B280      		cmp.l %d0,%d1
68K GAS  n8io.s 			page 16


 784 079a 6C04      		jbge .L122
 785 079c 700F      		moveq #15,%d0
 786 079e 601E      		jbra .L124
 787               	.L122:
 788 07a0 2F02      		move.l %d2,-(%sp)
 789 07a2 4E93      		jbsr (%a3)
 790 07a4 2200      		move.l %d0,%d1
 791 07a6 5E81      		addq.l #7,%d1
 792 07a8 5080      		addq.l #8,%d0
 793 07aa E280      		asr.l #1,%d0
 794 07ac 588F      		addq.l #4,%sp
 795 07ae 760B      		moveq #11,%d3
 796 07b0 B680      		cmp.l %d0,%d3
 797 07b2 6F02      		jble .L125
 798 07b4 700B      		moveq #11,%d0
 799               	.L125:
 800 07b6 7612      		moveq #18,%d3
 801 07b8 B681      		cmp.l %d1,%d3
 802 07ba 6D02      		jblt .L124
 803 07bc 5380      		subq.l #1,%d0
 804               	.L124:
 805 07be 2640      		move.l %d0,%a3
 806 07c0 700E      		moveq #14,%d0
 807 07c2 B08B      		cmp.l %a3,%d0
 808 07c4 6C04      		jbge .L127
 809 07c6 367C 000E 		move.w #14,%a3
 810               	.L127:
 811 07ca 280B      		move.l %a3,%d4
 812 07cc 5F84      		subq.l #7,%d4
 813 07ce E8A2      		asr.l %d4,%d2
 814 07d0 70F6      		moveq #-10,%d0
 815 07d2 D08B      		add.l %a3,%d0
 816 07d4 7C01      		moveq #1,%d6
 817 07d6 2206      		move.l %d6,%d1
 818 07d8 E1A9      		lsl.l %d0,%d1
 819 07da 2A01      		move.l %d1,%d5
 820 07dc 5385      		subq.l #1,%d5
 821 07de 2E02      		move.l %d2,%d7
 822 07e0 5387      		subq.l #1,%d7
 823 07e2 0C87 0000 		cmp.l #255,%d7
 823      00FF 
 824 07e8 6F02      		jble .L128
 825 07ea E285      		asr.l #1,%d5
 826               	.L128:
 827 07ec 2F02      		move.l %d2,-(%sp)
 828 07ee 6100 F8FA 		jbsr log2
 829 07f2 2600      		move.l %d0,%d3
 830 07f4 5583      		subq.l #2,%d3
 831 07f6 203C 0000 		move.l #common_dir_buffer,%d0
 831      0000 
 832 07fc 4240      		clr.w %d0
 833 07fe 4840      		swap %d0
 834 0800 3940 000A 		move.w %d0,10(%a4)
 835 0804 203C 0000 		move.l #common_dir_buffer,%d0
 835      0000 
 836 080a 0280 0000 		and.l #65535,%d0
 836      FFFF 
68K GAS  n8io.s 			page 17


 837 0810 3940 000C 		move.w %d0,12(%a4)
 838 0814 2002      		move.l %d2,%d0
 839 0816 5E80      		addq.l #7,%d0
 840 0818 6A04      		jbpl .L130
 841 081a 700E      		moveq #14,%d0
 842 081c D082      		add.l %d2,%d0
 843               	.L130:
 844 081e E680      		asr.l #3,%d0
 845 0820 2F00      		move.l %d0,-(%sp)
 846 0822 6100 FE6E 		jbsr cpm_malloc
 847 0826 2200      		move.l %d0,%d1
 848 0828 4241      		clr.w %d1
 849 082a 4841      		swap %d1
 850 082c 3941 0016 		move.w %d1,22(%a4)
 851 0830 3940 0018 		move.w %d0,24(%a4)
 852 0834 1544 0002 		move.b %d4,2(%a2)
 853 0838 2006      		move.l %d6,%d0
 854 083a E9A8      		lsl.l %d4,%d0
 855 083c 5300      		subq.b #1,%d0
 856 083e 1540 0003 		move.b %d0,3(%a2)
 857 0842 3547 0006 		move.w %d7,6(%a2)
 858 0846 2006      		move.l %d6,%d0
 859 0848 E7A8      		lsl.l %d3,%d0
 860 084a 5340      		subq.w #1,%d0
 861 084c 3540 0008 		move.w %d0,8(%a2)
 862 0850 1545 0004 		move.b %d5,4(%a2)
 863 0854 968B      		sub.l %a3,%d3
 864 0856 2003      		move.l %d3,%d0
 865 0858 5A80      		addq.l #5,%d0
 866 085a 2206      		move.l %d6,%d1
 867 085c E1A9      		lsl.l %d0,%d1
 868 085e 508F      		addq.l #8,%sp
 869 0860 4A81      		tst.l %d1
 870 0862 6E02      		jbgt .L131
 871 0864 7201      		moveq #1,%d1
 872               	.L131:
 873 0866 7000      		moveq #0,%d0
 874 0868 4640      		not.w %d0
 875 086a E2A0      		asr.l %d1,%d0
 876 086c 4640      		not.w %d0
 877 086e 3540 000A 		move.w %d0,10(%a2)
 878 0872 200C      		move.l %a4,%d0
 879 0874 4CEE 1CFC 		movm.l -36(%fp),#0x1cfc
 879      FFDC 
 880 087a 4E5E      		unlk %fp
 881 087c 4E75      		rts
 882               		.size	make_dph, .-make_dph
 883               		.section	.rodata.str1.1,"aMS",@progbits,1
 884               	.LC0:
 885 0000 4472 6976 		.string	"Drive has not been partitioned; a single slice is assumed.\n"
 885      6520 6861 
 885      7320 6E6F 
 885      7420 6265 
 885      656E 2070 
 886               	.LC1:
 887 003c 4465 7669 		.string	"Device %c: has room for %d slice(s).\n"
 887      6365 2025 
68K GAS  n8io.s 			page 18


 887      633A 2068 
 887      6173 2072 
 887      6F6F 6D20 
 888               	.LC2:
 889 0062 4372 6561 		.string	"Created drive %c> on device %c:   (slice)\n"
 889      7465 6420 
 889      6472 6976 
 889      6520 2563 
 889      3E20 6F6E 
 890               	.LC3:
 891 008d 4372 6561 		.string	"Created drive %c> on device %c:  (CP/M 0x52))\n"
 891      7465 6420 
 891      6472 6976 
 891      6520 2563 
 891      3E20 6F6E 
 892               		.text
 893               		.align	2
 894               		.globl	disk_system_init
 895               		.type	disk_system_init, @function
 896               	disk_system_init:
 897 087e 4E56 0000 		link.w %fp,#0
 898 0882 48E7 3E3C 		movm.l #0x3e3c,-(%sp)
 899 0886 7000      		moveq #0,%d0
 900 0888 43F9 0000 		lea content+5,%a1
 900      0000 
 901               	.L136:
 902 088e 4211      		clr.b (%a1)
 903 0890 41F9 0000 		lea lru,%a0
 903      0000 
 904 0896 1180 0800 		move.b %d0,(%a0,%d0.l)
 905 089a 5280      		addq.l #1,%d0
 906 089c 5C89      		addq.l #6,%a1
 907 089e 720C      		moveq #12,%d1
 908 08a0 B280      		cmp.l %d0,%d1
 909 08a2 66EA      		jbne .L136
 910 08a4 2038 00A0 		move.l 160.w,%d0
 911 08a8 0280 FFF8 		and.l #-524288,%d0
 911      0000 
 912 08ae D0B8 0000 		add.l 0.w,%d0
 913 08b2 2200      		move.l %d0,%d1
 914 08b4 4241      		clr.w %d1
 915 08b6 4841      		swap %d1
 916 08b8 33C1 0000 		move.w %d1,partition+80
 916      0000 
 917 08be 33C0 0000 		move.w %d0,partition+82
 917      0000 
 918 08c4 7602      		moveq #2,%d3
 919 08c6 7A02      		moveq #2,%d5
 920               	.L138:
 921 08c8 3C05      		move.w %d5,%d6
 922 08ca 42A7      		clr.l -(%sp)
 923 08cc 42A7      		clr.l -(%sp)
 924 08ce 2F05      		move.l %d5,-(%sp)
 925 08d0 6100 F90A 		jbsr get_into_memory
 926 08d4 4FEF 000C 		lea (12,%sp),%sp
 927 08d8 4A80      		tst.l %d0
 928 08da 6D00 0264 		jblt .L166
68K GAS  n8io.s 			page 19


 929 08de 7209      		moveq #9,%d1
 930 08e0 E3A8      		lsl.l %d1,%d0
 931 08e2 2A40      		move.l %d0,%a5
 932 08e4 DBFC 0000 		add.l #buffer+446,%a5
 932      0000 
 933 08ea 264D      		move.l %a5,%a3
 934 08ec 74FF      		moveq #-1,%d2
 935 08ee 7000      		moveq #0,%d0
 936 08f0 45ED 000A 		lea (10,%a5),%a2
 937               	.L141:
 938 08f4 4A2A FFFA 		tst.b -6(%a2)
 939 08f8 6732      		jbeq .L142
 940 08fa 322A FFFE 		move.w -2(%a2),%d1
 941 08fe 3001      		move.w %d1,%d0
 942 0900 4840      		swap %d0
 943 0902 3012      		mov.w (%a2),%d0
 944 0904 2F00      		move.l %d0,-(%sp)
 945 0906 49F9 0000 		lea bswap,%a4
 945      0000 
 946 090c 4E94      		jbsr (%a4)
 947 090e 588F      		addq.l #4,%sp
 948 0910 B082      		cmp.l %d2,%d0
 949 0912 6304      		jbls .L144
 950 0914 7001      		moveq #1,%d0
 951 0916 6014      		jbra .L142
 952               	.L144:
 953 0918 322A FFFE 		move.w -2(%a2),%d1
 954 091c 3001      		move.w %d1,%d0
 955 091e 4840      		swap %d0
 956 0920 3012      		mov.w (%a2),%d0
 957 0922 2F00      		move.l %d0,-(%sp)
 958 0924 4E94      		jbsr (%a4)
 959 0926 2400      		move.l %d0,%d2
 960 0928 7001      		moveq #1,%d0
 961 092a 588F      		addq.l #4,%sp
 962               	.L142:
 963 092c 47EB 0010 		lea (16,%a3),%a3
 964 0930 45EA 0010 		lea (16,%a2),%a2
 965 0934 41ED 0040 		lea (64,%a5),%a0
 966 0938 B1CB      		cmp.l %a3,%a0
 967 093a 66B8      		jbne .L141
 968 093c 4A80      		tst.l %d0
 969 093e 671C      		jbeq .L147
 970 0940 4878 4100 		pea 16640.w
 971 0944 2F02      		move.l %d2,-(%sp)
 972 0946 4EB9 0000 		jbsr __udivsi3
 972      0000 
 973 094c 508F      		addq.l #8,%sp
 974 094e 2440      		move.l %d0,%a2
 975 0950 7008      		moveq #8,%d0
 976 0952 B08A      		cmp.l %a2,%d0
 977 0954 6C18      		jbge .L149
 978 0956 347C 0008 		move.w #8,%a2
 979 095a 6012      		jbra .L149
 980               	.L147:
 981 095c 4879 0000 		pea .LC0
 981      0000 
68K GAS  n8io.s 			page 20


 982 0962 4EB9 0000 		jbsr cprintf
 982      0000 
 983 0968 347C 0001 		move.w #1,%a2
 984 096c 588F      		addq.l #4,%sp
 985               	.L149:
 986 096e 7841      		moveq #65,%d4
 987 0970 D885      		add.l %d5,%d4
 988 0972 2F0A      		move.l %a2,-(%sp)
 989 0974 2F04      		move.l %d4,-(%sp)
 990 0976 4879 0000 		pea .LC1
 990      0000 
 991 097c 4EB9 0000 		jbsr cprintf
 991      0000 
 992 0982 99CC      		sub.l %a4,%a4
 993 0984 97CB      		sub.l %a3,%a3
 994 0986 4FEF 000C 		lea (12,%sp),%sp
 995 098a 6000 00B6 		jbra .L151
 996               	.L167:
 997 098e 41F9 0000 		lea partition,%a0
 997      0000 
 998 0994 220B      		move.l %a3,%d1
 999 0996 0681 0000 		add.l #256,%d1
 999      0100 
 1000 099c 2001      		move.l %d1,%d0
 1001 099e 4240      		clr.w %d0
 1002 09a0 4840      		swap %d0
 1003 09a2 3180 2800 		move.w %d0,(%a0,%d2.l)
 1004 09a6 3181 2802 		move.w %d1,2(%a0,%d2.l)
 1005 09aa 4271 2800 		clr.w (%a1,%d2.l)
 1006 09ae 33BC 4000 		move.w #16384,2(%a1,%d2.l)
 1006      2802 
 1007 09b4 2042      		move.l %d2,%a0
 1008 09b6 D1FC 0000 		add.l #partition+14,%a0
 1008      0000 
 1009 09bc 30BC 0200 		move.w #512,(%a0)
 1010 09c0 2042      		move.l %d2,%a0
 1011 09c2 D1FC 0000 		add.l #partition+12,%a0
 1011      0000 
 1012 09c8 3086      		move.w %d6,(%a0)
 1013 09ca 3231 2800 		move.w (%a1,%d2.l),%d1
 1014 09ce 3001      		move.w %d1,%d0
 1015 09d0 4840      		swap %d0
 1016 09d2 3031 2802 		mov.w 2(%a1,%d2.l),%d0
 1017 09d6 2040      		move.l %d0,%a0
 1018 09d8 D1C0      		add.l %d0,%a0
 1019 09da 4870 8800 		pea (%a0,%a0.l)
 1020 09de 6100 FD06 		jbsr make_dph
 1021 09e2 41F9 0000 		lea partition+8,%a0
 1021      0000 
 1022 09e8 2200      		move.l %d0,%d1
 1023 09ea 4241      		clr.w %d1
 1024 09ec 4841      		swap %d1
 1025 09ee 3181 2800 		move.w %d1,(%a0,%d2.l)
 1026 09f2 3180 2802 		move.w %d0,2(%a0,%d2.l)
 1027 09f6 2F04      		move.l %d4,-(%sp)
 1028 09f8 1003      		move.b %d3,%d0
 1029 09fa 0600 0041 		add.b #65,%d0
68K GAS  n8io.s 			page 21


 1030 09fe 4880      		ext.w %d0
 1031 0a00 3040      		move.w %d0,%a0
 1032 0a02 2F08      		move.l %a0,-(%sp)
 1033 0a04 4879 0000 		pea .LC2
 1033      0000 
 1034 0a0a 4EB9 0000 		jbsr cprintf
 1034      0000 
 1035 0a10 47EB 4100 		lea (16640,%a3),%a3
 1036 0a14 4FEF 0010 		lea (16,%sp),%sp
 1037 0a18 6026      		jbra .L155
 1038               	.L152:
 1039 0a1a 7400      		moveq #0,%d2
 1040 0a1c 3403      		move.w %d3,%d2
 1041 0a1e 43F9 0000 		lea partition+4,%a1
 1041      0000 
 1042 0a24 E98A      		lsl.l #4,%d2
 1043 0a26 3231 2800 		move.w (%a1,%d2.l),%d1
 1044 0a2a 3001      		move.w %d1,%d0
 1045 0a2c 4840      		swap %d0
 1046 0a2e 3031 2802 		mov.w 2(%a1,%d2.l),%d0
 1047 0a32 4A80      		tst.l %d0
 1048 0a34 6700 FF58 		jbeq .L167
 1049 0a38 5243      		addq.w #1,%d3
 1050               	.L174:
 1051 0a3a 0C43 000F 		cmp.w #15,%d3
 1052 0a3e 63DA      		jbls .L152
 1053               	.L155:
 1054 0a40 528C      		addq.l #1,%a4
 1055               	.L151:
 1056 0a42 B5CC      		cmp.l %a4,%a2
 1057 0a44 6EF4      		jbgt .L174
 1058 0a46 264D      		move.l %a5,%a3
 1059               	.L158:
 1060 0a48 0C2B 0052 		cmp.b #82,4(%a3)
 1060      0004 
 1061 0a4e 6600 00D6 		jbne .L160
 1062 0a52 6000 00CC 		jbra .L175
 1063               	.L168:
 1064 0a56 322B 0008 		move.w 8(%a3),%d1
 1065 0a5a 3001      		move.w %d1,%d0
 1066 0a5c 4840      		swap %d0
 1067 0a5e 302B 000A 		mov.w 10(%a3),%d0
 1068 0a62 2F00      		move.l %d0,-(%sp)
 1069 0a64 45F9 0000 		lea bswap,%a2
 1069      0000 
 1070 0a6a 4E92      		jbsr (%a2)
 1071 0a6c 41F9 0000 		lea partition,%a0
 1071      0000 
 1072 0a72 2200      		move.l %d0,%d1
 1073 0a74 4241      		clr.w %d1
 1074 0a76 4841      		swap %d1
 1075 0a78 3181 2800 		move.w %d1,(%a0,%d2.l)
 1076 0a7c 3180 2802 		move.w %d0,2(%a0,%d2.l)
 1077 0a80 322B 000C 		move.w 12(%a3),%d1
 1078 0a84 3001      		move.w %d1,%d0
 1079 0a86 4840      		swap %d0
 1080 0a88 302B 000E 		mov.w 14(%a3),%d0
68K GAS  n8io.s 			page 22


 1081 0a8c 2F00      		move.l %d0,-(%sp)
 1082 0a8e 4E92      		jbsr (%a2)
 1083 0a90 2200      		move.l %d0,%d1
 1084 0a92 4241      		clr.w %d1
 1085 0a94 4841      		swap %d1
 1086 0a96 3981 2800 		move.w %d1,(%a4,%d2.l)
 1087 0a9a 3980 2802 		move.w %d0,2(%a4,%d2.l)
 1088 0a9e 2042      		move.l %d2,%a0
 1089 0aa0 D1FC 0000 		add.l #partition+14,%a0
 1089      0000 
 1090 0aa6 30BC 0200 		move.w #512,(%a0)
 1091 0aaa 2042      		move.l %d2,%a0
 1092 0aac D1FC 0000 		add.l #partition+12,%a0
 1092      0000 
 1093 0ab2 3086      		move.w %d6,(%a0)
 1094 0ab4 3074 2800 		move.w (%a4,%d2.l),%a0
 1095 0ab8 3008      		move.w %a0,%d0
 1096 0aba 4840      		swap %d0
 1097 0abc 3034 2802 		mov.w 2(%a4,%d2.l),%d0
 1098 0ac0 2040      		move.l %d0,%a0
 1099 0ac2 D1C0      		add.l %d0,%a0
 1100 0ac4 4870 8800 		pea (%a0,%a0.l)
 1101 0ac8 6100 FC1C 		jbsr make_dph
 1102 0acc 41F9 0000 		lea partition+8,%a0
 1102      0000 
 1103 0ad2 2200      		move.l %d0,%d1
 1104 0ad4 4241      		clr.w %d1
 1105 0ad6 4841      		swap %d1
 1106 0ad8 3181 2800 		move.w %d1,(%a0,%d2.l)
 1107 0adc 3180 2802 		move.w %d0,2(%a0,%d2.l)
 1108 0ae0 2F04      		move.l %d4,-(%sp)
 1109 0ae2 1003      		move.b %d3,%d0
 1110 0ae4 0600 0041 		add.b #65,%d0
 1111 0ae8 4880      		ext.w %d0
 1112 0aea 3040      		move.w %d0,%a0
 1113 0aec 2F08      		move.l %a0,-(%sp)
 1114 0aee 4879 0000 		pea .LC3
 1114      0000 
 1115 0af4 4EB9 0000 		jbsr cprintf
 1115      0000 
 1116 0afa 4FEF 0018 		lea (24,%sp),%sp
 1117 0afe 6026      		jbra .L160
 1118               	.L161:
 1119 0b00 7400      		moveq #0,%d2
 1120 0b02 3403      		move.w %d3,%d2
 1121 0b04 49F9 0000 		lea partition+4,%a4
 1121      0000 
 1122 0b0a E98A      		lsl.l #4,%d2
 1123 0b0c 3234 2800 		move.w (%a4,%d2.l),%d1
 1124 0b10 3001      		move.w %d1,%d0
 1125 0b12 4840      		swap %d0
 1126 0b14 3034 2802 		mov.w 2(%a4,%d2.l),%d0
 1127 0b18 4A80      		tst.l %d0
 1128 0b1a 6700 FF3A 		jbeq .L168
 1129 0b1e 5243      		addq.w #1,%d3
 1130               	.L175:
 1131 0b20 0C43 000F 		cmp.w #15,%d3
68K GAS  n8io.s 			page 23


 1132 0b24 63DA      		jbls .L161
 1133               	.L160:
 1134 0b26 41ED 0030 		lea (48,%a5),%a0
 1135 0b2a B1CB      		cmp.l %a3,%a0
 1136 0b2c 6708      		jbeq .L164
 1137 0b2e 47EB 0010 		lea (16,%a3),%a3
 1138 0b32 6000 FF14 		jbra .L158
 1139               	.L164:
 1140 0b36 5285      		addq.l #1,%d5
 1141 0b38 0C43 000F 		cmp.w #15,%d3
 1142 0b3c 6300 FD8A 		jbls .L138
 1143               	.L166:
 1144 0b40 4CEE 3C7C 		movm.l -36(%fp),#0x3c7c
 1144      FFDC 
 1145 0b46 4E5E      		unlk %fp
 1146 0b48 4E75      		rts
 1147               		.size	disk_system_init, .-disk_system_init
 1148               		.globl	dpb_rom_400k
 1149               		.section	.rodata
 1150               		.align	2
 1151               		.type	dpb_rom_400k, @object
 1152               		.size	dpb_rom_400k, 16
 1153               	dpb_rom_400k:
 1154 0000 0010      		.word	16
 1155 0002 04        		.byte	4
 1156 0003 0F        		.byte	15
 1157 0004 01        		.byte	1
 1158 0005 00        		.byte	0
 1159 0006 00E7      		.word	231
 1160 0008 003F      		.word	63
 1161 000a 8000      		.word	-32768
 1162 000c 0000      		.word	0
 1163 000e 0000      		.word	0
 1164               		.globl	dpb_flpy_144m
 1165               		.align	2
 1166               		.type	dpb_flpy_144m, @object
 1167               		.size	dpb_flpy_144m, 16
 1168               	dpb_flpy_144m:
 1169 0010 0048      		.word	72
 1170 0012 04        		.byte	4
 1171 0013 0F        		.byte	15
 1172 0014 00        		.byte	0
 1173 0015 00        		.byte	0
 1174 0016 02C6      		.word	710
 1175 0018 00FF      		.word	255
 1176 001a F000      		.word	-4096
 1177 001c 0040      		.word	64
 1178 001e 0002      		.word	2
 1179               		.globl	dpb_flpy_720k
 1180               		.align	2
 1181               		.type	dpb_flpy_720k, @object
 1182               		.size	dpb_flpy_720k, 16
 1183               	dpb_flpy_720k:
 1184 0020 0024      		.word	36
 1185 0022 04        		.byte	4
 1186 0023 0F        		.byte	15
 1187 0024 00        		.byte	0
68K GAS  n8io.s 			page 24


 1188 0025 00        		.byte	0
 1189 0026 015E      		.word	350
 1190 0028 007F      		.word	127
 1191 002a C000      		.word	-16384
 1192 002c 0020      		.word	32
 1193 002e 0004      		.word	4
 1194               		.globl	dpb_RAM_1M
 1195               		.data
 1196               		.align	2
 1197               		.type	dpb_RAM_1M, @object
 1198               		.size	dpb_RAM_1M, 16
 1199               	dpb_RAM_1M:
 1200 0000 0010      		.word	16
 1201 0002 04        		.byte	4
 1202 0003 0F        		.byte	15
 1203 0004 00        		.byte	0
 1204 0005 00        		.byte	0
 1205 0006 01FF      		.word	511
 1206 0008 01FF      		.word	511
 1207 000a FF00      		.word	-256
 1208 000c 0000      		.word	0
 1209 000e 0000      		.word	0
 1210               		.globl	dph_rom_400k
 1211               		.align	2
 1212               		.type	dph_rom_400k, @object
 1213               		.size	dph_rom_400k, 26
 1214               	dph_rom_400k:
 1215 0010 0000 0000 		.long	0
 1216 0014 0000      		.word	0
 1217 0016 0000      		.word	0
 1218 0018 0000      		.word	0
 1219 001a 0000 0000 		.long	common_dir_buffer
 1220 001e 0000 0000 		.long	dpb_rom_400k
 1221 0022 0000 0000 		.long	0
 1222 0026 0000 0000 		.long	alv_rom_400k
 1223               		.globl	dph_RAM_1M
 1224               		.align	2
 1225               		.type	dph_RAM_1M, @object
 1226               		.size	dph_RAM_1M, 26
 1227               	dph_RAM_1M:
 1228 002a 0000 0000 		.long	0
 1229 002e 0000      		.word	0
 1230 0030 0000      		.word	0
 1231 0032 0000      		.word	0
 1232 0034 0000 0000 		.long	common_dir_buffer
 1233 0038 0000 0000 		.long	dpb_RAM_1M
 1234 003c 0000 0000 		.long	0
 1235 0040 0000 0000 		.long	alv_RAM_1M
 1236               		.globl	partition
 1237               		.align	2
 1238               		.type	partition, @object
 1239               		.size	partition, 256
 1240               	partition:
 1241 0044 0000 0000 		.long	0
 1242 0048 0000 0000 		.long	0
 1243 004c 0000 0000 		.long	0
 1244 0050 0000      		.word	0
68K GAS  n8io.s 			page 25


 1245 0052 0200      		.word	512
 1246 0054 0000 0000 		.long	0
 1247 0058 0000 0000 		.long	0
 1248 005c 0000 0000 		.long	0
 1249 0060 0000      		.word	0
 1250 0062 0200      		.word	512
 1251 0064 0000 0000 		.long	0
 1252 0068 0000 0000 		.long	0
 1253 006c 0000 0000 		.long	0
 1254 0070 0000      		.word	0
 1255 0072 0200      		.word	512
 1256 0074 0000 0000 		.long	0
 1257 0078 0000 0000 		.long	0
 1258 007c 0000 0000 		.long	0
 1259 0080 0000      		.word	0
 1260 0082 0200      		.word	512
 1261 0084 0000 0000 		.long	0
 1262 0088 0000 0000 		.long	0
 1263 008c 0000 0000 		.long	0
 1264 0090 0000      		.word	0
 1265 0092 0200      		.word	512
 1266 0094 FFF8 C000 		.long	-475136
 1267 0098 0000 0E80 		.long	3712
 1268 009c 0000 0000 		.long	dph_rom_400k
 1269 00a0 0065      		.word	101
 1270 00a2 0080      		.word	128
 1271 00a4 0000 0000 		.long	0
 1272 00a8 0000 0000 		.long	0
 1273 00ac 0000 0000 		.long	0
 1274 00b0 0000      		.word	0
 1275 00b2 0200      		.word	512
 1276 00b4 0000 0000 		.long	0
 1277 00b8 0000 0000 		.long	0
 1278 00bc 0000 0000 		.long	0
 1279 00c0 0000      		.word	0
 1280 00c2 0200      		.word	512
 1281 00c4 0000 0000 		.long	0
 1282 00c8 0000 0000 		.long	0
 1283 00cc 0000 0000 		.long	0
 1284 00d0 0000      		.word	0
 1285 00d2 0200      		.word	512
 1286 00d4 0000 0000 		.long	0
 1287 00d8 0000 0000 		.long	0
 1288 00dc 0000 0000 		.long	0
 1289 00e0 0000      		.word	0
 1290 00e2 0200      		.word	512
 1291 00e4 0000 0000 		.long	0
 1292 00e8 0000 0000 		.long	0
 1293 00ec 0000 0000 		.long	0
 1294 00f0 0000      		.word	0
 1295 00f2 0200      		.word	512
 1296 00f4 0000 0000 		.long	0
 1297 00f8 0000 0000 		.long	0
 1298 00fc 0000 0000 		.long	0
 1299 0100 0000      		.word	0
 1300 0102 0200      		.word	512
 1301 0104 0000 0000 		.long	0
68K GAS  n8io.s 			page 26


 1302 0108 0000 0000 		.long	0
 1303 010c 0000 0000 		.long	0
 1304 0110 0000      		.word	0
 1305 0112 0200      		.word	512
 1306 0114 0000 0000 		.long	0
 1307 0118 0000 0000 		.long	0
 1308 011c 0000 0000 		.long	0
 1309 0120 0000      		.word	0
 1310 0122 0200      		.word	512
 1311 0124 0000 0000 		.long	0
 1312 0128 0000 0000 		.long	0
 1313 012c 0000 0000 		.long	0
 1314 0130 0000      		.word	0
 1315 0132 0200      		.word	512
 1316 0134 0000 0000 		.long	0
 1317 0138 0000 0000 		.long	0
 1318 013c 0000 0000 		.long	0
 1319 0140 0000      		.word	0
 1320 0142 0200      		.word	512
 1321               		.globl	RAM_partition
 1322               		.align	2
 1323               		.type	RAM_partition, @object
 1324               		.size	RAM_partition, 16
 1325               	RAM_partition:
 1326 0144 0010 0000 		.long	1048576
 1327 0148 0000 2000 		.long	8192
 1328 014c 0000 0000 		.long	dph_RAM_1M
 1329 0150 0064      		.word	100
 1330 0152 0080      		.word	128
 1331               		.globl	current_drive
 1332               		.align	2
 1333               		.type	current_drive, @object
 1334               		.size	current_drive, 2
 1335               	current_drive:
 1336 0154 FFFF      		.word	-1
 1337               		.comm	chainp,4,4
 1338               		.comm	errno,4,4
 1339               		.comm	hma,4,4
 1340               		.comm	common_dir_buffer,128,1
 1341               		.comm	lru,12,1
 1342               		.comm	content,72,2
 1343               		.comm	buffer,6144,1
 1344               		.comm	alv_rom_400k,29,1
 1345               		.comm	alv_RAM_1M,64,1
 1346               		.comm	current_sector,2,2
 1347               		.comm	current_track,2,2
 1348               		.comm	DMA_address,4,4
 1349               		.ident	"GCC: (GNU) 4.1.1"
68K GAS  n8io.s 			page 27


DEFINED SYMBOLS
                            *ABS*:00000000 n8io.c
                            *ABS*:00000001 RETAIL
                            *ABS*:000109a0 M68000
              n8io.s:7      .text:00000000 cpm_memset
              n8io.s:29     .text:00000028 cpm_memcpy
              n8io.s:49     .text:0000004c disk_drive_select
              n8io.s:1335   .data:00000154 current_drive
              n8io.s:1240   .data:00000044 partition
              n8io.s:75     .text:0000008c lru_update
                            *COM*:0000000c lru
              n8io.s:94     .text:000000b4 disk_set_track
                            *COM*:00000002 current_track
              n8io.s:104    .text:000000c6 disk_set_sector
                            *COM*:00000002 current_sector
              n8io.s:114    .text:000000d8 disk_set_DMA_address
                            *COM*:00000004 DMA_address
              n8io.s:124    .text:000000ea log2
              n8io.s:147    .text:0000010e disk_home
              n8io.s:163    .text:00000134 purge_to_disk
                            *COM*:00000048 content
                            *COM*:00001800 buffer
                            *COM*:00000004 errno
              n8io.s:208    .text:000001a8 disk_flush_buffers
              n8io.s:235    .text:000001dc get_into_memory
              n8io.s:332    .text:000002e2 disk_write_sector
              n8io.s:487    .text:0000047e disk_read_sector
              n8io.s:586    .text:00000580 init_ramdisk
              n8io.s:1325   .data:00000144 RAM_partition
              n8io.s:684    .text:00000692 cpm_malloc
                            *COM*:00000004 hma
              n8io.s:719    .text:000006e6 make_dph
                            *COM*:00000080 common_dir_buffer
              n8io.s:896    .text:0000087e disk_system_init
              n8io.s:1153   .rodata:00000000 dpb_rom_400k
              n8io.s:1168   .rodata:00000010 dpb_flpy_144m
              n8io.s:1183   .rodata:00000020 dpb_flpy_720k
              n8io.s:1199   .data:00000000 dpb_RAM_1M
              n8io.s:1214   .data:00000010 dph_rom_400k
                            *COM*:0000001d alv_rom_400k
              n8io.s:1227   .data:0000002a dph_RAM_1M
                            *COM*:00000040 alv_RAM_1M
                            *COM*:00000004 chainp

UNDEFINED SYMBOLS
_disk_reset
_write_sector
_read_sector
__udivsi3
__divsi3
_end
_get_hma
heap
_halloc
bswap
cprintf
