68K GAS  stack.s 			page 1


   1               	#************************************************************************
   2               	#									*
   3               	#		     THIS IS THE SYSTEM STACK AREA			*
   4               	#									*
   5               	#									*
   6               	#	   THIS IS THE DUAL PROCESSOR,ROMABLE CP/M-68K SYSTEM		*
   7               	#	   ==================================================		*
   8               	#************************************************************************
   9               	
  10               		.globl	stack
  11               	
  12               		.bss
  13               					/* supervisor stack or
  14               						master stack on 68020 and above */
  15               	
  16 0000 0000 0000 		.ds.l	1024		/* add extra 200 on mini-M68k */
  16      0000 0000 
  16      0000 0000 
  16      0000 0000 
  16      0000 0000 
  17               	stack:
  18 1000 0000      		.ds.w	1
  19               	
  20               		.end
68K GAS  stack.s 			page 2


DEFINED SYMBOLS
                            *ABS*:00000001 RETAIL
                            *ABS*:000109b4 M68000
             stack.s:17     .bss:00001000 stack

NO UNDEFINED SYMBOLS
