68K GAS  dualide.s 			page 1


   1               	/*  dualide.s		*/
   2               	/*
   3               		Copyright (C) 2011 John R. Coffman.
   4               		Licensed for hobbyist use on the N8VEM baby M68k CPU board.
   5               	***********************************************************************
   6               	
   7               	    This program is free software: you can redistribute it and/or modify
   8               	    it under the terms of the GNU General Public License as published by
   9               	    the Free Software Foundation, either version 3 of the License, or
  10               	    (at your option) any later version.
  11               	
  12               	    This program is distributed in the hope that it will be useful,
  13               	    but WITHOUT ANY WARRANTY; without even the implied warranty of
  14               	    MERCHANTABILITY or FITNESS FOR A PARTICULAR PURPOSE.  See the
  15               	    GNU General Public License for more details.
  16               	
  17               	    You should have received a copy of the GNU General Public License
  18               	    in the file COPYING in the distribution directory along with this
  19               	    program.  If not, see <http://www.gnu.org/licenses/>.
  20               	
  21               	**********************************************************************/
  22               	.include "mfpic.s"
   1               	#  mfpic.s
   2               	/*
   3               		Copyright (C) 2011 John R. Coffman.
   4               		Licensed for hobbyist use on the N8VEM baby M68k CPU board.
   5               	***********************************************************************
   6               	
   7               	    This program is free software: you can redistribute it and/or modify
   8               	    it under the terms of the GNU General Public License as published by
   9               	    the Free Software Foundation, either version 3 of the License, or
  10               	    (at your option) any later version.
  11               	
  12               	    This program is distributed in the hope that it will be useful,
  13               	    but WITHOUT ANY WARRANTY; without even the implied warranty of
  14               	    MERCHANTABILITY or FITNESS FOR A PARTICULAR PURPOSE.  See the
  15               	    GNU General Public License for more details.
  16               	
  17               	    You should have received a copy of the GNU General Public License
  18               	    in the file COPYING in the distribution directory along with this
  19               	    program.  If not, see <http://www.gnu.org/licenses/>.
  20               	
  21               	**********************************************************************/
  22               	.ifndef _mfpic_s
  23               	_mfpic_s 	=	1
  24               	
  25               	# Z80 port address of MF/PIC board (required)
  26               	mf_pic		=	0x40
  27               	
  28               	# Mini-M68k I/O address base
  29               	BOARD_BASE_IO	=	0xFFFF8000
  30               	
  31               	# board base address:
  32               	mfpic_base      =       BOARD_BASE_IO + mf_pic
  33               	
  34               	mf_sio          =       mfpic_base + 8
  35               	mf_ppi          =       mfpic_base + 4
68K GAS  dualide.s 			page 2


  36               	mf_rtc          =       mfpic_base + 3
  37               	mf_cfg          =       mfpic_base + 2
  38               	mf_202          =       mfpic_base + 0
  39               	
  40               	
  41               	.endif
  42               	
  43               	
  23               	#-----------------------------------------------------------------------------
  24               	.include "allide.s"
   1               	#  allide.s
   2               	/*
   3               		Copyright (C) 2011 John R. Coffman.
   4               		Licensed for hobbyist use on the N8VEM baby M68k CPU board.
   5               	***********************************************************************
   6               	
   7               	    This program is free software: you can redistribute it and/or modify
   8               	    it under the terms of the GNU General Public License as published by
   9               	    the Free Software Foundation, either version 3 of the License, or
  10               	    (at your option) any later version.
  11               	
  12               	    This program is distributed in the hope that it will be useful,
  13               	    but WITHOUT ANY WARRANTY; without even the implied warranty of
  14               	    MERCHANTABILITY or FITNESS FOR A PARTICULAR PURPOSE.  See the
  15               	    GNU General Public License for more details.
  16               	
  17               	    You should have received a copy of the GNU General Public License
  18               	    in the file COPYING in the distribution directory along with this
  19               	    program.  If not, see <http://www.gnu.org/licenses/>.
  20               	
  21               	**********************************************************************/
  22               	.ifndef _allide_s
  23               	_allide_s 	=	1
  24               	
  25               	
  26               	
  27               	max_disk	=  8
  28               	max_floppy	=  2
  29               	
  30               		.comm	disk_table,max_disk*4
  31               	
  32               	/* DISK structure offsets */
  33               	disk_ops_o	=	0		/* operations dispatch ptr */
  34               	disk_lba_o	=	4		/* LBA number of cylinders */
  35               	disk_type_o	=	8		/* byte: disk type */
  36               	disk_port_o	=	9		/* byte: I/O port */
  37               	disk_slave_o	=	10		/* byte: MASTER=0, SLAVE=0x10 (IDE)
  38               							SLAVE=0x01 (SD) */
  39               	disk_status_o	=	11		/* byte: last h/w status */
  40               	disk_geom_o	=	12		/* geometry longword */
  41               	
  42               	
  43               	
  44               	
  45               	
  46               	
  47               	#ide control lines for use with ide_8255_ctl.  Change these 8
68K GAS  dualide.s 			page 3


  48               	#constants to reflect where each signal of the 8255 each of the
  49               	#ide control signals is connected.  All the control signals must
  50               	#be on the same port, but these 8 lines let you connect them to
  51               	#whichever pins on that port.
  52               	
  53               	ide_a0_line	=	0x01		/* direct from 8255 to ide interface */
  54               	ide_a1_line	=	0x02		/* direct from 8255 to ide interface */
  55               	ide_a2_line	=	0x04		/* direct from 8255 to ide interface */
  56               	.ifdef	rd_ide_8255
  57               	/* for the PPIDE driver */
  58               	ide_cs0_line	=	0x08		/* inverter between 8255 and ide interface */
  59               	ide_cs1_line	=	0x10		/* inverter between 8255 and ide interface */
  60               	ide_wr_line	=	0x20		/* inverter between 8255 and ide interface */
  61               	ide_rd_line	=	0x40		/* inverter between 8255 and ide interface */
  62               	ide_rst_line	=	0x80		/* inverter between 8255 and ide interface */
  63               	.else
  64               	/* for the DUALIDE driver */
  65               	ide_cs0_line	=	0x00		/* at the base address */
  66               	ide_cs1_line	=	0x08		/* at the base address + 8 */
  67               	.endif
  68               	
  69               	#------------------------------------------------------------------
  70               	# More symbolic constants... these should not be changed, unless of
  71               	# course the IDE drive interface changes, perhaps when drives get
  72               	# to 128G and the PC industry will do yet another kludge.
  73               	
  74               	#some symbolic constants for the ide registers, which makes the
  75               	#code more readable than always specifying the address pins
  76               	
  77               	ide_data       	=	ide_cs0_line
  78               	ide_err		=	ide_cs0_line + ide_a0_line
  79               	ide_sec_cnt	=	ide_cs0_line + ide_a1_line
  80               	ide_sector     	=	ide_cs0_line + ide_a1_line + ide_a0_line
  81               	ide_cyl_lsb	=	ide_cs0_line + ide_a2_line
  82               	ide_cyl_msb	=	ide_cs0_line + ide_a2_line + ide_a0_line
  83               	ide_head       	=	ide_cs0_line + ide_a2_line + ide_a1_line
  84               	ide_command	=	ide_cs0_line + ide_a2_line + ide_a1_line + ide_a0_line
  85               	ide_status     	=	ide_cs0_line + ide_a2_line + ide_a1_line + ide_a0_line
  86               	
  87               	ide_control	=	ide_cs1_line + ide_a2_line + ide_a1_line
  88               	ide_astatus	=	ide_cs1_line + ide_a2_line + ide_a1_line
  89               	ide_address	=	ide_cs1_line + ide_a2_line + ide_a1_line + ide_a0_line
  90               	.ifndef	rd_ide_8255
  91               	ide_data_16	=	ide_cs1_line
  92               	ide_dma_16	=	ide_cs1_line + ide_a0_line
  93               	.endif
  94               	
  95               	#IDE Command Constants.  These should never change.
  96               	ide_cmd_recal		=	0x10
  97               	ide_cmd_read		=	0x20
  98               	ide_cmd_write		=	0x30
  99               	ide_cmd_init		=	0x91
 100               	ide_cmd_id     		=	0xEC
 101               	ide_cmd_set_feature	=	0xEF
 102               	ide_cmd_spindown	=	0xE0
 103               	ide_cmd_spinup		=	0xE1
 104               	
68K GAS  dualide.s 			page 4


 105               	#Feature requests
 106               	ide_fea_8bit		=	0x01
 107               	ide_fea_16bit		=	0x81
 108               	
 109               	  /* end  allide.s */
 110               	.endif
 111               	#------------------------------------------------------------------
 112               	
  25               	#-----------------------------------------------------------------------------
  26               	
  27               	
  28               	
  29               	
  30               	
  31               	Dual_IDE_port	=	0x80
  32               	
  33               	
  34               	
  35               	arg1	=	4
  36               	arg2	=	arg1+4
  37               	arg3	=	arg2+4
  38               	arg4	=	arg3+4
  39               	
  40               	buffer	= 	arg2
  41               	
  42               	
  43               	dual_ide_A	=	BOARD_BASE_IO + Dual_IDE_port
  44               	dual_ide_B	=	dual_ide_A + 16
  45               	
  46               	/*
  47               	    Enter general dispatch routines with:
  48               		A0 = buffer pointer, if applicable
  49               		A1 = disk structure pointer
  50               		D0 = garbage
  51               		D1 = garbage
  52               		D2 = LBA sector number
  53               		D3 = number of sectors (only 1, for now)
  54               	
  55               	    Stack:
  56               		SP:	return address
  57               			Saved D1 -- disk number (0..7)
  58               			Saved A0 -- buffer pointer
  59               			Saved A1 -- ???
  60               			Saved A5 -- ???
  61               	
  62               	    May Use:
  63               		D0, D1, A0, A1
  64               	    Must Preserve:
  65               		D2-D7, A2-A7
  66               	
  67               	 */
  68               	
  69               	RECAL	=  1
  70               	
  71               		.text
  72               	# -----------------------------------------------------------------------------	
  73               	#  dide_reset
68K GAS  dualide.s 			page 5


  74               	# -----------------------------------------------------------------------------	
  75               	#	arg1	disk number  (D1)
  76               	#	A1	disk table pointer
  77               	#	A5	principal M68k I/O address of device
  78               	#
  79               	#   Returns D1 (in stack) mask of devices present (D0 == 0)
  80               	#   Error return if no devices on unit.
  81               	# -----------------------------------------------------------------------------	
  82               		.even
  83               		.globl	dide_reset
  84               	dide_reset:
  85 0000 207C 0000 		move.l	#0,%a0			/* accumulate D1 mask here */
  85      0000 
  86               	
  87 0006 1B7C 000E 		move.b	#0b00001110,ide_control(%a5)	/* assert SRST, deassert IEN */
  87      000E 
  88 000c 203C 0000 		move.l	#1000,%d0			/* delay 10 ms = 10,000 usec */
  88      03E8 
  89 0012 4EB9 0000 		jsr	usec_delay
  89      0000 
  90 0018 1B7C 000A 		move.b	#0b00001010,ide_control(%a5)	/* deassert SRST, deassert IEN */
  90      000E 
  91 001e 203C 0000 		move.l	#50000,%d0
  91      C350 
  92 0024 4EB9 0000 		jsr	usec_delay			/* delay 500 ms */
  92      0000 
  93               		
  94               	#	cmp.b	#0,ide_head(%a5)
  95               	#	bne.s	reset1
  96 002a 0C2D 0050 		cmp.b	#0x50,ide_status(%a5)		/* check for BUSY=0, RDY=1, SeekComplete=1 */
  96      0007 
  97 0030 6616      		bne.s	reset1
  98               	/* may wish to recalibrate the drive here */
  99               	.if RECAL
 100 0032 0829 0004 		btst	#4,(disk_slave_o,%a1)		/* test SLAVE bit */
 100      000A 
 101 0038 660C      		bne.s	reset10				/* branch if SLAVE */
 102 003a 1B7C 0010 		move.b	#ide_cmd_recal,ide_command(%a5)	/* do a recalibrate of the drive */
 102      0007 
 103 0040 6100 016C 		bsr	ide_wait_not_busy
 104 0044 6602      		bne.s	reset1
 105               	reset10:
 106               	.endif
 107 0046 5288      		add.l	#1,%a0				/* mark drive 0 present */
 108               	reset1:
 109 0048 1B7C 00F0 	       	move.b	#0b11110000,ide_head(%a5)	/* select drive 1 */
 109      0006 
 110 004e 203C 0000 		move.l	#1000,%d0			/* delay 10 ms = 10,000 usec */
 110      03E8 
 111 0054 4EB9 0000 		jsr	usec_delay
 111      0000 
 112 005a 0C2D 0050 		cmp.b	#0x50,ide_status(%a5)		/* check for BUSY=0, RDY=1, SeekComplete=1 */
 112      0007 
 113 0060 6616      		bne.s	reset2
 114               	/* may wish to recalibrate the drive here */
 115               	.if RECAL
 116 0062 0829 0004 		btst	#4,(disk_slave_o,%a1)		/* test SLAVE bit */
68K GAS  dualide.s 			page 6


 116      000A 
 117 0068 670C      		beq.s	reset20				/* branch if MASTER */
 118 006a 1B7C 0010 		move.b	#ide_cmd_recal,ide_command(%a5)	/* do a recalibrate of the drive */
 118      0007 
 119 0070 6100 013C 		bsr	ide_wait_not_busy
 120 0074 6602      		bne.s	reset2
 121               	reset20:
 122               	.endif
 123 0076 5488      		add.l	#2,%a0				/* mark drive 1 present */
 124               	reset2:
 125 0078 1B7C 00E0 	       	move.b	#0b11100000,ide_head(%a5)	/* select drive 0 */
 125      0006 
 126               	
 127 007e 2208      		move.l	%a0,%d1				/* move to D1 */
 128 0080 2F41 0004 		move.l	%d1,arg1(%sp)			/* save in stack */
 129 0084 4280      		clr.l	%d0
 130 0086 4A01      		tst.b	%d1
 131 0088 6602      		bne.s	reset3
 132 008a 7001      		move.l	#1,%d0				/* error return */
 133               	reset3:
 134 008c 4E75      		rts
 135               	
 136               	
 137               	
 138               	
 139               	
 140               	
 141               	# -----------------------------------------------------------------------------	
 142               	#  dide_read_id
 143               	#  dide_info		; equivalent
 144               	# -----------------------------------------------------------------------------	
 145               	# Read the 512 byte ID information from the attached drive
 146               	#
 147               	#	arg1	disk number  (D1)
 148               	#	arg2	buffer or NULL	(A0)
 149               	#	A1	disk table pointer
 150               	#	A5	principal M68k I/O address of device
 151               	#
 152               	#-----------------------------------------------------------------------------
 153               		.even
 154               	dide_read_id:
 155               			.globl	dide_info
 156               	dide_info:
 157 008e 206F 0008 		move.l	(buffer,%sp),%a0		/* get buffer address */
 158               	
 159 0092 3008      		move	%a0,%d0				/* test for NULL */
 160 0094 4A80      		tst.l	%d0
 161 0096 672C      		beq.s	short_info			/* LBA & GEOM info only */
 162               	
 163 0098 6100 0114 		bsr	ide_wait_not_busy		/* uses D0, D1 */
 164 009c 664E      		bne.s	read_id_error			/* %D0 == -1 */
 165               	
 166 009e 1029 000A 		move.b	(disk_slave_o,%a1),%d0		/* get slave byte */
 167 00a2 0000 00E0 		or.b	#0xE0,%d0
 168 00a6 1B40 0006 		move.b	%d0,ide_head(%a5)		/* set M/S */
 169               	
 170 00aa 1B7C 00EC 		move.b	#ide_cmd_id,ide_command(%a5)	/* send ID command */
68K GAS  dualide.s 			page 7


 170      0007 
 171               	
 172 00b0 6100 0116 		bsr	ide_wait_drq			/* uses D0, D1 */
 173 00b4 6636      		bne.s	read_id_error			/* %D0 == -1 */
 174               	
 175 00b6 323C 01FF 		move.w	#511,%d1
 176 00ba 508D      		add.l	#ide_data_16,%a5		/* change A5 */
 177               	read_id_loop:
 178 00bc 10D5      		move.b	(%a5),(%a0)+
 179 00be 51C9 FFFC 		dbra.w	%d1,read_id_loop
 180 00c2 518D      		sub.l	#ide_data_16,%a5		/* restore A5 */
 181               	
 182               	short_info:
 183 00c4 2429 0004 		move.l	disk_lba_o(%a1),%d2		/* LBA info return */
 184 00c8 2F42 0004 		move.l	%d2,arg1(%sp)
 185 00cc 2429 000C 		move.l	disk_geom_o(%a1),%d2		/* geometry return */
 186               	
 187               	get_error_status:
 188 00d0 6100 00DC 		bsr	ide_wait_not_busy		/* uses D0, D1 */
 189 00d4 6616      		bne.s	read_id_error			/* %D0 == -1 */
 190               	
 191 00d6 4280      		clr.l	%d0
 192 00d8 102D 0007 		move.b	ide_status(%a5),%d0
 193 00dc 0280 0000 		and.l	#1,%d0				/* test error flag */
 193      0001 
 194 00e2 6708      		beq.s	read_id_error			/* D0 = 0 if not set */
 195 00e4 102D 0001 		move.b	ide_err(%a5),%d0		/* return error */
 196 00e8 0040 0800 		or.w	#0x800,%d0			/* show error code */
 197               	read_id_error:
 198 00ec 4E75      		rts
 199               	
 200               		
 201               	# -----------------------------------------------------------------------------	
 202               	#  dide_read
 203               	# -----------------------------------------------------------------------------	
 204               	#	;read a sector, specified by the 4 bytes in "lba",
 205               	#	;Return, acc is zero on success, non-zero for an error
 206               	#
 207               	#	arg1	disk number  (D1)
 208               	#	arg2	buffer	(A0)
 209               	#	A1	disk table pointer
 210               	#	D2	LBA address
 211               	#	D3	sector count (assumed to be 1)
 212               	#	A5	principal M68k I/O address of device
 213               	#
 214               	#
 215               	#-----------------------------------------------------------------------------
 216               		.even
 217               		.globl	dide_read
 218               	dide_read:
 219 00ee 206F 0008 		move.l	(buffer,%sp),%a0		/* get buffer address */
 220 00f2 7005      		move.l	#5,%d0				/* error code */
 221 00f4 B4A9 0004 		cmp.l	(disk_lba_o,%a1),%d2		/* check lba address */
 222 00f8 6432      		bcc.s	read_error
 223               	
 224 00fa 7004      		move.l	#4,%d0				/* error code */
 225 00fc 0C83 0000 		cmp.l	#1,%d3
68K GAS  dualide.s 			page 8


 225      0001 
 226 0102 6628      		bne.s	read_error			/* for now */
 227               	
 228 0104 6100 00A8 		bsr	ide_wait_not_busy
 229 0108 6622      		bne.s	read_error			/* %D0 == -1 */
 230               	
 231 010a 6100 00D6 		bsr	wr_lba
 232               	
 233 010e 1B7C 0020 		move.b	#ide_cmd_read,ide_command(%a5)	/* send ID command */
 233      0007 
 234               	
 235 0114 6100 00B2 		bsr	ide_wait_drq
 236 0118 6612      		bne.s	read_error			/* %D0 == -1 */
 237               	
 238 011a 323C 01FF 		move.w	#511,%d1
 239 011e 508D      		add.l	#ide_data_16,%a5
 240               	read_loop:
 241 0120 10D5      		move.b	(%a5),(%a0)+
 242 0122 51C9 FFFC 		dbra.w	%d1,read_loop
 243 0126 518D      		sub.l	#ide_data_16,%a5
 244               	
 245 0128 6000 FFA6 		bra	get_error_status
 246               	
 247               	#	clr.l	%d0			/* signal no error */
 248               	read_error:
 249 012c 4E75      		rts
 250               	
 251               	
 252               	# -----------------------------------------------------------------------------	
 253               	#  dide_verify
 254               	# -----------------------------------------------------------------------------	
 255               	#	;read a sector, specified by the 4 bytes in "lba",
 256               	#	;Return, acc is zero on success, non-zero for an error
 257               	#
 258               	#	arg1	disk number  (D1)
 259               	#	A1	disk table pointer
 260               	#	D2	LBA address
 261               	#	D3	sector count (assumed to be 1)
 262               	#	A5	principal M68k I/O address of device
 263               	#
 264               	#
 265               	#-----------------------------------------------------------------------------
 266               		.even
 267               		.globl	dide_verify
 268               	dide_verify:
 269 012e 7005      		move.l	#5,%d0				/* error code */
 270 0130 B4A9 0004 		cmp.l	(disk_lba_o,%a1),%d2		/* check lba address */
 271 0134 6434      		bcc.s	verify_error
 272               	
 273 0136 7004      		move.l	#4,%d0				/* error code */
 274 0138 0C83 0000 		cmp.l	#1,%d3
 274      0001 
 275 013e 662A      		bne.s	verify_error			/* for now */
 276               	
 277 0140 6100 006C 		bsr	ide_wait_not_busy
 278 0144 6624      		bne.s	verify_error			/* %D0 == -1 */
 279               	
68K GAS  dualide.s 			page 9


 280 0146 6100 009A 		bsr	wr_lba
 281               	
 282 014a 1B7C 0020 		move.b	#ide_cmd_read,ide_command(%a5)	/* send READ command */
 282      0007 
 283               	
 284 0150 6100 0076 		bsr	ide_wait_drq
 285 0154 6614      		bne.s	verify_error			/* %D0 == -1 */
 286               	
 287 0156 323C 01FF 		move.w	#511,%d1
 288 015a 508D      		add.l	#ide_data_16,%a5
 289               	verify_loop:
 290 015c 1015      		move.b	(%a5),%d0
 291 015e 51C9 FFFC 		dbra.w	%d1,verify_loop
 292 0162 518D      		sub.l	#ide_data_16,%a5
 293 0164 6000 FF6A 	 	bra	get_error_status
 294               	
 295 0168 4280      		clr.l	%d0			/* signal no error */
 296               	verify_error:
 297 016a 4E75      		rts
 298               	
 299               	
 300               	
 301               	#-----------------------------------------------------------------------------
 302               	#  dide_write
 303               	# -----------------------------------------------------------------------------	
 304               	#	;write a sector, specified by the 4 bytes in "lba",
 305               	#	;Return, acc is zero on success, non-zero for an error
 306               	#
 307               	#	arg1	disk number  (D1)
 308               	#	arg2	buffer	(A0)
 309               	#	A1	disk table pointer
 310               	#	D2	LBA address
 311               	#	D3	sector count (assumed to be 1)
 312               	#	A5	principal M68k I/O address of device
 313               	#
 314               	#
 315               	#-----------------------------------------------------------------------------
 316               		.even
 317               		.globl	dide_write
 318               	dide_write:
 319 016c 206F 0008 		move.l	(buffer,%sp),%a0		/* get buffer address */
 320 0170 7005      		move.l	#5,%d0				/* error code */
 321 0172 B4A9 0004 		cmp.l	(disk_lba_o,%a1),%d2		/* check lba address */
 322 0176 6434      		bcc.s	write_error
 323               	
 324 0178 7004      		move.l	#4,%d0				/* error code */
 325 017a 0C83 0000 		cmp.l	#1,%d3
 325      0001 
 326 0180 662A      		bne.s	write_error			/* for now */
 327               	
 328 0182 6100 002A 		bsr	ide_wait_not_busy
 329 0186 6624      		bne.s	write_error			/* %D0 == -1 */
 330               	
 331 0188 6100 0058 		bsr	wr_lba
 332               	
 333 018c 1B7C 0030 		move.b	#ide_cmd_write,ide_command(%a5)	/* send WRITE command */
 333      0007 
68K GAS  dualide.s 			page 10


 334               	
 335 0192 6100 0034 		bsr	ide_wait_drq
 336 0196 6614      		bne.s	write_error			/* %D0 == -1 */
 337               	
 338 0198 323C 01FF 		move.w	#511,%d1
 339 019c 508D      		add.l	#ide_data_16,%a5
 340               	write_loop:
 341 019e 1A98      		move.b	(%a0)+,(%a5)
 342 01a0 51C9 FFFC 		dbra.w	%d1,write_loop
 343 01a4 518D      		sub.l	#ide_data_16,%a5
 344 01a6 6000 FF28 		bra	get_error_status
 345               	
 346 01aa 4280      		clr.l	%d0			/* signal no error */
 347               	write_error:
 348 01ac 4E75      		rts
 349               	
 350               	
 351               	
 352               	
 353               	
 354               	
 355               	
 356               	# Wait for IDE not busy and Drive Ready
 357               	#
 358               	ide_wait_not_busy:			/* make sure drive is ready */
 359 01ae 70FF      		move.l	#-1,%d0
 360               	wait_not_busy:
 361 01b0 4EB9 0000 		jsr	usec16			/* wait 16 usec */
 361      0000 
 362 01b6 122D 0007 		move.b	ide_status(%a5),%d1
 363 01ba 0A01 0040 		eor.b	#0x40,%d1		/* invert DRDY bit */
 364 01be 0201 00C0 		and.b	#0xC0,%d1		/* check Busy bit */
 365 01c2 57C8 FFEC 		dbeq.w	%d0,wait_not_busy
 366               	# wait until Busy bit(7) is clear
 367               	
 368               	  /* EQ if okay, NE if not okay */
 369               	
 370 01c6 4E75      		rts
 371               	
 372               	
 373               	# Wait for Data Request
 374               	ide_wait_drq:
 375 01c8 70FF      		move.l	#-1,%d0
 376               	wait_drq:
 377 01ca 4EB9 0000 		jsr	usec16			/* wait 16 usec */
 377      0000 
 378 01d0 122D 0007 		move.b	ide_status(%a5),%d1
 379 01d4 0A01 0008 		eor.b	#0x08,%d1
 380 01d8 0201 0088 		and.b	#0x88,%d1
 381 01dc 57C8 FFEC 		dbeq.w	%d0,wait_drq
 382               	/* EQ if okay, NE if not okay */
 383 01e0 4E75      		rts
 384               	
 385               	
 386               	/* write out the LBA in D2, pick up Slave bit from D1 pointer */
 387               	/* sector count is in D3.b */
 388               	
68K GAS  dualide.s 			page 11


 389               	wr_lba:
 390 01e2 1029 000A 		move.b	(disk_slave_o,%a1),%d0	/* get slave byte */
 391 01e6 0200 0010 		and.b	#0x10,%d0		/* for safety */
 392 01ea E19A      		rol.l	#8,%d2			/* hi byte of LBA to low 8 bits */
 393 01ec 0202 000F 		and.b	#0x0F,%d2		/* 28 bit limit */
 394 01f0 8002      		or.b	%d2,%d0
 395 01f2 0000 00E0 		or.b	#0xE0,%d0		/* select LBA mode */
 396 01f6 5C8D      		add.l	#ide_head,%a5
 397 01f8 1A80      		move.b	%d0,(%a5)
 398 01fa E19A      		rol.l	#8,%d2
 399 01fc 1B02      		move.b	%d2,-(%a5)		/* cylinder high */
 400 01fe E19A      		rol.l	#8,%d2
 401 0200 1B02      		move.b	%d2,-(%a5)		/* cylinder low */
 402 0202 E19A      		rol.l	#8,%d2
 403 0204 1B02      		move.b	%d2,-(%a5)		/* sector */
 404 0206 0203 007F 		and.b	#0x7F,%d3		/* limit sector count to 127 */
 405 020a 1B03      		move.b	%d3,-(%a5)		/* sector count */
 406 020c 558D      		sub.l	#ide_sec_cnt-ide_data,%a5	/* restore A5 */
 407 020e 4E75      		rts
 408               	
 409               	
 410               	
 411               	/*==========================================================================*/
 412               	/*
 413               		BIOS calls dispatch to here
 414               	
 415               		D0.w = bios entry # << 2	(based at 10)
 416               		D1 = disk number
 417               		A0 = buffer address, if any
 418               	
 419               	*/
 420               	/*==========================================================================*/
 421               	
 422               	
 423               		.globl	bios_disk
 424               	bios_disk:
 425 0210 48E7 40C4 		movm.l	%d1/%a0-%a1/%a5,-(%sp)
 426 0214 0C41 0008 		cmp.w	#max_disk,%d1
 427 0218 6504      		bcs.s	bd_ok1
 428 021a 7001      	      	move.l	#1,%d0
 429 021c 6036      		br.s	bd_out
 430               	bd_ok1:
 431 021e 0480 0000 		sub.l	#4*10,%d0		/* base call # at 0 (still *4) */
 431      0028 
 432 0224 E589      		lsl.l	#2,%d1			/* disk # *4 */
 433 0226 43F9 0000 		lea.l	disk_table,%a1
 433      0000 
 434               		
 435 022c 2231 1000 		move.l	(%a1,%d1.w),%d1		/* struct DISK pointer or NULL */
 436 0230 6604      		bne.s	bd_ok2
 437 0232 7002      	      	move.l	#2,%d0
 438 0234 601E      		br.s	bd_out
 439               	bd_ok2:
 440 0236 2241      		move.l	%d1,%a1
 441               	
 442               	#	move.l	(disk_ops_o,%a1),%a0	/* disk_ops_o == 0 */
 443 0238 2051      		move.l	(%a1),%a0		/* A1 = struct DISK, A0 = struct OPER. */
68K GAS  dualide.s 			page 12


 444               	
 445 023a 2230 0000 		move.l	(%a0,%d0.w),%d1		/* routine to call */
 446 023e 6604      		bne.s	bd_ok3
 447 0240 7003      		move.l	#3,%d0			/* function is NULL */
 448 0242 6010      		br.s	bd_out
 449               	bd_ok3:
 450 0244 2041      		move.l	%d1,%a0	
 451               	
 452 0246 223C FFFF 		move.l	#BOARD_BASE_IO,%d1
 452      8000 
 453 024c 8229 0009 		or.b	(disk_port_o,%a1),%d1
 454 0250 2A41      		move.l	%d1,%a5			/* port pointer in A5 */
 455               	
 456               	    /* A1 passes the Disk Table Pointer */
 457 0252 4E90      		jsr	(%a0)			/* dispatch to routine */
 458               	
 459               	bd_out:
 460 0254 4CDF 2302 		movm.l	(%sp)+,%d1/%a0-%a1/%a5	/* restore */
 461               	bd_floppy_out:
 462 0258 4A80      		tst.l	%d0
 463 025a 6604      		bne.s	bd_nok
 464 025c 6000 0000 		br	bios_good_return
 465               	bd_nok:
 466 0260 6000 0000 		br	bios_error_return
 467               	
 468               	
 469               	
 470               		.end
68K GAS  dualide.s 			page 13


DEFINED SYMBOLS
                            *ABS*:000109a0 CPU
                            *ABS*:00000001 RETAIL
             mfpic.s:23     *ABS*:00000001 _mfpic_s
             mfpic.s:26     *ABS*:00000040 mf_pic
             mfpic.s:29     *ABS*:ffff8000 BOARD_BASE_IO
             mfpic.s:32     *ABS*:ffff8040 mfpic_base
             mfpic.s:34     *ABS*:ffff8048 mf_sio
             mfpic.s:35     *ABS*:ffff8044 mf_ppi
             mfpic.s:36     *ABS*:ffff8043 mf_rtc
             mfpic.s:37     *ABS*:ffff8042 mf_cfg
             mfpic.s:38     *ABS*:ffff8040 mf_202
            allide.s:23     *ABS*:00000001 _allide_s
            allide.s:27     *ABS*:00000008 max_disk
            allide.s:28     *ABS*:00000002 max_floppy
                            *COM*:00000020 disk_table
            allide.s:33     *ABS*:00000000 disk_ops_o
            allide.s:34     *ABS*:00000004 disk_lba_o
            allide.s:35     *ABS*:00000008 disk_type_o
            allide.s:36     *ABS*:00000009 disk_port_o
            allide.s:37     *ABS*:0000000a disk_slave_o
            allide.s:39     *ABS*:0000000b disk_status_o
            allide.s:40     *ABS*:0000000c disk_geom_o
            allide.s:53     *ABS*:00000001 ide_a0_line
            allide.s:54     *ABS*:00000002 ide_a1_line
            allide.s:55     *ABS*:00000004 ide_a2_line
            allide.s:65     *ABS*:00000000 ide_cs0_line
            allide.s:66     *ABS*:00000008 ide_cs1_line
            allide.s:77     *ABS*:00000000 ide_data
            allide.s:78     *ABS*:00000001 ide_err
            allide.s:79     *ABS*:00000002 ide_sec_cnt
            allide.s:80     *ABS*:00000003 ide_sector
            allide.s:81     *ABS*:00000004 ide_cyl_lsb
            allide.s:82     *ABS*:00000005 ide_cyl_msb
            allide.s:83     *ABS*:00000006 ide_head
            allide.s:84     *ABS*:00000007 ide_command
            allide.s:85     *ABS*:00000007 ide_status
            allide.s:87     *ABS*:0000000e ide_control
            allide.s:88     *ABS*:0000000e ide_astatus
            allide.s:89     *ABS*:0000000f ide_address
            allide.s:91     *ABS*:00000008 ide_data_16
            allide.s:92     *ABS*:00000009 ide_dma_16
            allide.s:96     *ABS*:00000010 ide_cmd_recal
            allide.s:97     *ABS*:00000020 ide_cmd_read
            allide.s:98     *ABS*:00000030 ide_cmd_write
            allide.s:99     *ABS*:00000091 ide_cmd_init
            allide.s:100    *ABS*:000000ec ide_cmd_id
            allide.s:101    *ABS*:000000ef ide_cmd_set_feature
            allide.s:102    *ABS*:000000e0 ide_cmd_spindown
            allide.s:103    *ABS*:000000e1 ide_cmd_spinup
            allide.s:106    *ABS*:00000001 ide_fea_8bit
            allide.s:107    *ABS*:00000081 ide_fea_16bit
           dualide.s:31     *ABS*:00000080 Dual_IDE_port
           dualide.s:35     *ABS*:00000004 arg1
           dualide.s:36     *ABS*:00000008 arg2
           dualide.s:37     *ABS*:0000000c arg3
           dualide.s:38     *ABS*:00000010 arg4
68K GAS  dualide.s 			page 14


           dualide.s:40     *ABS*:00000008 buffer
           dualide.s:43     *ABS*:ffff8080 dual_ide_A
           dualide.s:44     *ABS*:ffff8090 dual_ide_B
           dualide.s:69     *ABS*:00000001 RECAL
           dualide.s:84     .text:00000000 dide_reset
           dualide.s:108    .text:00000048 reset1
           dualide.s:105    .text:00000046 reset10
           dualide.s:358    .text:000001ae ide_wait_not_busy
           dualide.s:124    .text:00000078 reset2
           dualide.s:121    .text:00000076 reset20
           dualide.s:133    .text:0000008c reset3
           dualide.s:154    .text:0000008e dide_read_id
           dualide.s:156    .text:0000008e dide_info
           dualide.s:182    .text:000000c4 short_info
           dualide.s:197    .text:000000ec read_id_error
           dualide.s:374    .text:000001c8 ide_wait_drq
           dualide.s:177    .text:000000bc read_id_loop
           dualide.s:187    .text:000000d0 get_error_status
           dualide.s:218    .text:000000ee dide_read
           dualide.s:248    .text:0000012c read_error
           dualide.s:389    .text:000001e2 wr_lba
           dualide.s:240    .text:00000120 read_loop
           dualide.s:268    .text:0000012e dide_verify
           dualide.s:296    .text:0000016a verify_error
           dualide.s:289    .text:0000015c verify_loop
           dualide.s:318    .text:0000016c dide_write
           dualide.s:347    .text:000001ac write_error
           dualide.s:340    .text:0000019e write_loop
           dualide.s:360    .text:000001b0 wait_not_busy
           dualide.s:376    .text:000001ca wait_drq
           dualide.s:424    .text:00000210 bios_disk
           dualide.s:430    .text:0000021e bd_ok1
           dualide.s:459    .text:00000254 bd_out
           dualide.s:439    .text:00000236 bd_ok2
           dualide.s:449    .text:00000244 bd_ok3
           dualide.s:461    .text:00000258 bd_floppy_out
           dualide.s:465    .text:00000260 bd_nok

UNDEFINED SYMBOLS
usec_delay
usec16
bios_good_return
bios_error_return
