68K GAS  floppy.s 			page 1


   1               	/*  floppy.s		*/
   2               	/*
   3               		Copyright (C) 2011 John R. Coffman.
   4               		Licensed for hobbyist use on the N8VEM baby M68k CPU board.
   5               	***********************************************************************
   6               	
   7               	    This program is free software: you can redistribute it and/or modify
   8               	    it under the terms of the GNU General Public License as published by
   9               	    the Free Software Foundation, either version 3 of the License, or
  10               	    (at your option) any later version.
  11               	
  12               	    This program is distributed in the hope that it will be useful,
  13               	    but WITHOUT ANY WARRANTY; without even the implied warranty of
  14               	    MERCHANTABILITY or FITNESS FOR A PARTICULAR PURPOSE.  See the
  15               	    GNU General Public License for more details.
  16               	
  17               	    You should have received a copy of the GNU General Public License
  18               	    in the file COPYING in the distribution directory along with this
  19               	    program.  If not, see <http://www.gnu.org/licenses/>.
  20               	
  21               	**********************************************************************/
  22               	.include "mfpic.s"
   1               	#  mfpic.s
   2               	/*
   3               		Copyright (C) 2011 John R. Coffman.
   4               		Licensed for hobbyist use on the N8VEM baby M68k CPU board.
   5               	***********************************************************************
   6               	
   7               	    This program is free software: you can redistribute it and/or modify
   8               	    it under the terms of the GNU General Public License as published by
   9               	    the Free Software Foundation, either version 3 of the License, or
  10               	    (at your option) any later version.
  11               	
  12               	    This program is distributed in the hope that it will be useful,
  13               	    but WITHOUT ANY WARRANTY; without even the implied warranty of
  14               	    MERCHANTABILITY or FITNESS FOR A PARTICULAR PURPOSE.  See the
  15               	    GNU General Public License for more details.
  16               	
  17               	    You should have received a copy of the GNU General Public License
  18               	    in the file COPYING in the distribution directory along with this
  19               	    program.  If not, see <http://www.gnu.org/licenses/>.
  20               	
  21               	**********************************************************************/
  22               	.ifndef _mfpic_s
  23               	_mfpic_s 	=	1
  24               	
  25               	# Z80 port address of MF/PIC board (required)
  26               	mf_pic		=	0x40
  27               	
  28               	# Mini-M68k I/O address base
  29               	BOARD_BASE_IO	=	0xFFFF8000
  30               	
  31               	# board base address:
  32               	mfpic_base      =       BOARD_BASE_IO + mf_pic
  33               	
  34               	mf_sio          =       mfpic_base + 8
  35               	mf_ppi          =       mfpic_base + 4
68K GAS  floppy.s 			page 2


  36               	mf_rtc          =       mfpic_base + 3
  37               	mf_cfg          =       mfpic_base + 2
  38               	mf_202          =       mfpic_base + 0
  39               	
  40               	
  41               	.endif
  42               	
  43               	
  23               	#-----------------------------------------------------------------------------
  24               	.include "ns202def.s"
   1               	/* ns202def.s	*/
   2               	/*
   3               		Copyright (C) 2011 John R. Coffman.
   4               		Licensed for hobbyist use on the N8VEM baby M68k CPU board.
   5               	***********************************************************************
   6               	
   7               	    This program is free software: you can redistribute it and/or modify
   8               	    it under the terms of the GNU General Public License as published by
   9               	    the Free Software Foundation, either version 3 of the License, or
  10               	    (at your option) any later version.
  11               	
  12               	    This program is distributed in the hope that it will be useful,
  13               	    but WITHOUT ANY WARRANTY; without even the implied warranty of
  14               	    MERCHANTABILITY or FITNESS FOR A PARTICULAR PURPOSE.  See the
  15               	    GNU General Public License for more details.
  16               	
  17               	    You should have received a copy of the GNU General Public License
  18               	    in the file COPYING in the distribution directory along with this
  19               	    program.  If not, see <http://www.gnu.org/licenses/>.
  20               	
  21               	**********************************************************************/
  22               	/*	*/
  23               	/*   Register definitions for the NS32202 interrupt controller	*/
  24               	/*	*/
  25               	/*	*/
  26               	.ifndef _ns202def_
  27               	_ns202def_ 	=	1
  28               	.include  "mfpic.s"
  29               	############################################################
  30               	
  31               	
  32               	hvct	        =  0	     /*b	  hardware vector - read by INTA only	*/
  33               	svct	        =  1	     /*b	  software vector - pending	*/
  34               	svcti           =  svct+32   /*b   software vector - in service	*/
  35               	eltg	        =  2	     /*w	  edge/level triggering	*/
  36               	tpl	        =  4	     /*w	  triggering polarity	*/
  37               	ipnd	        =  6	     /*w	  interrupts pending	*/
  38               	isrv	        =  8	     /*w	  interrupts in service	*/
  39               	imsk	        = 10	     /*w	  interrupt mask	*/
  40               	csrc	        = 12	     /*w	  cascaded source	*/
  41               	fprt	        = 14	     /*w	  first priority	*/
  42               	mctl	        = 16	     /*b	  mode control	*/
  43               	ocasn	        = 17	     /*b	  output clock assignment	*/
  44               	ciptr	        = 18	     /*b	  counter interrupt pointer	*/
  45               	pdat	        = 19	     /*b	  port data	*/
  46               	ips	        = 20	     /*b	  interrupt/port select	*/
  47               	pdir	        = 21	     /*b	  port direction	*/
68K GAS  floppy.s 			page 3


  48               	cctl	        = 22	     /*b	  counter control	*/
  49               	cictl	        = 23	     /*b	  counter interrupt control	*/
  50               	lcsv	        = 24	     /*w	  l-counter starting value	*/
  51               	hcsv	        = 26	     /*w	  h-counter starting value	*/
  52               	lccv	        = 28	     /*w	  l-counter current value	*/
  53               	hccv	        = 30	     /*w	  h-counter current value	*/
  54               	
  55               	eoi             = hvct+32    /*b   read for End Of Interrupt signal	*/
  56               	
  57               	
  58               	counter_clock	=	1843200    /* input counter (no prescaling yet) */
  59               	hi_byte	=	25			/* special values needed here */
  60               	
  61               	
  62               	/*    xwxwxwxwbbbbbbbbxwxwxwxwxwxwxwbb	*/
  63               	/*    01010101000000000101010101010100	*/
  64               	
  65               	/*    0101 0101 0000 0000 0101 0101 0101 0100	*/
  66               	/*    0x55005554	*/
  67               	/*    0xFFFC,0xFF00	*/
  68               	
  69               	.endif
  70               	
  25               	#-----------------------------------------------------------------------------
  26               	
  27               			.globl fdc_parameters
  28               		.text
  29               		.even
  30               	fdc_parameters:
  31 0000 0000 0000 		.long 0
  32 0004 0000 0000 		.long 0
  33 0008 0000 0000 		.long HD1200
  34 000c 0000 0000 		.long DD720
  35 0010 0000 0000 		.long HD144
  36 0014 0000 0000 		.long 0
  37 0018 0000 0000 		.long 0
  38 001c 0000 0000 		.long 0
  39               	
  40               	
  41               		.globl	enable
  42               		.globl	disable
  43               		.even
  44               	/* enable all interrupts by going to interrupt level 000 */
  45               	enable:
  46 0020 027C F8FF 		and.w	#0xF8FF,%sr	/* allow all interrupts */
  47 0024 4E75      		rts
  48               	
  49               	/* disable all interrupts by going to interrupt level 111 (7) */
  50               	disable:
  51 0026 007C 0700 		or.w	#0x0700,%sr	/* disallow all interrupts */
  52 002a 4E75      		rts
  53               	
  54               		.globl	floppy_interrupt_1
  55               		.even
  56               	floppy_interrupt_1:
  57 002c 48E7 C0C0 		movm.l	%d0/%d1/%a0/%a1,-(%sp)		/* save the C-call registers */
  58               	
68K GAS  floppy.s 			page 4


  59 0030 4EB9 0000 		jsr	fdcint		/* written in C */
  59      0000 
  60               	
  61 0036 1038 A040 		move.b	(mf_202 + eoi*256),%d0		/* signal End of Interrupt */
  62 003a 4CDF 0303 		movm.l	(%sp)+,%d0/%d1/%a0/%a1		/* restore the registers */
  63 003e 4E73      		rte
  64               	
  65               	
  66               	
  67               	
  68               	
  69               	arg1	=	4
  70               	arg2	=	arg1+4
  71               	arg3	=	arg2+4
  72               	arg4	=	arg3+4
  73               	
  74               	buffer	= 	arg2
  75               	
  76               	
  77               	
  78               	/*
  79               	    Enter general dispatch routines with:
  80               		A0 = buffer pointer, if applicable
  81               		A1 = disk structure pointer
  82               		D0 = garbage
  83               		D1 = garbage
  84               		D2 = LBA sector number
  85               		D3 = number of sectors (only 1, for now)
  86               	
  87               	    Stack:
  88               		SP:	return address
  89               			Saved D1 -- disk number (0..7)
  90               			Saved A0 -- buffer pointer
  91               			Saved A1 -- ???
  92               			Saved A5 -- ???
  93               	
  94               	    May Use:
  95               		D0, D1, A0, A1
  96               	    Must Preserve:
  97               		D2-D7, A2-A7
  98               	
  99               	 */
 100               	
 101               	# -----------------------------------------------------------------------------	
 102               	#  floppy_reset
 103               	# -----------------------------------------------------------------------------	
 104               	#	arg1	disk number  (D1)
 105               	#	A1	disk table pointer
 106               	#	A5	principal M68k I/O address of device
 107               	#
 108               	#   Returns D1 (in stack) mask of devices present (D0 == 0)
 109               	#   Error return if no devices on unit.
 110               	# -----------------------------------------------------------------------------	
 111               		.even
 112               		.globl	floppy_reset
 113               	floppy_reset:
 114 0040 70FF      		move.l	#-1,%d0		/* error return */
68K GAS  floppy.s 			page 5


 115 0042 4E75      		rts
 116               	.if 0
 117               		move.l	#0,%a0			/* accumulate D1 mask here */
 118               	
 119               		move.b	#0b00001110,ide_control(%a5)	/* assert SRST, deassert IEN */
 120               		move.l	#1000,%d0			/* delay 10 ms = 10,000 usec */
 121               		jsr	usec_delay
 122               		move.b	#0b00001010,ide_control(%a5)	/* deassert SRST, deassert IEN */
 123               		move.l	#50000,%d0
 124               		jsr	usec_delay			/* delay 500 ms */
 125               		
 126               	#	cmp.b	#0,ide_head(%a5)
 127               	#	bne.s	reset1
 128               		cmp.b	#0x50,ide_status(%a5)		/* check for BUSY=0, RDY=1, SeekComplete=1 */
 129               		bne.s	reset1
 130               	/* may wish to recalibrate the drive here */
 131               	.if RECAL
 132               		btst	#4,(disk_slave_o,%a1)		/* test SLAVE bit */
 133               		bne.s	reset10				/* branch if SLAVE */
 134               		move.b	#ide_cmd_recal,ide_command(%a5)	/* do a recalibrate of the drive */
 135               		bsr	ide_wait_not_busy
 136               		bne.s	reset1
 137               	reset10:
 138               	.endif
 139               		add.l	#1,%a0				/* mark drive 0 present */
 140               	reset1:
 141               	       	move.b	#0b11110000,ide_head(%a5)	/* select drive 1 */
 142               		move.l	#1000,%d0			/* delay 10 ms = 10,000 usec */
 143               		jsr	usec_delay
 144               		cmp.b	#0x50,ide_status(%a5)		/* check for BUSY=0, RDY=1, SeekComplete=1 */
 145               		bne.s	reset2
 146               	/* may wish to recalibrate the drive here */
 147               	.if RECAL
 148               		btst	#4,(disk_slave_o,%a1)		/* test SLAVE bit */
 149               		beq.s	reset20				/* branch if MASTER */
 150               		move.b	#ide_cmd_recal,ide_command(%a5)	/* do a recalibrate of the drive */
 151               		bsr	ide_wait_not_busy
 152               		bne.s	reset2
 153               	reset20:
 154               	.endif
 155               		add.l	#2,%a0				/* mark drive 1 present */
 156               	reset2:
 157               	       	move.b	#0b11100000,ide_head(%a5)	/* select drive 0 */
 158               	
 159               		move.l	%a0,%d1				/* move to D1 */
 160               		move.l	%d1,arg1(%sp)			/* save in stack */
 161               		clr.l	%d0
 162               		tst.b	%d1
 163               		bne.s	reset3
 164               		move.l	#1,%d0				/* error return */
 165               	reset3:
 166               		rts
 167               	.endif
 168               	
 169               	
 170               	
 171               	
68K GAS  floppy.s 			page 6


 172               	
 173               	# -----------------------------------------------------------------------------	
 174               	#  floppy_info		
 175               	# -----------------------------------------------------------------------------	
 176               	# Read the 512 byte ID information from the attached drive
 177               	#
 178               	#	arg1	disk number  (D1)
 179               	#	arg2	buffer or NULL	(A0)
 180               	#	A1	disk table pointer
 181               	#	A5	principal M68k I/O address of device
 182               	#
 183               	#	int fdc_info(int lba, int geom, byte disk_no);
 184               	#		set lba & geom for return
 185               	#-----------------------------------------------------------------------------
 186               		.even
 187               		.globl	floppy_info
 188               	floppy_info:
 189 0044 518F      		sub.l	#8,%sp		/* make space on stack */
 190 0046 4EB9 0000 		jsr	fdc_info	/* fdc_info(byte disk#) */
 190      0000 
 191 004c 4CDF 0006 		movm.l	(%sp)+,%d1/%d2	/* return values */
 192               				/* return D0 */
 193 0050 4E75      		rts
 194               	
 195               	
 196               	
 197               		
 198               	# -----------------------------------------------------------------------------	
 199               	#  floppy_read
 200               	# -----------------------------------------------------------------------------	
 201               	#	;read a sector, specified by the 4 bytes in "lba",
 202               	#	;Return, acc is zero on success, non-zero for an error
 203               	#
 204               	#	arg1	disk number  (D1)
 205               	#	arg2	buffer	(A0)
 206               	#	A1	disk table pointer
 207               	#	D2	LBA address
 208               	#	D3	sector count (assumed to be 1)
 209               	#	A5	principal M68k I/O address of device
 210               	#
 211               	#
 212               	#-----------------------------------------------------------------------------
 213               		.even
 214               		.globl	floppy_read
 215               	floppy_read:
 216 0052 70FF      		move.l	#-1,%d0		/* error return */
 217 0054 4E75      		rts
 218               	.if 0
 219               		move.l	(buffer,%sp),%a0		/* get buffer address */
 220               		move.l	#5,%d0				/* error code */
 221               		cmp.l	(disk_lba_o,%a1),%d2		/* check lba address */
 222               		bcc.s	read_error
 223               	
 224               		move.l	#4,%d0				/* error code */
 225               		cmp.l	#1,%d3
 226               		bne.s	read_error			/* for now */
 227               	
68K GAS  floppy.s 			page 7


 228               		bsr	ide_wait_not_busy
 229               		bne.s	read_error			/* %D0 == -1 */
 230               	
 231               		bsr	wr_lba
 232               	
 233               		move.b	#ide_cmd_read,ide_command(%a5)	/* send ID command */
 234               	
 235               		bsr	ide_wait_drq
 236               		bne.s	read_error			/* %D0 == -1 */
 237               	
 238               		move.w	#511,%d1
 239               		add.l	#ide_data_16,%a5
 240               	read_loop:
 241               		move.b	(%a5),(%a0)+
 242               		dbra.w	%d1,read_loop
 243               		sub.l	#ide_data_16,%a5
 244               	
 245               		bra	get_error_status
 246               	
 247               	#	clr.l	%d0			/* signal no error */
 248               	read_error:
 249               		rts
 250               	.endif
 251               	
 252               	
 253               	# -----------------------------------------------------------------------------	
 254               	#  floppy_verify
 255               	# -----------------------------------------------------------------------------	
 256               	#	;read a sector, specified by the 4 bytes in "lba",
 257               	#	;Return, acc is zero on success, non-zero for an error
 258               	#
 259               	#	arg1	disk number  (D1)
 260               	#	A1	disk table pointer
 261               	#	D2	LBA address
 262               	#	D3	sector count (assumed to be 1)
 263               	#	A5	principal M68k I/O address of device
 264               	#
 265               	#
 266               	#-----------------------------------------------------------------------------
 267               		.even
 268               		.globl	floppy_verify
 269               	floppy_verify:
 270 0056 70FF      		move.l	#-1,%d0		/* error return */
 271 0058 4E75      		rts
 272               	.if 0
 273               		move.l	#5,%d0				/* error code */
 274               		cmp.l	(disk_lba_o,%a1),%d2		/* check lba address */
 275               		bcc.s	verify_error
 276               	
 277               		move.l	#4,%d0				/* error code */
 278               		cmp.l	#1,%d3
 279               		bne.s	verify_error			/* for now */
 280               	
 281               		bsr	ide_wait_not_busy
 282               		bne.s	verify_error			/* %D0 == -1 */
 283               	
 284               		bsr	wr_lba
68K GAS  floppy.s 			page 8


 285               	
 286               		move.b	#ide_cmd_read,ide_command(%a5)	/* send READ command */
 287               	
 288               		bsr	ide_wait_drq
 289               		bne.s	verify_error			/* %D0 == -1 */
 290               	
 291               		move.w	#511,%d1
 292               		add.l	#ide_data_16,%a5
 293               	verify_loop:
 294               		move.b	(%a5),%d0
 295               		dbra.w	%d1,verify_loop
 296               		sub.l	#ide_data_16,%a5
 297               	 	bra	get_error_status
 298               	
 299               		clr.l	%d0			/* signal no error */
 300               	verify_error:
 301               		rts
 302               	.endif
 303               	
 304               	
 305               	
 306               	#-----------------------------------------------------------------------------
 307               	#  floppy_write
 308               	# -----------------------------------------------------------------------------	
 309               	#	;write a sector, specified by the 4 bytes in "lba",
 310               	#	;Return, acc is zero on success, non-zero for an error
 311               	#
 312               	#	arg1	disk number  (D1)
 313               	#	arg2	buffer	(A0)
 314               	#	A1	disk table pointer
 315               	#	D2	LBA address
 316               	#	D3	sector count (assumed to be 1)
 317               	#	A5	principal M68k I/O address of device
 318               	#
 319               	#
 320               	#-----------------------------------------------------------------------------
 321               		.even
 322               		.globl	floppy_write
 323               	floppy_write:
 324 005a 70FF      		move.l	#-1,%d0		/* error return */
 325 005c 4E75      		rts
 326               	.if 0
 327               		move.l	(buffer,%sp),%a0		/* get buffer address */
 328               		move.l	#5,%d0				/* error code */
 329               		cmp.l	(disk_lba_o,%a1),%d2		/* check lba address */
 330               		bcc.s	write_error
 331               	
 332               		move.l	#4,%d0				/* error code */
 333               		cmp.l	#1,%d3
 334               		bne.s	write_error			/* for now */
 335               	
 336               		bsr	ide_wait_not_busy
 337               		bne.s	write_error			/* %D0 == -1 */
 338               	
 339               		bsr	wr_lba
 340               	
 341               		move.b	#ide_cmd_write,ide_command(%a5)	/* send WRITE command */
68K GAS  floppy.s 			page 9


 342               	
 343               		bsr	ide_wait_drq
 344               		bne.s	write_error			/* %D0 == -1 */
 345               	
 346               		move.w	#511,%d1
 347               		add.l	#ide_data_16,%a5
 348               	write_loop:
 349               		move.b	(%a0)+,(%a5)
 350               		dbra.w	%d1,write_loop
 351               		sub.l	#ide_data_16,%a5
 352               		bra	get_error_status
 353               	
 354               		clr.l	%d0			/* signal no error */
 355               	write_error:
 356               		rts
 357               	.endif
 358               	
 359               		.even
 360               		.globl	floppy_format
 361               	floppy_format:
 362 005e 70FF      		move.l	#-1,%d0		/* error return */
 363 0060 4E75      		rts
 364               	
 365               	
68K GAS  floppy.s 			page 10


DEFINED SYMBOLS
                            *ABS*:000109a0 CPU
                            *ABS*:00000001 RETAIL
             mfpic.s:23     *ABS*:00000001 _mfpic_s
             mfpic.s:26     *ABS*:00000040 mf_pic
             mfpic.s:29     *ABS*:ffff8000 BOARD_BASE_IO
             mfpic.s:32     *ABS*:ffff8040 mfpic_base
             mfpic.s:34     *ABS*:ffff8048 mf_sio
             mfpic.s:35     *ABS*:ffff8044 mf_ppi
             mfpic.s:36     *ABS*:ffff8043 mf_rtc
             mfpic.s:37     *ABS*:ffff8042 mf_cfg
             mfpic.s:38     *ABS*:ffff8040 mf_202
          ns202def.s:27     *ABS*:00000001 _ns202def_
          ns202def.s:32     *ABS*:00000000 hvct
          ns202def.s:33     *ABS*:00000001 svct
          ns202def.s:34     *ABS*:00000021 svcti
          ns202def.s:35     *ABS*:00000002 eltg
          ns202def.s:36     *ABS*:00000004 tpl
          ns202def.s:37     *ABS*:00000006 ipnd
          ns202def.s:38     *ABS*:00000008 isrv
          ns202def.s:39     *ABS*:0000000a imsk
          ns202def.s:40     *ABS*:0000000c csrc
          ns202def.s:41     *ABS*:0000000e fprt
          ns202def.s:42     *ABS*:00000010 mctl
          ns202def.s:43     *ABS*:00000011 ocasn
          ns202def.s:44     *ABS*:00000012 ciptr
          ns202def.s:45     *ABS*:00000013 pdat
          ns202def.s:46     *ABS*:00000014 ips
          ns202def.s:47     *ABS*:00000015 pdir
          ns202def.s:48     *ABS*:00000016 cctl
          ns202def.s:49     *ABS*:00000017 cictl
          ns202def.s:50     *ABS*:00000018 lcsv
          ns202def.s:51     *ABS*:0000001a hcsv
          ns202def.s:52     *ABS*:0000001c lccv
          ns202def.s:53     *ABS*:0000001e hccv
          ns202def.s:55     *ABS*:00000020 eoi
          ns202def.s:58     *ABS*:001c2000 counter_clock
          ns202def.s:59     *ABS*:00000019 hi_byte
            floppy.s:30     .text:00000000 fdc_parameters
            floppy.s:45     .text:00000020 enable
            floppy.s:50     .text:00000026 disable
            floppy.s:56     .text:0000002c floppy_interrupt_1
            floppy.s:69     *ABS*:00000004 arg1
            floppy.s:70     *ABS*:00000008 arg2
            floppy.s:71     *ABS*:0000000c arg3
            floppy.s:72     *ABS*:00000010 arg4
            floppy.s:74     *ABS*:00000008 buffer
            floppy.s:113    .text:00000040 floppy_reset
            floppy.s:188    .text:00000044 floppy_info
            floppy.s:215    .text:00000052 floppy_read
            floppy.s:269    .text:00000056 floppy_verify
            floppy.s:323    .text:0000005a floppy_write
            floppy.s:361    .text:0000005e floppy_format

UNDEFINED SYMBOLS
HD1200
DD720
68K GAS  floppy.s 			page 11


HD144
fdcint
fdc_info
