68K GAS  startup.s 			page 1


   1               	/*  startup.s  */
   2               	/*
   3               		Copyright (C) 2011,2012,2016 John R. Coffman.
   4               		Licensed for hobbyist use on the RetroBrew 68000 CPU boards.
   5               		Licensed for hobbyist use on the N8VEM baby M68k CPU board.
   6               	***********************************************************************
   7               	
   8               	    This program is free software: you can redistribute it and/or modify
   9               	    it under the terms of the GNU General Public License as published by
  10               	    the Free Software Foundation, either version 3 of the License, or
  11               	    (at your option) any later version.
  12               	
  13               	    This program is distributed in the hope that it will be useful,
  14               	    but WITHOUT ANY WARRANTY; without even the implied warranty of
  15               	    MERCHANTABILITY or FITNESS FOR A PARTICULAR PURPOSE.  See the
  16               	    GNU General Public License for more details.
  17               	
  18               	    You should have received a copy of the GNU General Public License
  19               	    in the file COPYING in the distribution directory along with this
  20               	    program.  If not, see <http://www.gnu.org/licenses/>.
  21               	
  22               	**********************************************************************/
  23               	.include  "mfpic.s"		
   1               	#  mfpic.s
   2               	/*
   3               		Copyright (C) 2011 John R. Coffman.
   4               		Licensed for hobbyist use on the N8VEM baby M68k CPU board.
   5               	***********************************************************************
   6               	
   7               	    This program is free software: you can redistribute it and/or modify
   8               	    it under the terms of the GNU General Public License as published by
   9               	    the Free Software Foundation, either version 3 of the License, or
  10               	    (at your option) any later version.
  11               	
  12               	    This program is distributed in the hope that it will be useful,
  13               	    but WITHOUT ANY WARRANTY; without even the implied warranty of
  14               	    MERCHANTABILITY or FITNESS FOR A PARTICULAR PURPOSE.  See the
  15               	    GNU General Public License for more details.
  16               	
  17               	    You should have received a copy of the GNU General Public License
  18               	    in the file COPYING in the distribution directory along with this
  19               	    program.  If not, see <http://www.gnu.org/licenses/>.
  20               	
  21               	**********************************************************************/
  22               	.ifndef _mfpic_s
  23               	_mfpic_s 	=	1
  24               	
  25               	# Z80 port address of MF/PIC board (required)
  26               	mf_pic		=	0x40
  27               	
  28               	# Mini-M68k I/O address base
  29               	BOARD_BASE_IO	=	0xFFFF8000
  30               	
  31               	# board base address:
  32               	mfpic_base      =       BOARD_BASE_IO + mf_pic
  33               	
  34               	mf_sio          =       mfpic_base + 8
68K GAS  startup.s 			page 2


  35               	mf_ppi          =       mfpic_base + 4
  36               	mf_rtc          =       mfpic_base + 3
  37               	mf_cfg          =       mfpic_base + 2
  38               	mf_202          =       mfpic_base + 0
  39               	
  40               	
  41               	.endif
  42               	
  43               	
  24               	############################################################
  25               	.include  "ppi.s"
   1               	#  ppi.s
   2               	/*
   3               		Copyright (C) 2011 John R. Coffman.
   4               		Licensed for hobbyist use on the N8VEM baby M68k CPU board.
   5               	***********************************************************************
   6               	
   7               	    This program is free software: you can redistribute it and/or modify
   8               	    it under the terms of the GNU General Public License as published by
   9               	    the Free Software Foundation, either version 3 of the License, or
  10               	    (at your option) any later version.
  11               	
  12               	    This program is distributed in the hope that it will be useful,
  13               	    but WITHOUT ANY WARRANTY; without even the implied warranty of
  14               	    MERCHANTABILITY or FITNESS FOR A PARTICULAR PURPOSE.  See the
  15               	    GNU General Public License for more details.
  16               	
  17               	    You should have received a copy of the GNU General Public License
  18               	    in the file COPYING in the distribution directory along with this
  19               	    program.  If not, see <http://www.gnu.org/licenses/>.
  20               	
  21               	**********************************************************************/
  22               	#
  23               	.ifndef	_ppi_s
  24               	_ppi_s		=	1
  25               	.include  "mfpic.s"
  26               	############################################################
  27               	
  28               	# offsets from the base port address
  29               	portA_o		=	0
  30               	portB_o		=	1
  31               	portC_o		=	2
  32               	portCTRL_o	=	3
  33               	
  34               	# absolute port addresses
  35               	portA		=	mf_ppi + portA_o
  36               	portB		=	mf_ppi + portB_o
  37               	portC		=	mf_ppi + portC_o
  38               	portCTRL	=	mf_ppi + portCTRL_o
  39               	
  40               	.endif
  41               	
  42               	
  26               	############################################################
  27               	.include  "biostrap.s"
   1               	#  biostrap.s
   2               	/*
68K GAS  startup.s 			page 3


   3               		Copyright (C) 2011,2015 John R. Coffman.
   4               		Licensed for hobbyist use only.
   5               	***********************************************************************
   6               	
   7               	    This program is free software: you can redistribute it and/or modify
   8               	    it under the terms of the GNU General Public License as published by
   9               	    the Free Software Foundation, either version 3 of the License, or
  10               	    (at your option) any later version.
  11               	
  12               	    This program is distributed in the hope that it will be useful,
  13               	    but WITHOUT ANY WARRANTY; without even the implied warranty of
  14               	    MERCHANTABILITY or FITNESS FOR A PARTICULAR PURPOSE.  See the
  15               	    GNU General Public License for more details.
  16               	
  17               	    You should have received a copy of the GNU General Public License
  18               	    in the file COPYING in the distribution directory along with this
  19               	    program.  If not, see <http://www.gnu.org/licenses/>.
  20               	
  21               	**********************************************************************/
  22               	#
  23               	#	Definitions of the  Baby M68000 CPU  BIOS trap calls
  24               	#
  25               	#
  26               	bios		=	8		/* trap #8 used for all BIOS calls */
  27               	BIOS		=	8		/* make case insensitive */
  28               	
  29               	
  30               	#  General usage:
  31               	#
  32               	#	move.l	param1,%d1
  33               	#	move.l	param2,%d2
  34               	#	move	address,%a0
  35               	#
  36               	#	move.b	#<bioscall>,%d0		/* BIOS call number in low byte of D0 */
  37               	#	trap	#BIOS
  38               	#
  39               	#	Carry Clear means no error		<some calls only>
  40               	#	Carry Set means an error occurred	<some calls only>
  41               	#	Error code usually returned in D0
  42               	#	Returned values in D1,D2,... A0,...	<see call description>
  43               	#
  44               	#
  45               	#
  46               	#
  47               	#
  48               	#		   D0 function
  49               	#		      code
  50               	#
  51               	sioput		=	2	/* D1 = character to put out */
  52               	siostr		=	3	/* A0 = string ptr, D1 = termination char */
  53               					/* returns D0 = number of chars put out */
  54               	sioget		=	4	/* D1 = returned character (waits) */
  55               	siotst		=	5	/* D0 = 0, no character available  */
  56               					/* D0 = 1..n, number of characters waiting */
  57               	
  58               	cpuhma		=	6	/* OBSOLETE!!! USE fn 8, D1=0; 
  59               					   old:  return HMA in D0 -- 0x00200000 on max. system */
68K GAS  startup.s 			page 4


  60               	cpustop		=	7	/* stop execution */
  61               	hma_alloc	=	8	/* allocate D1 bytes of highest memory; return HMA (new) in D0 */
  62               	
  63               	/* IDE disk drivers */		/* D1 = disk # for all of the following:   */
  64               	disk_reset	=	10	/* D1 = disk # -- may reset entire controller */
  65               	disk_info	=	11	/* D1;  A0 = 512 byte buffer for disk ID */
  66               	disk_read	=	12	/* D1;  A0 = buffer; D2 = LBA sector; D3 = sector count */
  67               	disk_write	=	13	/* ditto */
  68               	disk_verify	=	14	/* D1; D2 = LBA sector; D3 = sector count */
  69               	/* Floppies only:   */
  70               	disk_format	=	15	/* D1; A0 = interleave info/track */
  71               	/*
  72               	   Disk numbers are 0,1 for floppies; 2..7 for IDE disks
  73               	 */
  74               	
  75               	day_time	=	20	/* D1 = return option */
  76               	
  77               	
  78               	# biostrap.s -- end of file
  79               	
  80               	
  28               	############################################################
  29               	
  30               	
  31               		.bss
  32               	 	.comm	h_m_a,4,4
  33               		.comm	memmax,4,4		/* KISS board DOUBLE jumper setting */
  34               		.comm __ctype_ptr,4,4
  35               		.comm	mem_chain,4,4
  36               		.comm	reset_code,4,4		/* used to flag Reset exception trap */
  37               						/* which requests a full memory test */
  38               		.comm	nvram,32,2
  39               		.comm	debug,2,2
  40               		.comm	uart_type,1,1		/* uart type determination */
  41               	.if 0
  42               		.comm	buffer,512,2
  43               	.endif
  44               	
  45               	/* error stop codes:       */
  46               	ERR_SRAM_DATA_PATH_1	=	7		/* used in 'sram_test.s'  */
  47               	ERR_SRAM_DATA_PATH_2	=	6		/*    ditto		*/
  48               	ERR_SRAM_BIT_TEST	=	5		/* test every bit in SRAM */
  49               	ERR_UART_NOT_FOUND	=	4		/* cannot find MF/PIC UART */
  50               	/* never can find the UART at power-up, but it is there after a Reset  ??? */
  51               	/* explanation:  MSR is unpredictable  */
  52               	
  53               	
  54               	/* flag Reset exception trap into a full memory test */
  55               	FLAG_RESET	=	0x3456789A
  56               	
  57               		.text
  58               		.globl	location_zero
  59               		.globl	_start
  60               		.globl	space, crlf
  61               	
  62               	/* the bootstrap longwords:  */
  63               	location_zero:
68K GAS  startup.s 			page 5


  64               	.if CPU==68030
  65               		.long	0xFFFE6000		/* Reset:  initial SSP==ISP */
  66               	.else
  67 0000 0007 0000 		.long	0x70000			/* Reset:  initial SSP */
  68               	.endif
  69 0004 0000 0000 		.long	_start			/* Reset:  initial PC  */
  70               	.if CPU==68030
  71               		.long	bus_error
  72               	.endif
  73               	
  74               	/* We want the copyright notice as near to the start of the ROM as possible */
  75               	msg_copyright:
  76 0008 436F 7079 		.ascii	"Copyright (C) 2011-2016 John R. Coffman  <johninsd@gmail.com>"
  76      7269 6768 
  76      7420 2843 
  76      2920 3230 
  76      3131 2D32 
  77 0045 0D0A      		.ascii	"\r\n"
  78 0047 436F 7079 		.ascii	"Copyright (C) 2015 William R. Sowerbutts <will@sowerbutts.com>"
  78      7269 6768 
  78      7420 2843 
  78      2920 3230 
  78      3135 2057 
  79 0085 0D0A 00   	mcrlf:	.asciz	"\r\n"
  80               	
  81               	
  82               	/* these may be moved anywhere */	
  83               		.align	4
  84               	vector_2:
  85 0088 0000 0000 		.long	exception_2		/* Bus Error     *** */
  86 008c 0000 0000 		.long	exception_3		/* Address Error *** */
  87 0090 0000 0000 		.long	exception_4		/* Illegal Instruction */
  88 0094 0000 0000 		.long	exception_5		/* Zero Divide */
  89 0098 0000 0000 		.long	exception_6		/* CHK instruction */
  90 009c 0000 0000 		.long	exception_7		/* TRAPV instruction */
  91 00a0 0000 0000 		.long	exception_8		/* Privilege violation */
  92 00a4 0000 0000 		.long	exception_9		/* Trace trap */
  93 00a8 0000 0000 		.long	exception_10		/* Emulation 1010 */
  94 00ac 0000 0000 		.long	exception_11		/* Emulation 1111 */
  95 00b0 0000 0000 		.long	exception_12		/* reserved */
  96 00b4 0000 0000 		.long	exception_13		/* reserved */
  97 00b8 0000 0000 		.long	exception_14		/* Format error */
  98 00bc 0000 0000 		.long	exception_15		/* Uninitialized interrupt error */
  99               	
 100               	vector_16:
 101               		.globl	spurious_return		/* return from PIC interrupts */
 102               	/* the eight PIC202 interrupts are here */
 103               	
 104 00c0 0000 0000 		.long	spurious_return		/* 0 */
 105 00c4 0000 0000 		.long	spurious_return
 106 00c8 0000 0000 		.long	spurious_return		/* 2 */
 107               		  .globl	interrupt_3_timer
 108 00cc 0000 0000 		.long	interrupt_3_timer	/* handled in pic202.s */
 109 00d0 0000 0000 		.long	spurious_return		/* 4 */
 110 00d4 0000 0000 		.long	spurious_return
 111 00d8 0000 0000 		.long	spurious_return		/* 6 */
 112               	.if 0
68K GAS  startup.s 			page 6


 113               		  .globl	interrupt_7_semaphore
 114               		.long	interrupt_7_semaphore	/* handled in pic202.s */
 115               	.else
 116 00dc 0000 0000 		.long	spurious_return
 117               	.endif
 118               	
 119               	vector_24:
 120               	/* auto-vectored interrupts (7 is NMI) */
 121 00e0 0000 0000 		.long	exception_trap		/* 0 */
 122 00e4 0000 0000 		.long	exception_trap
 123 00e8 0000 0000 		.long	exception_trap
 124 00ec 0000 0000 		.long	exception_trap
 125 00f0 0000 0000 		.long	exception_trap
 126 00f4 0000 0000 		.long	exception_trap
 127 00f8 0000 0000 		.long	exception_trap
 128 00fc 0000 0000 		.long	exception_trap		/* 7 -- NMI */
 129               	
 130               	vector_32:
 131               	/* the TRAP call vectors */
 132 0100 0000 0000 		.long	exception_trap		/*  0 */
 133 0104 0000 0000 		.long	exception_trap
 134 0108 0000 0000 		.long	exception_trap		/*  2 -- CP/M-68 BDOS calls */
 135 010c 0000 0000 		.long	exception_trap		/*  3 -- BIOS calls for CP/M-68 */
 136 0110 0000 0000 		.long	exception_trap		/*  4 */
 137 0114 0000 0000 		.long	exception_trap
 138 0118 0000 0000 		.long	exception_trap
 139 011c 0000 0000 		.long	exception_trap		/*  7 */
 140               		  .globl	bios_trap_entry
 141 0120 0000 0000 		.long	bios_trap_entry		/*  8 -- put the BIOS calls here */
 142 0124 0000 0000 		.long	exception_trap		/*  9 */
 143 0128 0000 0000 		.long	exception_trap
 144 012c 0000 0000 		.long	exception_trap
 145 0130 0000 0000 		.long	exception_trap		/* 12 */
 146 0134 0000 0000 		.long	exception_trap
 147 0138 0000 0000 		.long	exception_trap
 148 013c 0000 0000 		.long	exception_trap		/* 15 -- used by simulator */
 149               	
 150               	vector_48:
 151               	/* unassigned exception traps */
 152               	.rept	16
 152 0140 0000 0000 	> .long exception_trap
 152               	> 
 152 0144 0000 0000 	> .long exception_trap
 152               	> 
 152 0148 0000 0000 	> .long exception_trap
 152               	> 
 152 014c 0000 0000 	> .long exception_trap
 152               	> 
 152 0150 0000 0000 	> .long exception_trap
 152               	> 
 152 0154 0000 0000 	> .long exception_trap
 152               	> 
 152 0158 0000 0000 	> .long exception_trap
 152               	> 
 152 015c 0000 0000 	> .long exception_trap
 152               	> 
 152 0160 0000 0000 	> .long exception_trap
68K GAS  startup.s 			page 7


 152               	> 
 152 0164 0000 0000 	> .long exception_trap
 152               	> 
 152 0168 0000 0000 	> .long exception_trap
 152               	> 
 152 016c 0000 0000 	> .long exception_trap
 152               	> 
 152 0170 0000 0000 	> .long exception_trap
 152               	> 
 152 0174 0000 0000 	> .long exception_trap
 152               	> 
 152 0178 0000 0000 	> .long exception_trap
 152               	> 
 152 017c 0000 0000 	> .long exception_trap
 153               		.long	exception_trap
 154               	.endr
 155               	
 156               	
 157               	/* only 64 exception vectors are defined on the MINI    */
 158               	/* a full 256 exception vectors are defined on the KISS */
 159               	.if CPU>=68020
 160               	vector_64:
 161               	/* unassigned exception traps for use by User OS */
 162               	.rept	192
 163               		.long	exception_trap
 164               	.endr
 165               	.endif
 166               	
 167               	vector_final:
 168               	# end of the exception vectors
 169               	
 170               	
 171               		.globl	msg_welcome
 172               		.globl	msg_GNU_license
 173               	
 174               	
 175               	msg_test1:
 176 0180 546F 2065 		.ascii	"To enter Setup type 's' during the memory test.\r\n"
 176      6E74 6572 
 176      2053 6574 
 176      7570 2074 
 176      7970 6520 
 177 01b1 0D54 6573 		.asciz	"\rTesting, sizing, and clearing memory ..."
 177      7469 6E67 
 177      2C20 7369 
 177      7A69 6E67 
 177      2C20 616E 
 178               	msg_test2:
 179 01db 0D46 6F75 		.asciz	"\rFound memory from "
 179      6E64 206D 
 179      656D 6F72 
 179      7920 6672 
 179      6F6D 2000 
 180               	msg_to:
 181 01ef 2074 6F20 		.asciz	" to "
 181      00
 182               	msg_blanks:
68K GAS  startup.s 			page 8


 183 01f4 2020 2020 		.asciz	"          "
 183      2020 2020 
 183      2020 00
 184               	.if CPU<68010
 185               	msg_low_32k_err:
 186 01ff 4D65 6D6F 		.asciz	"Memory failure between 0..32767; the system is stopped.\r\n"
 186      7279 2066 
 186      6169 6C75 
 186      7265 2062 
 186      6574 7765 
 187               	.endif
 188               	msg_reset:
 189 0239 0D0A 0A20 		.asciz	"\r\n\n     RESET exception trap requests a full memory test.\r\n"
 189      2020 2020 
 189      5245 5345 
 189      5420 6578 
 189      6365 7074 
 190               		
 191               	
 192               	  .globl	bout,wout,dout,lout,nout
 193               	
 194 0275 00        		.even
 195               	space:
 196 0276 103C 0020 		move.b	#0x20,%d0
 197 027a 6000 0000 		br	sio_put
 198               	crlf:
 199 027e 41FA FE05 		lea	mcrlf(%pc),%a0
 200 0282 6000 0000 		br	put_string
 201               	
 202               		.globl	adout, lout, wout, bout, nout, woutD
 203               	adout:
 204 0286 4840      		swap	%d0
 205               	.if CPU<68020
 206 0288 6110      		bsr.s	bout
 207               	.else
 208               		bsr.s	wout
 209               	.endif
 210 028a 4840      		swap	%d0
 211 028c 6006      		br.s	wout	
 212               	lout:
 213               	dout:
 214 028e 4840      		swap	%d0
 215 0290 6102      		bsr.s	wout
 216 0292 4840      		swap	%d0
 217               	wout:
 218 0294 E058      		ror.w	#8,%d0
 219 0296 6102      		bsr.s	bout
 220 0298 E058      		ror.w	#8,%d0
 221               	bout:
 222 029a E818      		ror.b	#4,%d0
 223 029c 6102      		bsr.s	nout
 224 029e E818      		ror.b	#4,%d0
 225               	nout:				/* write out the low nibble in ASCII */
 226 02a0 2F00      		move.l	%d0,-(%sp)	/* push D0 */
 227 02a2 0200 000F 		and.b	#0x0F,%d0	/* mask nibble */
 228 02a6 0600 0030 		add.b	#0x30,%d0
 229 02aa 0C00 003A 		cmp.b	#0x3A,%d0	/* check for hex digit */
68K GAS  startup.s 			page 9


 230 02ae 6500 0004 		blo	nout2
 231 02b2 5E00      		add.b	#0x41-0x3A,%d0
 232               	nout2:
 233 02b4 6100 0000 		bsr	sio_put
 234 02b8 201F      		move.l	(%sp)+,%d0	/* pop D0 */
 235 02ba 4E75      		rts
 236               	.if 1
 237               	woutD:	/* put out a decimal word */
 238 02bc 0280 0000 		and.l	#0x0000FFFF,%d0
 238      FFFF 
 239 02c2 80FC 000A 		divu.w	#10,%d0			/* D0 =  R:Q */
 240 02c6 3000      		move.w	%d0,%d0
 241 02c8 6706      		jbeq	woutD1
 242               	
 243 02ca 2F00      		move.l	%d0,-(%sp)		/* save D0 */
 244 02cc 61EE      		jbsr	woutD			/* put out the quotient */
 245 02ce 201F      		move.l	(%sp)+,%d0		/* restore D0 */
 246               	
 247               	woutD1:
 248 02d0 4840      		swap	%d0			/* remainder to D0.w */
 249 02d2 60CC      		jbra	nout			/* put out the nibble */
 250               	.endif
 251               	
 252               		
 253               	    .globl data_cache_flush
 254               	data_cache_flush:
 255               	    /* WRS: need to read the documentation here -- can we write just a single bit
 256               	       to flush the data cache, or do we need to read and preserve the other bits? */
 257               	.if CPU>=68020
 258               	    movec.l %cacr,%d0
 259               	    or.w    #CACR_CD,%d0    /* clear data cache */
 260               	    movec.l %d0,%cacr
 261               	.endif
 262 02d4 4E75      	    rts
 263               	
 264               	    .globl cpu_cache_disable
 265               	cpu_cache_disable:
 266               	.if CPU>=68020
 267               	    move.l  #(CACR_CI+CACR_CD),%d0 /* disable and clear caches -- WRS: do we need to *freeze* them 
 268               	    movec.l %d0,%cacr
 269               	.endif
 270 02d6 4E75      	    rts
 271               	
 272               	
 273               	
 274               	_start:
 275 02d8 46FC 2700 		move.w  #0x2700,%sr     /* reset value of SR; insurance against
 276               		                           a user mode jump to this location */
 277               	.if CPU==68030
 278               		move.l	#location_zero+4,%d0		/* fudge value */
 279               		movec	%d0,%vbr			/* set vector base */
 280               		
 281               	.include  "sram_test.s"
 282               	
 283               	/* now find the setting of the DOUBLE jumper */
 284               		move.l	#location_zero,%d0
 285               		movec	%d0,%vbr			/* set vector base */
68K GAS  startup.s 			page 10


 286               		move.l	%sp,%a1
 287               		move.l	#64*1024*1024,%d7
 288               		move.l	%d7,%a0
 289               		move.b	(%a0),%d1		/* this will cause a bus error  */
 290               	  /* possible bus error skips */	/* if the DOUBLE jumper is not set */
 291               		move.l	#256*1024*1024,%d7	/* change D7 if no bus error */
 292               	bus_error:
 293               		/* D7 is set to 256Mb or 64Mb */
 294               		move.l	%a1,%sp			/* restore SSP */
 295               		
 296               		move.l	#location_zero+4,%d0	/* fudge the VBR */
 297               		movec	%d0,%vbr		/* ** */
 298               	
 299               		move.l	%d7,%d0			/* set D0 for DRAM priming */
 300               		
 301               	.include  "dram_test.s"
 302               	.endif
 303               	
 304 02dc 203C FFFF 		move.l	#mf_sio,%d0
 304      8048 
 305 02e2 4DFA 0008 		lea	uart01(%pc),%a6
 306 02e6 4EF9 0000 		jmp	_uart_find
 306      0000 
 307               	uart01:	/* return here */
 308               	.if !RETAIL & 0
 309               		lsl.l	#8,%d2
 310               		move.b	%d0,%d2
 311               		lsl.l	#8,%d2
 312               		move.b	%d1,%d2
 313               		move.l	%d2,-(%sp)
 314               	.endif
 315 02ec 2F01      		move.l	%d1,-(%sp)		/* stack the uart type */
 316 02ee 7004      		move.l	#ERR_UART_NOT_FOUND,%d0  /* possible error code */
 317 02f0 4A81      		tst.l	%d1
 318 02f2 6608      		bne.s	uart02
 319 02f4 4BFA 0006 		lea	uart02(%pc),%a5
 320 02f8 4EFA 059A 		jmp	_Blink
 321               	uart02:
 322               	
 323               	# check for a RESET exception trap
 324 02fc 2A39 0000 		move.l	reset_code,%d5
 324      0000 
 325               	
 326               	
 327               	.if !RETAIL
 328               	/*debug*/	move.b	#1,(-1)
 329               	.endif
 330               	.if CPU<68010
 331 0302 2E3C 0020 		move.l	#2*1024*1024,%d7		/* memmax on MINI is 2M */
 331      0000 
 332 0308 41F9 0000 		lea.l	(maxchip),%a0
 332      8000 
 333 030e 4DFA 0006 		lea.l	(mem_ret0,%pc),%a6
 334 0312 6000 04AE 		br	_memtest
 335               	mem_ret0:
 336               	.if !RETAIL
 337               	/*debug*/	move.b	#0x11,(-1)
68K GAS  startup.s 			page 11


 338               	.endif
 339 0316 200C      		move.l	%a4,%d0
 340 0318 8C80      		or.l	%d0,%d6
 341 031a 200D      		move.l	%a5,%d0
 342 031c 0480 0000 		sub.l	#maxchip,%d0
 342      8000 
 343 0322 8C80      		or.l	%d0,%d6
 344               	/*  D6 must be zero at this point else we have a memory error
 345               	 in the lowest 32K; the system is considered unusable.    */
 346               	.endif
 347               	
 348               		
 349               	# clear the C-program .BSS area
 350 0324 41F9 0000 		lea.l	_end,%a0
 350      0000 
 351 032a 2408      		move.l	%a0,%d2
 352 032c 43F9 0000 		lea.l	__bss_start,%a1
 352      0000 
 353 0332 91C9      		sub.l	%a1,%a0
 354 0334 2008      		move.l	%a0,%d0
 355 0336 6002      		br.s	zap_bss
 356               	zap_loop:
 357 0338 4219      		clr.b	(%a1)+
 358               	zap_bss:
 359 033a 51C8 FFFC 		dbra	%d0,zap_loop
 360               	
 361 033e 23C2 0000 		move.l	%d2,mem_chain	/* for malloc */
 361      0000 
 362 0344 23C7 0000 		move.l	%d7,memmax	/* finally set memmax */
 362      0000 
 363 034a 23C5 0000 		move.l	%d5,reset_code	/* garbage or flag */
 363      0000 
 364 0350 201F      		move.l	(%sp)+,%d0
 365 0352 13C0 0000 		move.b	%d0,uart_type	/* save for later */
 365      0000 
 366               		
 367               	/* go to fill this in */
 368               	        .globl  _ctype_
 369 0358 41F9 0000 	        lea.l   _ctype_+1,%a0
 369      0000 
 370 035e 23C8 0000 	        move.l  %a0,__ctype_ptr
 370      0000 
 371               	
 372               	/* but "main68" changes this status */
 373 0364 4279 0000 		clr.w	debug		/* no comments */
 373      0000 
 374               	
 375               	.if !RETAIL
 376               	/*debug*/	move.b	#2,(-1)
 377               	.endif
 378 036a 6100 0000 		bsr	get_nvram
 379               	
 380               	.if !RETAIL
 381               	/*debug*/	move.b	#3,(-1)
 382               	.endif
 383 036e 6100 0000 		bsr	sio_init
 384               	
68K GAS  startup.s 			page 12


 385               	.if !RETAIL
 386               	.if 0
 387               		move.l	(%sp)+,%d0
 388               		bsr	lout
 389               	.endif
 390               		clr.l	%d0
 391               		move.b	(-1),%d0
 392               		eor.b	#0xFF,%d0
 393               		jbeq	bg001
 394               		eor.b	#0xFF,%d0
 395               		and.b	#7,%d0
 396               	bg001:
 397               		move.w	%d0,debug
 398               	.endif
 399               	
 400               	
 401               	.if !RETAIL
 402               	/*debug*/	move.b	#4,(-1)
 403               	.endif
 404 0372 6100 FF0A 		bsr	crlf
 405               	
 406               	.if !RETAIL
 407               	/*debug*/	move.b	#5,(-1)
 408               	.endif
 409               	.if CPU<68010
 410 0376 4A86      		tst.l	%d6
 411 0378 6600 0388 		bne	low_32k_memory_error
 412               	.endif
 413               	
 414               	/*  Put out the initial Welcome Message */
 415               	
 416 037c 41F9 0000 		lea	msg_welcome,%a0
 416      0000 
 417 0382 6100 0000 		bsr	put_string
 418 0386 41FA FC80 		lea	msg_copyright,%a0
 419 038a 6100 0000 		bsr	put_string
 420               	
 421               	.if !RETAIL
 422               	/*debug*/	move.b	#6,(-1)
 423               	.endif
 424               	
 425 038e 2E39 0000 		move.l	memmax,%d7
 425      0000 
 426 0394 6100 047E 		jbsr	size_ram
 427 0398 23C0 0000 		move.l	%d0,h_m_a
 427      0000 
 428               	
 429               	
 430 039e 49F9 0000 		lea	reset_code,%a4
 430      0000 
 431 03a4 2A14      		move.l	(%a4),%d5	/* code when we started */
 432 03a6 203C 3456 		move.l	#FLAG_RESET,%d0
 432      789A 
 433 03ac 2880      		move.l	%d0,(%a4)
 434               	
 435 03ae BA80      		cmp.l	%d0,%d5 /* check for a restart during the mem clear */
 436 03b0 6612      		jbne	no_big_memtest
68K GAS  startup.s 			page 13


 437               	
 438 03b2 4294      		clr.l	(%a4)		/* defeat a second reset */
 439 03b4 41FA FE83 		lea	msg_reset,%a0
 440 03b8 4EB9 0000 		jbsr	put_string
 440      0000 
 441               	/* put the call to the big memory test program here */
 442               	
 443 03be 4EB9 0000 		jbsr	DRAM_tests		/* this is in 'memtest3.s'  */
 443      0000 
 444               		
 445               	no_big_memtest:
 446               	
 447 03c4 41F9 0000 		lea	msg_GNU_license,%a0
 447      0000 
 448 03ca 6100 0000 		bsr	put_string
 449               	
 450 03ce 41FA FDB0 		lea	msg_test1(%pc),%a0
 451 03d2 6100 0000 		bsr	put_string
 452               	
 453               	
 454               	
 455               	/* Set up the Exception Vectors */
 456               	
 457               	
 458               	.if !RETAIL
 459               	/*debug*/	move.b	#6,(-1)
 460               	.endif
 461 03d6 43FA FC28 		lea	location_zero(%pc),%a1
 462 03da 4280      		clr.l	%d0
 463 03dc 2440      		move.l	%d0,%a2
 464 03de 24D9      		move.l	(%a1)+,(%a2)+
 465 03e0 24D1      		move.l	(%a1),(%a2)+
 466               		
 467 03e2 43FA FCA4 		lea	vector_2(%pc),%a1
 468               	n_vectors	=	(vector_final - vector_2) / 4
 469 03e6 323C 003B 		move.w	#n_vectors-2-1,%d1
 470               	set_vector:
 471 03ea 24D9      		move.l	(%a1)+,(%a2)+
 472 03ec 51C9 FFFC 		dbra	%d1,set_vector
 473               	.if CPU>=68020
 474               		movec	%d0,%vbr
 475               	.endif
 476               	
 477               	
 478               		
 479               	/* KISS:  A2 is the address beyond the exception vectors */
 480               	/* MINI:  need to set A2 beyond the .BSS  */
 481               	.if CPU<68020
 482 03f0 45F9 0000 		lea.l	(_end),%a2
 482      0000 
 483               	.endif
 484 03f6 2639 0000 		move.l	h_m_a,%d3	/* get highest address */
 484      0000 
 485 03fc 968A      		sub.l	%a2,%d3		/* D3 is byte count in RAM */
 486 03fe E48B      		lsr.l	#2,%d3		/* D3 is long count in RAM */
 487 0400 6004      		jbra	zz2
 488               		
68K GAS  startup.s 			page 14


 489 0402 4843      	zz0:	swap	%d3
 490 0404 429A      	zz1:	clr.l	(%a2)+
 491 0406 51CB FFFC 	zz2:	dbra	%d3,zz1	
 492 040a 4843      		swap	%d3
 493 040c 51CB FFF4 		dbra	%d3,zz0
 494               	
 495               		
 496               	/* moved from up above */
 497 0410 41FA FDC9 		lea	msg_test2(%pc),%a0
 498 0414 6100 0000 		bsr	put_string
 499 0418 4280      		clr.l	%d0
 500 041a 6100 FE6A 		jbsr	adout
 501 041e 41FA FDCF 		lea	msg_to(%pc),%a0
 502 0422 6100 0000 		bsr	put_string
 503 0426 2039 0000 		move.l	h_m_a,%d0
 503      0000 
 504 042c 6100 FE58 		bsr	adout
 505 0430 41FA FDC2 		lea	msg_blanks(%pc),%a0
 506 0434 6100 0000 		bsr	put_string
 507 0438 6100 FE44 		bsr	crlf
 508               	
 509 043c 4294      		clr.l	(%a4)		/* clear the reset_code */
 510               		
 511               	
 512               	/* now initialize the NS32202 interrupt controller (PIC) */
 513               		.globl	ns202_init2
 514 043e 6100 0000 		bsr	ns202_init2
 515 0442 027C F8FF 	     	and.w	#~0x0700,%sr	/* enable interrupts */
 516               	.if !RETAIL
 517               	/*debug*/	move.b	#7,(-1)
 518               	.endif
 519               	
 520 0446 6100 0000 		bsr	sio_get
 521 044a 2F00      		move.l	%d0,-(%sp)	/* push argument, possible an 's' */
 522               		.globl	setup
 523 044c 4EB9 0000 		jsr	setup
 523      0000 
 524 0452 588F      		add.l	#4,%sp		/* discard argument */
 525               	
 526               		.globl	configure
 527 0454 4EB9 0000 		jsr	configure	/* go configure based on NVRAM */
 527      0000 
 528               		
 529               		.globl	main68
 530 045a 4EB9 0000 		jsr	main68
 530      0000 
 531               	/* any return from MAIN comes here */
 532               	      	.globl	_exit
 533               	_exit:
 534 0460 2F00      		move.l	%d0,-(%sp)
 535               	__exit:				/* return code is at top of stack */
 536 0462 487A 0012 		pea	fmt9(%pc)
 537 0466 6100 0000 		bsr	cprintf
 538 046a 508F      		add.l	#8,%sp
 539               	/* now STOP, we are all done here */
 540 046c 4E72 2701 	stop0:	stop	#0x2701
 541 0470 60FA      		br.s	stop0		/* loop on NMI */
68K GAS  startup.s 			page 15


 542               	/* only a hardware RESET gets us beyond here */
 543               	
 544               	     	.globl	exit
 545 0472 588F      	exit:	add.l	#4,%sp		/* remove return address */
 546 0474 60EC      		br.s	__exit		/* leave return code on stack */
 547               	
 548               	
 549               	fmt9:
 550 0476 0A45 7869 		.ascii	"\nExit code = 0x%02x\n"
 550      7420 636F 
 550      6465 203D 
 550      2030 7825 
 550      3032 780A 
 551 048a 4249 4F53 		.asciz	"BIOSystem shutdown.\n"
 551      7973 7465 
 551      6D20 7368 
 551      7574 646F 
 551      776E 2E0A 
 552               	
 553               	
 554 049f 00        		.even
 555               	exception_2:
 556 04a0 3F3C 0002 		move.w	#2,-(%sp)
 557 04a4 6000 0150 		br	exception_AB
 558               	exception_3:
 559 04a8 3F3C 0003 		move.w	#3,-(%sp)
 560 04ac 6000 0148 		br	exception_AB
 561               	exception_4:
 562 04b0 3F3C 0004 		move.w	#4,-(%sp)
 563 04b4 6000 01A0 		br	exception
 564               	exception_5:
 565 04b8 3F3C 0005 		move.w	#5,-(%sp)
 566 04bc 6000 0198 		br	exception
 567               	exception_6:
 568 04c0 3F3C 0006 		move.w	#6,-(%sp)
 569 04c4 6000 0190 		br	exception
 570               	exception_7:
 571 04c8 3F3C 0007 		move.w	#7,-(%sp)
 572 04cc 6000 0188 		br	exception
 573               	exception_8:
 574 04d0 3F3C 0008 		move.w	#8,-(%sp)
 575 04d4 6000 0180 		br	exception
 576               	exception_9:
 577 04d8 3F3C 0009 		move.w	#9,-(%sp)
 578 04dc 6000 0178 		br	exception
 579               	exception_10:
 580 04e0 3F3C 000A 		move.w	#10,-(%sp)
 581 04e4 6000 0170 		br	exception
 582               	exception_11:
 583 04e8 3F3C 000B 		move.w	#11,-(%sp)
 584 04ec 6000 0168 		br	exception
 585               	exception_12:
 586 04f0 3F3C 000C 		move.w	#12,-(%sp)
 587 04f4 6000 0160 		br	exception
 588               	exception_13:
 589 04f8 3F3C 000D 		move.w	#13,-(%sp)
 590 04fc 6000 0158 		br	exception
68K GAS  startup.s 			page 16


 591               	exception_14:
 592 0500 3F3C 000E 		move.w	#14,-(%sp)
 593 0504 6000 0150 		br	exception
 594               	exception_15:
 595 0508 3F3C 000F 		move.w	#15,-(%sp)
 596 050c 6000 0148 		br	exception
 597               	
 598               	msg_except:
 599 0510 4578 6365 		.ascii	"Exception 0x\0"
 599      7074 696F 
 599      6E20 3078 
 599      00
 600               	
 601               	fmtregs:
 602 051d 0A53 5220 		.ascii	"\nSR %04hx\n"
 602      2530 3468 
 602      780A 
 603 0527 4430 2025 		.ascii	"D0 %08lx   "
 603      3038 6C78 
 603      2020 20
 604 0532 4431 2025 		.ascii	"D1 %08lx   "
 604      3038 6C78 
 604      2020 20
 605 053d 4432 2025 		.ascii	"D2 %08lx   "
 605      3038 6C78 
 605      2020 20
 606 0548 4433 2025 		.ascii	"D3 %08lx\n"
 606      3038 6C78 
 606      0A
 607 0551 4434 2025 		.ascii	"D4 %08lx   "
 607      3038 6C78 
 607      2020 20
 608 055c 4435 2025 		.ascii	"D5 %08lx   "
 608      3038 6C78 
 608      2020 20
 609 0567 4436 2025 		.ascii	"D6 %08lx   "
 609      3038 6C78 
 609      2020 20
 610 0572 4437 2025 		.ascii	"D7 %08lx\n"
 610      3038 6C78 
 610      0A
 611 057b 4130 2025 		.ascii	"A0 %08lx   "
 611      3038 6C78 
 611      2020 20
 612 0586 4131 2025 		.ascii	"A1 %08lx   "
 612      3038 6C78 
 612      2020 20
 613 0591 4132 2025 		.ascii	"A2 %08lx   "
 613      3038 6C78 
 613      2020 20
 614 059c 4133 2025 		.ascii	"A3 %08lx\n"
 614      3038 6C78 
 614      0A
 615 05a5 4134 2025 		.ascii	"A4 %08lx   "
 615      3038 6C78 
 615      2020 20
 616 05b0 4135 2025 		.ascii	"A5 %08lx   "
68K GAS  startup.s 			page 17


 616      3038 6C78 
 616      2020 20
 617 05bb 4136 2025 		.ascii	"A6 %08lx   "
 617      3038 6C78 
 617      2020 20
 618 05c6 5350 2025 		.asciz	"SP %08lx\n"
 618      3038 6C78 
 618      0A00 
 619               	
 620               	fmtstack:
 621 05d0 2025 3038 		.asciz	" %08lx %08lx %08lx %08lx %08lx %08lx\n"
 621      6C78 2025 
 621      3038 6C78 
 621      2025 3038 
 621      6C78 2025 
 622               	
 623               	
 624               		.even
 625               	exception_AB:
 626 05f6 48E7 FFFF 		movm.l	%d0-%d7/%a0-%a7,-(%sp)
 627 05fa 54AF 003C 		add.l	#2,60(%sp)		/* compensate */
 628               	/***	move.w	%sr,%d0		***/
 629               	.if CPU<68010
 630 05fe 302F 004A 		move.w	74(%sp),%d0
 631               	.else
 632               		move.w	66(%sp),%d0		/* SR at time of trap */
 633               	.endif
 634 0602 2F00      		move.l	%d0,-(%sp)
 635 0604 487A FF17 		pea	fmtregs(%pc)
 636 0608 4EB9 0000 		jsr	cprintf
 636      0000 
 637 060e DFFC 0000 		add.l	#4*18,%sp
 637      0048 
 638 0614 3E1F      		move.w	(%sp)+,%d7
 639               	
 640 0616 41FA FEF8 		lea	msg_except(%pc),%a0
 641 061a 6100 0000 		bsr	put_string
 642 061e 1007      		move.b	%d7,%d0
 643 0620 6100 FC78 		bsr	bout
 644 0624 6100 FC58 		bsr	crlf
 645               	# end of  Exception 0x??
 646 0628 200F      		move.l	%sp,%d0
 647 062a 6100 FC62 		bsr	lout
 648 062e 103C 003A 		move.b	#':',%d0
 649 0632 6100 0000 		bsr	sio_put
 650 0636 6100 FC3E 		bsr	space
 651               	
 652 063a 301F      		move.w	(%sp)+,%d0
 653 063c 6100 FC56 		bsr	wout
 654 0640 6100 FC34 		bsr	space
 655               	
 656 0644 2017      		move.l	(%sp),%d0
 657 0646 6100 FC46 		bsr	lout
 658 064a 6100 FC2A 		bsr	space
 659               	
 660 064e 301F      		move.w	(%sp)+,%d0
 661 0650 6100 FC42 		bsr	wout
68K GAS  startup.s 			page 18


 662 0654 6040      		br.s	econtinue
 663               	
 664               	exception:
 665 0656 48E7 FFFF 		movm.l	%d0-%d7/%a0-%a7,-(%sp)
 666 065a 54AF 003C 		add.l	#2,60(%sp)			/* compensate */
 667               	
 668               	###	move.w	%sr,%d0
 669 065e 302F 0042 		move.w	66(%sp),%d0		/* SR at time of trap */
 670 0662 2F00      		move.l	%d0,-(%sp)
 671 0664 487A FEB7 		pea	fmtregs(%pc)
 672 0668 4EB9 0000 		jsr	cprintf
 672      0000 
 673 066e DFFC 0000 		add.l	#4*18,%sp
 673      0048 
 674 0674 3E1F      		move.w	(%sp)+,%d7
 675               	
 676 0676 41FA FE98 		lea	msg_except(%pc),%a0
 677 067a 6100 0000 		bsr	put_string
 678 067e 1007      		move.b	%d7,%d0
 679 0680 6100 FC18 		bsr	bout
 680 0684 6100 FBF8 		bsr	crlf
 681               	# end of  Exception 0x??
 682 0688 200F      		move.l	%sp,%d0
 683 068a 6100 FC02 		bsr	lout
 684 068e 103C 003A 		move.b	#':',%d0
 685 0692 6100 0000 		bsr	sio_put
 686               	econtinue:
 687 0696 6100 FBDE 		bsr	space
 688 069a 301F      		move.w	(%sp)+,%d0
 689 069c 6100 FBF6 		bsr	wout
 690               	.if 1
 691 06a0 487A FF2E 		pea	fmtstack(%pc)
 692 06a4 4EB9 0000 		jsr	cprintf
 692      0000 
 693 06aa 588F      		add.l	#4,%sp
 694               	.else
 695               		bsr	space
 696               		move.l	(%sp),%d0
 697               		bsr	lout
 698               		bsr	crlf
 699               	# end of line 1
 700               	
 701               	.endif
 702 06ac 205F      		move.l	(%sp)+,%a0
 703 06ae 41E8 FFF4 		lea.l	(-12,%a0),%a0
 704 06b2 2008      		move.l	%a0,%d0
 705 06b4 6100 FBD8 		bsr	lout
 706 06b8 103C 003A 		move.b	#':',%d0
 707 06bc 6100 0000 		bsr	sio_put
 708 06c0 6100 FBB4 		bsr	space
 709               	
 710 06c4 323C 0005 		move.w	#5,%d1
 711               	eloop:	
 712 06c8 3018      		move.w	(%a0)+,%d0
 713 06ca 6100 FBC8 		bsr	wout
 714 06ce 6100 FBA6 		bsr	space
 715 06d2 51C9 FFF4 		dbra	%d1,eloop
68K GAS  startup.s 			page 19


 716               	
 717 06d6 103C 003A 		move.b	#':',%d0
 718 06da 6100 0000 		bsr	sio_put
 719 06de 6100 FB96 		bsr	space
 720               	
 721 06e2 323C 0003 		move.w	#3,%d1
 722               	eloop2:
 723 06e6 3018      		move.w	(%a0)+,%d0
 724 06e8 6100 FBAA 		bsr	wout
 725 06ec 6100 FB88 		bsr	space
 726 06f0 51C9 FFF4 		dbra	%d1,eloop2
 727 06f4 6100 FB88 		bsr	crlf
 728               	
 729 06f8 6000 0002 		br	exception_stop
 730               	
 731               	exception_trap:
 732               	/*	former write to the Lites here */
 733               	exception_stop:
 734 06fc 4E72 2701 		stop	#0x2701
 735 0700 60FA      		br.s	exception_trap
 736               	
 737               	.if CPU<68010
 738               	low_32k_memory_error:
 739 0702 41FA FAFB 		lea	msg_low_32k_err(%pc),%a0
 740 0706 6100 0000 		bsr	put_string
 741 070a 6000 FFF0 		br	exception_trap
 742               	.endif
 743               	
 744               	# Swap all the bytes in a long
 745               	
 746               		.even
 747               		.globl	bswap
 748               	bswap:
 749               	lswap:
 750 070e 202F 0004 		move.l	4(%sp),%d0
 751 0712 E058      		ror.w	#8,%d0
 752 0714 4840      		swap	%d0
 753 0716 E058      		ror.w	#8,%d0
 754 0718 4E75      		rts
 755               	
 756               	# Swap the bytes in a short
 757               		.even
 758               		.globl	wswap
 759               	wswap:
 760 071a 302F 0006 		move.w	4+2(%sp),%d0
 761 071e E058      		ror.w	#8,%d0
 762 0720 4E75      		rts
 763               	
 764               	/* Run in User/Supervisor Mode
 765               	/*
 766               	/*	void _run_us_mode(word mode, (void*)pc, long usp, long ssp);
 767               			mode == 0 user mode
 768               			mode >= 1 supervisor mode
 769               			
 770               	*/
 771               		.globl	_run_us_mode	
 772               	_run_us_mode:
68K GAS  startup.s 			page 20


 773               	
 774               	.if 0
 775               	#	move.l	h_m_a,%a0
 776               		move.l	#0x1000,%a0
 777               		move.l	%a0,%usp		/* set user stack pointer */
 778               		move.l	(%sp)+,%d0		/* pop the return address */
 779               		move.l	(%sp)+,%d0		/* pop the mode option */
 780               	.if CPU>=68010
 781               		move.l	(%sp)+,%d1		/* pop the starting address */
 782               	.endif
 783               		or.w	%d0,%d0
 784               		beq.s	_user_mode
 785               		move.w	#0x2000,%d0		/* set supervisor mode */
 786               	_user_mode:
 787               	.if CPU>=68010
 788               		move.w	#0,-(%sp)		/* stack frame type $0 */
 789               		move.l	%d1,-(%sp)		/* starting address */
 790               	.endif
 791               	.else
 792               	
 793               	
 794 0722 4CDF 0307 		movem.l	(%sp)+,%d0-%d2/%a0-%a1	/* get return + all the arguments */
 795 0726 2E49      		move.l	%a1,%sp			/* set new SSP */
 796 0728 4E60      		move.l	%a0,%usp		/* set new USP */
 797               	.if CPU>=68010
 798               		move.w	#0,-(%sp)		/* stack frame type 0 */
 799               	.endif
 800 072a 2F02      		move.l	%d2,-(%sp)		/* starting address */
 801 072c 3001      		move.w	%d1,%d0			/* test D0 result */
 802 072e 6704      		beq.s	_user_mode
 803 0730 303C 2000 		move.w	#0x2000,%d0		/* set supervisor mode */
 804               	_user_mode:
 805               	.endif
 806 0734 3F00      		move.w	%d0,-(%sp)		/* S_bit = "mode", CCR = 0	*/
 807               	/* now clear everything */
 808 0736 4280      		clr.l	%d0
 809 0738 4281      		clr.l	%d1
 810 073a 4282      		clr.l	%d2
 811 073c 4283      		clr.l	%d3
 812 073e 4284      		clr.l	%d4
 813 0740 4285      		clr.l	%d5
 814 0742 4286      		clr.l	%d6
 815 0744 4287      		clr.l	%d7
 816 0746 2047      		move.l	%d7,%a0
 817 0748 2247      		move.l	%d7,%a1
 818 074a 2447      		move.l	%d7,%a2
 819 074c 2647      		move.l	%d7,%a3
 820 074e 2847      		move.l	%d7,%a4
 821 0750 2A47      		move.l	%d7,%a5
 822 0752 2C47      		move.l	%d7,%a6
 823 0754 4E73      		rte				/* load SR + PC  */
 824               	/* user mode program must terminate with an EXIT bios call */
 825               		
 826               	
 827               	
 828               	
 829               	/* the below is for debugging */
68K GAS  startup.s 			page 21


 830               	
 831               	dwdump:
 832 0756 103C 0020 		move.b	#' ',%d0
 833 075a 6100 0000 		bsr	sio_put
 834 075e 2018      		move.l	(%a0)+,%d0
 835 0760 6100 FB2C 		bsr	dout
 836 0764 4E75      		rts
 837               	
 838               		.globl	stackdump
 839               	stackdump:
 840 0766 2F00      		move.l	%d0,-(%sp)
 841 0768 2F08      		move.l	%a0,-(%sp)
 842               	
 843 076a 41EF 000C 		lea	12(%sp),%a0
 844 076e 3008      		move	%a0,%d0
 845 0770 6100 FB1C 		bsr	dout
 846 0774 103C 003A 		move.b	#':',%d0
 847 0778 6100 0000 		bsr	sio_put
 848               	
 849 077c 6100 FFD8 		bsr	dwdump
 850 0780 6100 FFD4 		bsr	dwdump
 851 0784 6100 FFD0 		bsr	dwdump
 852 0788 6100 FFCC 		bsr	dwdump
 853 078c 6100 FFC8 		bsr	dwdump
 854 0790 6100 FFC4 		bsr	dwdump
 855 0794 6100 FAE8 		bsr	crlf
 856               	
 857 0798 205F      		move.l	(%sp)+,%a0
 858 079a 201F      		move.l	(%sp)+,%d0
 859 079c 4E75      		rts
 860               	
 861               		.globl	regdump
 862               	regdump:
 863 079e 48E7 C0C0 		movm.l	%d0/%d1/%a0/%a1,-(%sp)
 864               	
 865 07a2 48E7 FFFF 		movm.l	%d0-%d7/%a0-%a7,-(%sp)
 866 07a6 40C0      		move.w	%sr,%d0
 867 07a8 48E7 8000 		movm.l	%d0,-(%sp)
 868 07ac 487A FD6F 		pea	fmtregs(%pc)
 869 07b0 4EB9 0000 		jsr	cprintf
 869      0000 
 870 07b6 DFFC 0000 		add.l	#4*18,%sp
 870      0048 
 871               	
 872 07bc 4CDF 0303 		movm.l	(%sp)+,%d0/%d1/%a0/%a1
 873 07c0 4E75      		rts
 874               	
 875               		
 876               	
 877               	
 878               	
 879               	############################################################
 880               	############################################################
 881               	############################################################
 882               	############################################################
 883               	############################################################
 884               	.if CPU<68010
68K GAS  startup.s 			page 22


 885               	.include  "memtest.s"
   1               	#  memtest.s
   2               	/*
   3               		Copyright (C) 2011,2016 John R. Coffman.
   4               		Licensed for hobbyist use on the N8VEM baby M68k CPU board.
   5               	***********************************************************************
   6               	
   7               	    This program is free software: you can redistribute it and/or modify
   8               	    it under the terms of the GNU General Public License as published by
   9               	    the Free Software Foundation, either version 3 of the License, or
  10               	    (at your option) any later version.
  11               	
  12               	    This program is distributed in the hope that it will be useful,
  13               	    but WITHOUT ANY WARRANTY; without even the implied warranty of
  14               	    MERCHANTABILITY or FITNESS FOR A PARTICULAR PURPOSE.  See the
  15               	    GNU General Public License for more details.
  16               	
  17               	    You should have received a copy of the GNU General Public License
  18               	    in the file COPYING in the distribution directory along with this
  19               	    program.  If not, see <http://www.gnu.org/licenses/>.
  20               	
  21               	**********************************************************************/
  22               	#
  23               	#maxaddr		=	2*1024*1024
  24               	maxchip		=	32*1024
  25               	#maxcount	=	maxaddr/maxchip
  26               	chiplong	=	maxchip/4
  27               	
  28               	/*
  29               	Memory test for the MINI-M68k CPU/memory board
  30               	
  31               	   Enter with:
  32               		A0 is the highest address to test + 1
  33               		A6 is the return address
  34               		D5 is the save of the reset_code
  35               	
  36               	   Returns:
  37               	   	D5 is unchanged
  38               		D6 is the compare failure count (>0 is okay)
  39               		A4 is the lowest address tested (should be 0)
  40               		A5 is the highest address okay + 1
  41               	
  42               	*/
  43               	
  44               		.globl	_memtest
  45               		
  46               	_memtest:
  47               	
  48 07c2 4286      		clr.l	%d6
  49               	
  50 07c4 2408      		move.l	%a0,%d2
  51               	/* assume that maxchip is 32k */
  52 07c6 E08A      		lsr.l	#8,%d2
  53 07c8 EE8A      		lsr.l	#7,%d2		/* D2 >> 15 is count of 32K regions to test */
  54 07ca 5342      		sub.w	#1,%d2
  55               	
  56 07cc 6702      		beq.s	l0
68K GAS  startup.s 			page 23


  57 07ce 5342      		sub.w	#1,%d2
  58               	l0:
  59               	
  60 07d0 2A48      		move.l	%a0,%a5
  61 07d2 283C 12ED 		move.l	#0x12EDB748,%d4
  61      B748 
  62               	
  63               	l1:
  64 07d8 363C 1FFF 		move.w	#chiplong-1,%d3
  65 07dc 2248      		move.l	%a0,%a1
  66               	
  67               	#	move.l	%a1,%d0
  68               	#	bsr	lout
  69               	
  70               	# fill loop
  71               	l12:
  72 07de 2304      		move.l	%d4,-(%a1)
  73 07e0 51CB FFFC 		dbra.w	%d3,l12
  74               	
  75 07e4 363C 1FFF 		move.w	#chiplong-1,%d3
  76 07e8 2248      		move.l	%a0,%a1
  77               	# compare loop
  78               	l13:
  79 07ea B8A1      		cmp.l	-(%a1),%d4
  80               	
  81 07ec 56CB FFFC 		dbne.w	%d3,l13
  82 07f0 6716      		beq.s	l19
  83 07f2 2A49      		move.l	%a1,%a5
  84 07f4 5286      		add.l	#1,%d6
  85               	
  86 07f6 43E9 8004 		lea.l	-maxchip+4(%a1),%a1
  87               	l16:
  88 07fa B899      		cmp.l	(%a1)+,%d4
  89 07fc 56CB FFFC 		dbne.w	%d3,l16
  90 0800 6706      		beq.s	l19
  91 0802 4BE9 FFFC 		lea.l	-4(%a1),%a5
  92 0806 5286      		add.l	#1,%d6
  93               	l19:
  94               	
  95 0808 41E8 8000 		lea.l	-maxchip(%a0),%a0
  96 080c 51CA FFCA 	   	dbra.w	%d2,l1
  97               		
  98 0810 2848      		move.l	%a0,%a4
  99               	/* return A5 = highest address + 1
 100               		  A4 = lowest address tested	*/
 101               	
 102 0812 4ED6      		jmp	(%a6)
 103               	
 104               	
 105               	
 106               	#################################################
 107               	
 108               	
 109               	
 886               	.endif
 887               	
 888               	
68K GAS  startup.s 			page 24


 889               	
 890               			
 891               	############################################################
 892               	.include  "size_ram.s"
   1               	/*  size_ram.s  */
   2               	/*
   3               	    Enter with:
   4               		D7	absolute maximum memory size, 256Mb or 64Mb or 2Mb
   5               	
   6               	    Exit with:
   7               		D0	RAM size
   8               				should be a multiple of 512Kb on the MINI
   9               				or a multiple of 16Mb on the small (x16) KISS
  10               				or a multiple of 64Mb on the large (x64) KISS
  11               	*/
  12               	
  13               	PATTERN	   =	0x12EDB748
  14               	ROTATE	   =	5		/* should be prime */
  15               	TRY	   =	64		/* independent of data cache */
  16               	
  17               	size_ram:
  18 0814 2207      		move.l	%d7,%d1		/* D1 is the increment we'll use */
  19 0816 E889      		lsr.l	#4,%d1		/* increment will be size / 16 */
  20 0818 4280      		clr.l	%d0		/* just in case of total failure */
  21 081a 2241      		move.l	%d1,%a1		/* start testing at first increment */
  22               	sr1:	
  23 081c 6110      		jbsr	test_loc	/* test locations below A1 */
  24 081e 4A82      		tst.l	%d2		/* were there any errors? */
  25 0820 660A      		jbne	sr9		/* jump if errors */
  26 0822 2009      		move.l	%a1,%d0		/* no errors, memory is present */
  27               		
  28 0824 BE80      		cmp.l	%d0,%d7		/* did we test highest possible memory? */
  29 0826 6704      		jbeq	sr9		/* if so, exit */
  30 0828 D3C1      		add.l	%d1,%a1		/* bump to next address to test */
  31 082a 60F0      		jbra	sr1		
  32               	sr9:
  33 082c 4E75      		rts
  34               		
  35               	test_loc:
  36 082e 4282      		clr.l	%d2			/* failure count */
  37               		
  38 0830 263C 12ED 		move.l	#PATTERN,%d3
  38      B748 
  39 0836 2449      		move.l	%a1,%a2
  40 0838 383C 003F 		move.w	#TRY-1,%d4
  41               	tl1:
  42 083c 2503      		move.l	%d3,-(%a2)		/* set a pattern */
  43 083e EA9B      		ror.l	#ROTATE,%d3
  44 0840 51CC FFFA 		dbra	%d4,tl1			/* fill a number of locations */
  45               	
  46               	
  47               	/* now test for memory errors */
  48 0844 263C 12ED 		move.l	#PATTERN,%d3	
  48      B748 
  49 084a 2449      		move.l	%a1,%a2
  50 084c 383C 003F 		move.w	#TRY-1,%d4
  51               	tl2:
68K GAS  startup.s 			page 25


  52 0850 B6A2      		cmp.l	-(%a2),%d3
  53 0852 6702      		jbeq	tl3
  54 0854 5282      		add.l	#1,%d2
  55 0856 EA9B      	tl3:	ror.l	#ROTATE,%d3
  56 0858 51CC FFF6 		dbra	%d4,tl2
  57               		
  58 085c 4E75      		rts
  59               	
  60               	/* end size_ram.s */
 893               	############################################################
 894               	
 895               	
 896               	
 897               	
 898               	
 899               	
 900               	
 901               	
 902               			
 903               	############################################################
 904               	.include  "blinken.s"
   1               	/*  blinken.s  --  stuff for blinking the lights */
   2               	/*
   3               		Copyright (C) 2016 John R. Coffman.
   4               		Licensed for hobbyist use on the N8VEM baby M68k CPU board.
   5               	***********************************************************************
   6               	
   7               	    This program is free software: you can redistribute it and/or modify
   8               	    it under the terms of the GNU General Public License as published by
   9               	    the Free Software Foundation, either version 3 of the License, or
  10               	    (at your option) any later version.
  11               	
  12               	    This program is distributed in the hope that it will be useful,
  13               	    but WITHOUT ANY WARRANTY; without even the implied warranty of
  14               	    MERCHANTABILITY or FITNESS FOR A PARTICULAR PURPOSE.  See the
  15               	    GNU General Public License for more details.
  16               	
  17               	    You should have received a copy of the GNU General Public License
  18               	    in the file COPYING in the distribution directory along with this
  19               	    program.  If not, see <http://www.gnu.org/licenses/>.
  20               	
  21               	**********************************************************************/
  22               	
  23               	
  24               		.text
  25               	
  26               	.if CPU==68030
  27               	
  28               	/*  The LED flashing stuff is below */
  29               	/*  Note:
  30               		Everything is done in registers, hence, no memory
  31               		may be operational yet.
  32               	*/
  33               	
  34               	/*
  35               	   Enter with:
  36               		D5 is the Red LED 'on' time in tenths of a second
68K GAS  startup.s 			page 26


  37               		Instruction Cache enabled
  38               	
  39               	   Returns:
  40               		D5 is trashed
  41               	*/
  42               	
  43               	LED_on:
  44               		move.l	(%sp)+,%a6
  45               	_LED_on:
  46               		mulu.w	#3000,%d5
  47               		jbra	lon0
  48               	lon2:	swap	%d5
  49               	lon1:	reset
  50               	lon0:	dbra.w	%d5,lon1
  51               		swap	%d5
  52               		dbra.w	%d5,lon2
  53               		jmp	(%a6)
  54               		
  55               	
  56               	/*
  57               	   Enter with:
  58               		D5 is the Red LED 'off' time in tenths of a second
  59               		  Instruction Cache enabled
  60               	
  61               	   Returns:
  62               		D5 is trashed
  63               	*/
  64               	
  65               	LED_off:
  66               		move.l	(%sp)+,%a6
  67               	_LED_off:
  68               		mulu.l	#200000,%d5
  69               		jbra	loff0
  70               	loff2:	swap	%d5
  71               	loff1:	nop
  72               	loff0:	dbra.w	%d5,loff1
  73               		swap	%d5
  74               		dbra.w	%d5,loff2
  75               		jmp	(%a6)
  76               		
  77               	
  78               	.endif
  79               	
  80               	.if CPU<68010
  81               	
  82               	/* same for CPU on the Mini */
  83               	/* ***EXCEPT*** the LED colors are reversed */
  84               	
  85               	BL_delay = 22000
  86               	BL_stack = 0x60		/* back in the "reserved" vector area */
  87               	BL_trap  = 9		/* trap 9 is used to return to supervisor state */
  88               	BL_vector = (32+BL_trap)*4	/* trap vector location */
  89               	
  90               	/*
  91               	   Enter with:
  92               		D5 is the Green LED 'on' time in tenths of a second
  93               		A6 is the saved stack pointer
68K GAS  startup.s 			page 27


  94               	
  95               	   Returns:
  96               		D5 is trashed
  97               	*/
  98               	_LED_on:
  99 085e 027C DFFF 		and.w	#~0x2000,%sr		/* enter user mode */
 100               		
 101 0862 CAFC 55F0 		mulu.w	#BL_delay,%d5
 102 0866 6006      		jbra	lon0
 103 0868 4845      	lon2:	swap	%d5
 104 086a 4E71      	lon1:	nop
 105 086c 4E71      		nop
 106 086e 51CD FFFA 	lon0:	dbra.w	%d5,lon1
 107 0872 4845      		swap	%d5
 108 0874 51CD FFF2 		dbra.w	%d5,lon2
 109               		
 110 0878 4E49      		trap	#BL_trap	/* return via trap to supervisor mode */
 111               	
 112               	
 113               	
 114               	/*
 115               	   Enter with:
 116               		D5 is the Green LED 'off' time in tenths of a second
 117               	
 118               	   Returns:
 119               		D5 is trashed
 120               	*/
 121               	
 122               	_LED_off:
 123 087a CAFC 55F0 		mulu.w	#BL_delay,%d5
 124 087e 6006      		jbra	loff0
 125 0880 4845      	loff2:	swap	%d5
 126 0882 4E71      	loff1:	nop
 127 0884 4E71      		nop
 128 0886 51CD FFFA 	loff0:	dbra.w	%d5,loff1
 129 088a 4845      		swap	%d5
 130 088c 51CD FFF2 		dbra.w	%d5,loff2
 131 0890 4ED6      		jmp	(%a6)
 132               	
 133               	.endif
 134               	
 135               	
 136               	/*  Blink
 137               		skip if (switches) bit 5 set
 138               	
 139               	
 140               	   Enter with:
 141               		D0.w	blink count
 142               		A5	return address
 143               	
 144               	   Returns:
 145               		D0 is trashed
 146               		D5 is trashed
 147               		A5 used for calls, hence, trashed
 148               		A6 ditto
 149               	*/
 150               	
68K GAS  startup.s 			page 28


 151               	Blink:
 152 0892 2A5F      		move.l	(%sp)+,%a5
 153               	_Blink:
 154               	#	btst	#5,(switches).w
 155               	#	jbne	blink9			/* skip if switch set */
 156               	
 157 0894 6024      		jbra	blink0
 158               	blink1:
 159 0896 7A03      		move.l	#3,%d5			/* 0.3 sec off */
 160 0898 4DFA 0004 		lea	(bld1,%pc),%a6		/* JSR LED_off */
 161 089c 60DC      		jbra	_LED_off
 162 089e 7A05      	bld1:	move.l	#5,%d5			/* 0.5 sec on */
 163 08a0 4DFA 000E 		lea	(bld2,%pc),%a6
 164               	.if CPU==68030
 165               		jbra	_LED_on
 166               	bld2:
 167               	.else
 168 08a4 21CE 00A4 		move.l	%a6,(BL_vector)
 169 08a8 2C4F      		move.l	%sp,%a6			/* save SSP */
 170 08aa 3E7C 0060 		move.w	#0x60,%sp		/* use reserved traps for 3 word stack */
 171 08ae 60AE      		jbra	_LED_on
 172               	bld2: /* return via trap #9 */
 173 08b0 2E4E      		move.l	%a6,%sp			/* restore stack pointer */
 174               	.endif
 175 08b2 7A03      		move.l	#3,%d5	      		/* 0.3 sec off */
 176 08b4 4DFA 0004 		lea	(bld3,%pc),%a6
 177 08b8 60C0      		jbra	_LED_off
 178               	bld3:
 179               	blink0:
 180 08ba 51C8 FFDA 		dbra.w	%d0,blink1
 181               	blink9:
 182 08be 4ED5      		jmp	(%a5)
 183               	
 184               	
 185               	
 186               	
 187               	
 188               	
 189               	/*  Access the Debug board  */
 190               	.if !RETAIL
 191               	
 192               	.if 0
 193               		int lites(int val);	/* the 8-bit light value is put out */
 194               		int switches();		/* the 8-bit value in the switches is read */
 195               	.endif
 196               	
 197               	
 198               	/* device codes */ 
 199               	LITES = 0xFFFFF0FF
 200               	SWITCHES = LITES
 201               	
 202               		.globl	lites
 203               		.globl	switches
 204               	
 205               	lites:	move.b	7(%sp),(LITES)		/* move from the stack to the lights */
 206               		rts
 207               	
68K GAS  startup.s 			page 29


 208               	switches:
 209               		clr.l	%d0
 210               		move.b	(SWITCHES),%d0		/* return as a long int */
 211               		ext.w	%d0
 212               		ext.l	%d0
 213               		rts
 214               	
 215               	.endif
 216               	
 217               	/* end of  blinken.s  */
 218               	
 219               	
 905               	############################################################
 906               	
 907               		.end
68K GAS  startup.s 			page 30


DEFINED SYMBOLS
                            *ABS*:000109a0 CPU
                            *ABS*:00000001 RETAIL
             mfpic.s:23     *ABS*:00000001 _mfpic_s
             mfpic.s:26     *ABS*:00000040 mf_pic
             mfpic.s:29     *ABS*:ffff8000 BOARD_BASE_IO
             mfpic.s:32     *ABS*:ffff8040 mfpic_base
             mfpic.s:34     *ABS*:ffff8048 mf_sio
             mfpic.s:35     *ABS*:ffff8044 mf_ppi
             mfpic.s:36     *ABS*:ffff8043 mf_rtc
             mfpic.s:37     *ABS*:ffff8042 mf_cfg
             mfpic.s:38     *ABS*:ffff8040 mf_202
               ppi.s:24     *ABS*:00000001 _ppi_s
               ppi.s:29     *ABS*:00000000 portA_o
               ppi.s:30     *ABS*:00000001 portB_o
               ppi.s:31     *ABS*:00000002 portC_o
               ppi.s:32     *ABS*:00000003 portCTRL_o
               ppi.s:35     *ABS*:ffff8044 portA
               ppi.s:36     *ABS*:ffff8045 portB
               ppi.s:37     *ABS*:ffff8046 portC
               ppi.s:38     *ABS*:ffff8047 portCTRL
          biostrap.s:26     *ABS*:00000008 bios
          biostrap.s:27     *ABS*:00000008 BIOS
          biostrap.s:51     *ABS*:00000002 sioput
          biostrap.s:52     *ABS*:00000003 siostr
          biostrap.s:54     *ABS*:00000004 sioget
          biostrap.s:55     *ABS*:00000005 siotst
          biostrap.s:58     *ABS*:00000006 cpuhma
          biostrap.s:60     *ABS*:00000007 cpustop
          biostrap.s:61     *ABS*:00000008 hma_alloc
          biostrap.s:64     *ABS*:0000000a disk_reset
          biostrap.s:65     *ABS*:0000000b disk_info
          biostrap.s:66     *ABS*:0000000c disk_read
          biostrap.s:67     *ABS*:0000000d disk_write
          biostrap.s:68     *ABS*:0000000e disk_verify
          biostrap.s:70     *ABS*:0000000f disk_format
          biostrap.s:75     *ABS*:00000014 day_time
                            *COM*:00000004 h_m_a
                            *COM*:00000004 memmax
                            *COM*:00000004 __ctype_ptr
                            *COM*:00000004 mem_chain
                            *COM*:00000004 reset_code
                            *COM*:00000020 nvram
                            *COM*:00000002 debug
                            *COM*:00000001 uart_type
           startup.s:46     *ABS*:00000007 ERR_SRAM_DATA_PATH_1
           startup.s:47     *ABS*:00000006 ERR_SRAM_DATA_PATH_2
           startup.s:48     *ABS*:00000005 ERR_SRAM_BIT_TEST
           startup.s:49     *ABS*:00000004 ERR_UART_NOT_FOUND
           startup.s:55     *ABS*:3456789a FLAG_RESET
           startup.s:63     .text:00000000 location_zero
           startup.s:274    .text:000002d8 _start
           startup.s:195    .text:00000276 space
           startup.s:198    .text:0000027e crlf
           startup.s:75     .text:00000008 msg_copyright
           startup.s:79     .text:00000085 mcrlf
           startup.s:84     .text:00000088 vector_2
68K GAS  startup.s 			page 31


           startup.s:555    .text:000004a0 exception_2
           startup.s:558    .text:000004a8 exception_3
           startup.s:561    .text:000004b0 exception_4
           startup.s:564    .text:000004b8 exception_5
           startup.s:567    .text:000004c0 exception_6
           startup.s:570    .text:000004c8 exception_7
           startup.s:573    .text:000004d0 exception_8
           startup.s:576    .text:000004d8 exception_9
           startup.s:579    .text:000004e0 exception_10
           startup.s:582    .text:000004e8 exception_11
           startup.s:585    .text:000004f0 exception_12
           startup.s:588    .text:000004f8 exception_13
           startup.s:591    .text:00000500 exception_14
           startup.s:594    .text:00000508 exception_15
           startup.s:100    .text:000000c0 vector_16
           startup.s:119    .text:000000e0 vector_24
           startup.s:731    .text:000006fc exception_trap
           startup.s:130    .text:00000100 vector_32
           startup.s:150    .text:00000140 vector_48
           startup.s:167    .text:00000180 vector_final
           startup.s:175    .text:00000180 msg_test1
           startup.s:178    .text:000001db msg_test2
           startup.s:180    .text:000001ef msg_to
           startup.s:182    .text:000001f4 msg_blanks
           startup.s:185    .text:000001ff msg_low_32k_err
           startup.s:188    .text:00000239 msg_reset
           startup.s:221    .text:0000029a bout
           startup.s:217    .text:00000294 wout
           startup.s:213    .text:0000028e dout
           startup.s:212    .text:0000028e lout
           startup.s:225    .text:000002a0 nout
           startup.s:203    .text:00000286 adout
           startup.s:237    .text:000002bc woutD
           startup.s:232    .text:000002b4 nout2
           startup.s:247    .text:000002d0 woutD1
           startup.s:254    .text:000002d4 data_cache_flush
           startup.s:265    .text:000002d6 cpu_cache_disable
           startup.s:307    .text:000002ec uart01
           startup.s:321    .text:000002fc uart02
           blinken.s:153    .text:00000894 _Blink
                            *ABS*:00008000 maxchip
           startup.s:335    .text:00000316 mem_ret0
           memtest.s:46     .text:000007c2 _memtest
           startup.s:358    .text:0000033a zap_bss
           startup.s:356    .text:00000338 zap_loop
           startup.s:738    .text:00000702 low_32k_memory_error
          size_ram.s:17     .text:00000814 size_ram
           startup.s:445    .text:000003c4 no_big_memtest
           startup.s:468    *ABS*:0000003e n_vectors
           startup.s:470    .text:000003ea set_vector
           startup.s:491    .text:00000406 zz2
           startup.s:489    .text:00000402 zz0
           startup.s:490    .text:00000404 zz1
           startup.s:533    .text:00000460 _exit
           startup.s:535    .text:00000462 __exit
           startup.s:549    .text:00000476 fmt9
           startup.s:540    .text:0000046c stop0
68K GAS  startup.s 			page 32


           startup.s:545    .text:00000472 exit
           startup.s:625    .text:000005f6 exception_AB
           startup.s:664    .text:00000656 exception
           startup.s:598    .text:00000510 msg_except
           startup.s:601    .text:0000051d fmtregs
           startup.s:620    .text:000005d0 fmtstack
           startup.s:686    .text:00000696 econtinue
           startup.s:711    .text:000006c8 eloop
           startup.s:722    .text:000006e6 eloop2
           startup.s:733    .text:000006fc exception_stop
           startup.s:748    .text:0000070e bswap
           startup.s:749    .text:0000070e lswap
           startup.s:759    .text:0000071a wswap
           startup.s:772    .text:00000722 _run_us_mode
           startup.s:804    .text:00000734 _user_mode
           startup.s:831    .text:00000756 dwdump
           startup.s:839    .text:00000766 stackdump
           startup.s:862    .text:0000079e regdump
           memtest.s:26     *ABS*:00002000 chiplong
           memtest.s:58     .text:000007d0 l0
           memtest.s:63     .text:000007d8 l1
           memtest.s:71     .text:000007de l12
           memtest.s:78     .text:000007ea l13
           memtest.s:93     .text:00000808 l19
           memtest.s:87     .text:000007fa l16
          size_ram.s:13     *ABS*:12edb748 PATTERN
          size_ram.s:14     *ABS*:00000005 ROTATE
          size_ram.s:15     *ABS*:00000040 TRY
          size_ram.s:22     .text:0000081c sr1
          size_ram.s:35     .text:0000082e test_loc
          size_ram.s:32     .text:0000082c sr9
          size_ram.s:41     .text:0000083c tl1
          size_ram.s:51     .text:00000850 tl2
          size_ram.s:55     .text:00000856 tl3
           blinken.s:85     *ABS*:000055f0 BL_delay
           blinken.s:86     *ABS*:00000060 BL_stack
           blinken.s:87     *ABS*:00000009 BL_trap
           blinken.s:88     *ABS*:000000a4 BL_vector
           blinken.s:98     .text:0000085e _LED_on
           blinken.s:106    .text:0000086e lon0
           blinken.s:103    .text:00000868 lon2
           blinken.s:104    .text:0000086a lon1
           blinken.s:122    .text:0000087a _LED_off
           blinken.s:128    .text:00000886 loff0
           blinken.s:125    .text:00000880 loff2
           blinken.s:126    .text:00000882 loff1
           blinken.s:151    .text:00000892 Blink
           blinken.s:179    .text:000008ba blink0
           blinken.s:158    .text:00000896 blink1
           blinken.s:162    .text:0000089e bld1
           blinken.s:172    .text:000008b0 bld2
           blinken.s:178    .text:000008ba bld3
           blinken.s:181    .text:000008be blink9

UNDEFINED SYMBOLS
spurious_return
interrupt_3_timer
68K GAS  startup.s 			page 33


bios_trap_entry
msg_welcome
msg_GNU_license
sio_put
put_string
_uart_find
_end
__bss_start
_ctype_
get_nvram
sio_init
DRAM_tests
ns202_init2
sio_get
setup
configure
main68
cprintf
